#
# There is insufficient memory for the Java Runtime Environment to continue.
# Native memory allocation (malloc) failed to allocate 14759832 bytes. Error detail: Chunk::new
# Possible reasons:
#   The system is out of physical RAM or swap space
#   This process is running with CompressedOops enabled, and the Java Heap may be blocking the growth of the native heap
# Possible solutions:
#   Reduce memory load on the system
#   Increase physical memory or swap space
#   Check if swap backing store is full
#   Decrease Java heap size (-Xmx/-Xms)
#   Decrease number of Java threads
#   Decrease Java thread stack sizes (-Xss)
#   Set larger code cache with -XX:ReservedCodeCacheSize=
#   JVM is running with Zero Based Compressed Oops mode in which the Java heap is
#     placed in the first 32GB address space. The Java Heap base address is the
#     maximum limit for the native heap growth. Please use -XX:HeapBaseMinAddress
#     to set the Java Heap base and to place the Java Heap above 32GB virtual address.
# This output file may be truncated or incomplete.
#
#  Out of Memory Error (arena.cpp:193), pid=23484, tid=19664
#
# JRE version: OpenJDK Runtime Environment (26.0.1+8) (build 26.0.1+8-34)
# Java VM: OpenJDK 64-Bit Server VM (26.0.1+8-34, mixed mode, sharing, tiered, compressed oops, compressed class ptrs, g1 gc, windows-amd64)
# No core dump will be written. Minidumps are not enabled by default on client versions of Windows
#

---------------  S U M M A R Y ------------

Command Line: --enable-native-access=ALL-UNNAMED -Dclassworlds.conf=C:\Program Files\NetBeans-30\netbeans\java\maven\bin\m2.conf -Dmaven.home=C:\Program Files\NetBeans-30\netbeans\java\maven -Dlibrary.jansi.path=C:\Program Files\NetBeans-30\netbeans\java\maven\lib\jansi-native -Dmaven.multiModuleProjectDirectory=D:\NEOTEMP\CODE\SHIPSHUK\BULBULLER\bb-rest-api\v2_maven\bb-rest-api org.codehaus.plexus.classworlds.launcher.Launcher -Dmaven.ext.class.path=C:\Program Files\NetBeans-30\netbeans\java\maven-nblib\netbeans-eventspy.jar --no-transfer-progress clean install -f pom-all.xml

Host: Intel(R) Core(TM) i7-10510U CPU @ 1.80GHz, 8 cores, 15G,  Windows 11 , 64 bit Build 26100 (10.0.26100.8875)
Time: Tue Aug 11 18:37:06 2026 Turkey Standard Time elapsed time: 23.269046 seconds (0d 0h 0m 23s)

---------------  T H R E A D  ---------------

Current thread (0x0000021c44ac9660):  JavaThread "C2 CompilerThread0" daemon [_thread_in_native, id=19664, stack(0x0000007d6d600000,0x0000007d6d700000) (1024K)]


Current CompileTask:
C2:23269 9553       4       jdk.internal.classfile.impl.StackMapGenerator::processBlock (2767 bytes)

Stack: [0x0000007d6d600000,0x0000007d6d700000]
Native frames: (J=compiled Java code, j=interpreted, Vv=VM code, C=native code)
V  [jvm.dll+0x7d5879]  (no source info available)
V  [jvm.dll+0x7a37dd]  (no source info available)
V  [jvm.dll+0x9b0c10]  (no source info available)
V  [jvm.dll+0x9b3061]  (no source info available)
V  [jvm.dll+0x9b3773]  (no source info available)
V  [jvm.dll+0x30df76]  (no source info available)
V  [jvm.dll+0x11d8a6]  (no source info available)
V  [jvm.dll+0x11dbce]  (no source info available)
V  [jvm.dll+0x1afbe6]  (no source info available)
V  [jvm.dll+0x3ca822]  (no source info available)
V  [jvm.dll+0x7de462]  (no source info available)
V  [jvm.dll+0x2d1647]  (no source info available)
V  [jvm.dll+0x2d05bf]  (no source info available)
V  [jvm.dll+0x246820]  (no source info available)
V  [jvm.dll+0x2e06dc]  (no source info available)
V  [jvm.dll+0x2de8bd]  (no source info available)
V  [jvm.dll+0x4a3ff1]  (no source info available)
V  [jvm.dll+0x94f649]  (no source info available)
V  [jvm.dll+0x7d7358]  (no source info available)
C  [ucrtbase.dll+0x2cd30]  (no source info available)
C  [KERNEL32.DLL+0x2e957]  (no source info available)
C  [ntdll.dll+0xaad6c]  (no source info available)

Lock stack of current Java thread (top to bottom):


---------------  P R O C E S S  ---------------

Threads class SMR info:
_java_thread_list=0x0000021c4a202da0, length=20, elements={
0x0000021c225750e0, 0x0000021c44ab2310, 0x0000021c44ab2d60, 0x0000021c44ab7090,
0x0000021c44ab9800, 0x0000021c44aba3b0, 0x0000021c44ac7100, 0x0000021c44ac9660,
0x0000021c44af1a60, 0x0000021c44ac27f0, 0x0000021c44ac2fc0, 0x0000021c49dc58b0,
0x0000021c4acfd1c0, 0x0000021c4acfe160, 0x0000021c4b129f90, 0x0000021c4b12af30,
0x0000021c4b128050, 0x0000021c4b128820, 0x0000021c4b1297c0, 0x0000021c4cd80560
}

Java Threads: ( => current thread )
  0x0000021c225750e0 JavaThread "main"                              [_thread_in_vm, id=13720, stack(0x0000007d6c700000,0x0000007d6c800000) (1024K)]
  0x0000021c44ab2310 JavaThread "Reference Handler"          daemon [_thread_blocked, id=27180, stack(0x0000007d6d000000,0x0000007d6d100000) (1024K)]
  0x0000021c44ab2d60 JavaThread "Finalizer"                  daemon [_thread_blocked, id=15864, stack(0x0000007d6d100000,0x0000007d6d200000) (1024K)]
  0x0000021c44ab7090 JavaThread "Signal Dispatcher"          daemon [_thread_blocked, id=10596, stack(0x0000007d6d200000,0x0000007d6d300000) (1024K)]
  0x0000021c44ab9800 JavaThread "Attach Listener"            daemon [_thread_blocked, id=7104, stack(0x0000007d6d300000,0x0000007d6d400000) (1024K)]
  0x0000021c44aba3b0 JavaThread "Service Thread"             daemon [_thread_blocked, id=29960, stack(0x0000007d6d400000,0x0000007d6d500000) (1024K)]
  0x0000021c44ac7100 JavaThread "Monitor Deflation Thread"   daemon [_thread_blocked, id=13612, stack(0x0000007d6d500000,0x0000007d6d600000) (1024K)]
=>0x0000021c44ac9660 JavaThread "C2 CompilerThread0"         daemon [_thread_in_native, id=19664, stack(0x0000007d6d600000,0x0000007d6d700000) (1024K)]
  0x0000021c44af1a60 JavaThread "C1 CompilerThread0"         daemon [_thread_blocked, id=27156, stack(0x0000007d6d700000,0x0000007d6d800000) (1024K)]
  0x0000021c44ac27f0 JavaThread "Notification Thread"        daemon [_thread_blocked, id=24264, stack(0x0000007d6d800000,0x0000007d6d900000) (1024K)]
  0x0000021c44ac2fc0 JavaThread "Common-Cleaner"             daemon [_thread_blocked, id=3112, stack(0x0000007d6d900000,0x0000007d6da00000) (1024K)]
  0x0000021c49dc58b0 JavaThread "C2 CompilerThread1"         daemon [_thread_in_native, id=29748, stack(0x0000007d6e100000,0x0000007d6e200000) (1024K)]
  0x0000021c4acfd1c0 JavaThread "pool-2-thread-1"                   [_thread_blocked, id=16280, stack(0x0000007d6e300000,0x0000007d6e400000) (1024K)]
  0x0000021c4acfe160 JavaThread "pool-2-thread-2"                   [_thread_blocked, id=26000, stack(0x0000007d6e400000,0x0000007d6e500000) (1024K)]
  0x0000021c4b129f90 JavaThread "pool-2-thread-3"                   [_thread_blocked, id=30876, stack(0x0000007d6e500000,0x0000007d6e600000) (1024K)]
  0x0000021c4b12af30 JavaThread "pool-2-thread-4"                   [_thread_blocked, id=27104, stack(0x0000007d6e600000,0x0000007d6e700000) (1024K)]
  0x0000021c4b128050 JavaThread "pool-2-thread-5"                   [_thread_blocked, id=11256, stack(0x0000007d6e700000,0x0000007d6e800000) (1024K)]
  0x0000021c4b128820 JavaThread "pool-2-thread-6"                   [_thread_blocked, id=13432, stack(0x0000007d6e800000,0x0000007d6e900000) (1024K)]
  0x0000021c4b1297c0 JavaThread "pool-2-thread-7"                   [_thread_blocked, id=17272, stack(0x0000007d6e900000,0x0000007d6ea00000) (1024K)]
  0x0000021c4cd80560 JavaThread "pool-2-thread-8"                   [_thread_blocked, id=10384, stack(0x0000007d6ea00000,0x0000007d6eb00000) (1024K)]
Total: 20

Other Threads:
  0x0000021c44aa1700 VMThread "VM Thread"                           [id=8328, stack(0x0000007d6cf00000,0x0000007d6d000000) (1024K)]
  0x0000021c44a91600 WatcherThread "VM Periodic Task Thread"        [id=19776, stack(0x0000007d6ce00000,0x0000007d6cf00000) (1024K)]
  0x0000021c249fca20 WorkerThread "GC Thread#0"                     [id=16136, stack(0x0000007d6c800000,0x0000007d6c900000) (1024K)]
  0x0000021c4917c230 WorkerThread "GC Thread#1"                     [id=31284, stack(0x0000007d6db00000,0x0000007d6dc00000) (1024K)]
  0x0000021c49a399d0 WorkerThread "GC Thread#2"                     [id=19672, stack(0x0000007d6de00000,0x0000007d6df00000) (1024K)]
  0x0000021c49a863b0 WorkerThread "GC Thread#3"                     [id=11132, stack(0x0000007d6e000000,0x0000007d6e100000) (1024K)]
  0x0000021c49dfecb0 WorkerThread "GC Thread#4"                     [id=14128, stack(0x0000007d6dc00000,0x0000007d6dd00000) (1024K)]
  0x0000021c49c37e60 WorkerThread "GC Thread#5"                     [id=27024, stack(0x0000007d6da00000,0x0000007d6db00000) (1024K)]
  0x0000021c49c38280 WorkerThread "GC Thread#6"                     [id=4800, stack(0x0000007d6df00000,0x0000007d6e000000) (1024K)]
  0x0000021c498dfe00 WorkerThread "GC Thread#7"                     [id=16712, stack(0x0000007d6e200000,0x0000007d6e300000) (1024K)]
  0x0000021c24a15720 ConcurrentGCThread "G1 Main Marker"            [id=29500, stack(0x0000007d6c900000,0x0000007d6ca00000) (1024K)]
  0x0000021c24a17190 WorkerThread "G1 Conc#0"                       [id=10328, stack(0x0000007d6ca00000,0x0000007d6cb00000) (1024K)]
  0x0000021c49832e10 WorkerThread "G1 Conc#1"                       [id=11404, stack(0x0000007d6dd00000,0x0000007d6de00000) (1024K)]
  0x0000021c24a56830 WorkerThread "G1 Refinement Workers#0"         [id=20476, stack(0x0000007d6cc00000,0x0000007d6cd00000) (1024K)]
  0x0000021c24a55e70 ConcurrentGCThread "G1 Refine Control"         [id=17772, stack(0x0000007d6cb00000,0x0000007d6cc00000) (1024K)]
  0x0000021c24a611c0 ConcurrentGCThread "G1 Service"                [id=23576, stack(0x0000007d6cd00000,0x0000007d6ce00000) (1024K)]
Total: 16

Threads with active compile tasks:
C2 CompilerThread0  23465 9553       4       jdk.internal.classfile.impl.StackMapGenerator::processBlock (2767 bytes)
C1 CompilerThread0  23465 9738  s    3       java.lang.invoke.MethodTypeForm::setCachedLambdaForm (28 bytes)
C2 CompilerThread1  23465 9271       4       org.apache.maven.model.inheritance.DefaultInheritanceAssembler$InheritanceModelMerger::mergePluginContainer_Plugins (433 bytes)
Total: 3

VM state: not at safepoint (normal execution)

VM Mutex/Monitor currently owned by a thread: None

Heap address: 0x0000000702800000, size: 4056 MB, Compressed Oops mode: Zero based, Oop shift amount: 3

CDS archive(s) mapped at: [0x0000000082000000-0x0000000082de0000-0x0000000082de0000), size 14548992, SharedBaseAddress: 0x0000000082000000, ArchiveRelocationMode: 1.
Compressed class space mapped at: 0x0000000083000000-0x00000000c3000000, reserved size: 1073741824
UseCompressedClassPointers 1, UseCompactObjectHeaders 0
Narrow klass pointer bits 32, Max shift 3
Narrow klass base: 0x0000000082000000, Narrow klass shift: 0
Encoding Range: [0x0000000082000000 - 0x0000000182000000), (4294967296 bytes)
Klass Range:    [0x0000000082000000 - 0x00000000c3000000), (1090519040 bytes)
Klass ID Range:  [8 - 1090519033) (1090519025)
Protection zone: [0x0000000082000000 - 0x0000000082010000), (65536 bytes)

GC Precious Log:
 CardTable entry size: 512
 Card Set container configuration: InlinePtr #cards 4 size 8 Array Of Cards #cards 16 size 48 Howl #buckets 8 coarsen threshold 3686 Howl Bitmap #cards 512 size 80 coarsen threshold 460 Card regions per heap region 1 cards per card region 4096
 CPUs: 8 total, 8 available
 Memory: 16219M
 Large Page Support: Disabled
 NUMA Support: Disabled
 Compressed Oops: Enabled (Zero based)
 Heap Region Size: 2M
 Heap Min Capacity: 8M
 Heap Initial Capacity: 8M
 Heap Max Capacity: 4056M
 Pre-touch: Disabled
 Parallel Workers: 8
 Concurrent Workers: 2
 Concurrent Refinement Workers: 8
 Periodic GC: Disabled

Heap:
 garbage-first heap   total reserved 4153344K, committed 344064K, used 158887K [0x0000000702800000, 0x0000000800000000)
  region size 2M, 50 eden (100M), 2 survivor (4M), 25 old (50M), 2 humongous (4M), 89 free (178M)

Heap Regions: E=young(eden), S=young(survivor), O=old, HS=humongous(starts), HC=humongous(continues), CS=collection set, F=free, TAMS=top-at-mark-start, PB=parsable bottom
|    0|0x0000000702800000, 0x0000000702a00000, 0x0000000702a00000|100%| O|  |TAMS 0x0000000702800000| PB 0x0000000702800000| Untracked |  0
|    1|0x0000000702a00000, 0x0000000702c00000, 0x0000000702c00000|100%| O|  |TAMS 0x0000000702a00000| PB 0x0000000702a00000| Untracked |  0
|    2|0x0000000702c00000, 0x0000000702e00000, 0x0000000702e00000|100%| O|  |TAMS 0x0000000702c00000| PB 0x0000000702c00000| Untracked |  0
|    3|0x0000000702e00000, 0x0000000703000000, 0x0000000703000000|100%| O|  |TAMS 0x0000000702e00000| PB 0x0000000702e00000| Untracked |  0
|    4|0x0000000703000000, 0x0000000703200000, 0x0000000703200000|100%| O|  |TAMS 0x0000000703000000| PB 0x0000000703000000| Untracked |  0
|    5|0x0000000703200000, 0x0000000703400000, 0x0000000703400000|100%| O|  |TAMS 0x0000000703200000| PB 0x0000000703200000| Untracked |  0
|    6|0x0000000703400000, 0x0000000703600000, 0x0000000703600000|100%| O|  |TAMS 0x0000000703400000| PB 0x0000000703400000| Untracked |  0
|    7|0x0000000703600000, 0x0000000703800000, 0x0000000703800000|100%|HS|  |TAMS 0x0000000703600000| PB 0x0000000703600000| Complete  |  0
|    8|0x0000000703800000, 0x0000000703a00000, 0x0000000703a00000|100%|HS|  |TAMS 0x0000000703800000| PB 0x0000000703800000| Complete  |  0
|    9|0x0000000703a00000, 0x0000000703c00000, 0x0000000703c00000|100%| O|  |TAMS 0x0000000703a00000| PB 0x0000000703a00000| Untracked |  0
|   10|0x0000000703c00000, 0x0000000703e00000, 0x0000000703e00000|100%| O|  |TAMS 0x0000000703c00000| PB 0x0000000703c00000| Untracked |  0
|   11|0x0000000703e00000, 0x0000000704000000, 0x0000000704000000|100%| O|  |TAMS 0x0000000703e00000| PB 0x0000000703e00000| Untracked |  0
|   12|0x0000000704000000, 0x0000000704200000, 0x0000000704200000|100%| O|  |TAMS 0x0000000704000000| PB 0x0000000704000000| Untracked |  0
|   13|0x0000000704200000, 0x0000000704400000, 0x0000000704400000|100%| O|  |TAMS 0x0000000704200000| PB 0x0000000704200000| Untracked |  0
|   14|0x0000000704400000, 0x0000000704600000, 0x0000000704600000|100%| O|  |TAMS 0x0000000704400000| PB 0x0000000704400000| Untracked |  0
|   15|0x0000000704600000, 0x0000000704800000, 0x0000000704800000|100%| O|  |TAMS 0x0000000704600000| PB 0x0000000704600000| Untracked |  0
|   16|0x0000000704800000, 0x0000000704a00000, 0x0000000704a00000|100%| O|  |TAMS 0x0000000704800000| PB 0x0000000704800000| Untracked |  0
|   17|0x0000000704a00000, 0x0000000704c00000, 0x0000000704c00000|100%| O|  |TAMS 0x0000000704a00000| PB 0x0000000704a00000| Untracked |  0
|   18|0x0000000704c00000, 0x0000000704e00000, 0x0000000704e00000|100%| O|  |TAMS 0x0000000704c00000| PB 0x0000000704c00000| Untracked |  0
|   19|0x0000000704e00000, 0x0000000704fc7d30, 0x0000000705000000| 89%| O|  |TAMS 0x0000000704e00000| PB 0x0000000704e00000| Untracked |  0
|   20|0x0000000705000000, 0x0000000705000000, 0x0000000705200000|  0%| F|  |TAMS 0x0000000705000000| PB 0x0000000705000000| Untracked |  0
|   21|0x0000000705200000, 0x0000000705400000, 0x0000000705400000|100%| O|  |TAMS 0x0000000705200000| PB 0x0000000705200000| Untracked |  0
|   22|0x0000000705400000, 0x0000000705600000, 0x0000000705600000|100%| O|  |TAMS 0x0000000705400000| PB 0x0000000705400000| Untracked |  0
|   23|0x0000000705600000, 0x0000000705800000, 0x0000000705800000|100%| O|  |TAMS 0x0000000705600000| PB 0x0000000705600000| Untracked |  0
|   24|0x0000000705800000, 0x0000000705a00000, 0x0000000705a00000|100%| O|  |TAMS 0x0000000705800000| PB 0x0000000705800000| Untracked |  0
|   25|0x0000000705a00000, 0x0000000705c00000, 0x0000000705c00000|100%| O|  |TAMS 0x0000000705a00000| PB 0x0000000705a00000| Untracked |  0
|   26|0x0000000705c00000, 0x0000000705c00000, 0x0000000705e00000|  0%| F|  |TAMS 0x0000000705c00000| PB 0x0000000705c00000| Untracked |  0
|   27|0x0000000705e00000, 0x0000000705e00000, 0x0000000706000000|  0%| F|  |TAMS 0x0000000705e00000| PB 0x0000000705e00000| Untracked |  0
|   28|0x0000000706000000, 0x0000000706000000, 0x0000000706200000|  0%| F|  |TAMS 0x0000000706000000| PB 0x0000000706000000| Untracked |  0
|   29|0x0000000706200000, 0x0000000706200000, 0x0000000706400000|  0%| F|  |TAMS 0x0000000706200000| PB 0x0000000706200000| Untracked |  0
|   30|0x0000000706400000, 0x0000000706400000, 0x0000000706600000|  0%| F|  |TAMS 0x0000000706400000| PB 0x0000000706400000| Untracked |  0
|   31|0x0000000706600000, 0x0000000706600000, 0x0000000706800000|  0%| F|  |TAMS 0x0000000706600000| PB 0x0000000706600000| Untracked |  0
|   32|0x0000000706800000, 0x0000000706800000, 0x0000000706a00000|  0%| F|  |TAMS 0x0000000706800000| PB 0x0000000706800000| Untracked |  0
|   33|0x0000000706a00000, 0x0000000706b622b0, 0x0000000706c00000| 69%| S|CS|TAMS 0x0000000706a00000| PB 0x0000000706a00000| Complete  |  0
|   34|0x0000000706c00000, 0x0000000706e00000, 0x0000000706e00000|100%| S|CS|TAMS 0x0000000706c00000| PB 0x0000000706c00000| Complete  |  0
|   35|0x0000000706e00000, 0x0000000706e00000, 0x0000000707000000|  0%| F|  |TAMS 0x0000000706e00000| PB 0x0000000706e00000| Untracked |  0
|   36|0x0000000707000000, 0x0000000707000000, 0x0000000707200000|  0%| F|  |TAMS 0x0000000707000000| PB 0x0000000707000000| Untracked |  0
|   37|0x0000000707200000, 0x0000000707200000, 0x0000000707400000|  0%| F|  |TAMS 0x0000000707200000| PB 0x0000000707200000| Untracked |  0
|   38|0x0000000707400000, 0x0000000707400000, 0x0000000707600000|  0%| F|  |TAMS 0x0000000707400000| PB 0x0000000707400000| Untracked |  0
|   39|0x0000000707600000, 0x0000000707600000, 0x0000000707800000|  0%| F|  |TAMS 0x0000000707600000| PB 0x0000000707600000| Untracked |  0
|   40|0x0000000707800000, 0x0000000707800000, 0x0000000707a00000|  0%| F|  |TAMS 0x0000000707800000| PB 0x0000000707800000| Untracked |  0
|   41|0x0000000707a00000, 0x0000000707a00000, 0x0000000707c00000|  0%| F|  |TAMS 0x0000000707a00000| PB 0x0000000707a00000| Untracked |  0
|   42|0x0000000707c00000, 0x0000000707c00000, 0x0000000707e00000|  0%| F|  |TAMS 0x0000000707c00000| PB 0x0000000707c00000| Untracked |  0
|   43|0x0000000707e00000, 0x0000000707e00000, 0x0000000708000000|  0%| F|  |TAMS 0x0000000707e00000| PB 0x0000000707e00000| Untracked |  0
|   44|0x0000000708000000, 0x0000000708000000, 0x0000000708200000|  0%| F|  |TAMS 0x0000000708000000| PB 0x0000000708000000| Untracked |  0
|   45|0x0000000708200000, 0x0000000708200000, 0x0000000708400000|  0%| F|  |TAMS 0x0000000708200000| PB 0x0000000708200000| Untracked |  0
|   46|0x0000000708400000, 0x0000000708400000, 0x0000000708600000|  0%| F|  |TAMS 0x0000000708400000| PB 0x0000000708400000| Untracked |  0
|   47|0x0000000708600000, 0x0000000708600000, 0x0000000708800000|  0%| F|  |TAMS 0x0000000708600000| PB 0x0000000708600000| Untracked |  0
|   48|0x0000000708800000, 0x0000000708800000, 0x0000000708a00000|  0%| F|  |TAMS 0x0000000708800000| PB 0x0000000708800000| Untracked |  0
|   49|0x0000000708a00000, 0x0000000708a00000, 0x0000000708c00000|  0%| F|  |TAMS 0x0000000708a00000| PB 0x0000000708a00000| Untracked |  0
|   50|0x0000000708c00000, 0x0000000708c00000, 0x0000000708e00000|  0%| F|  |TAMS 0x0000000708c00000| PB 0x0000000708c00000| Untracked |  0
|   51|0x0000000708e00000, 0x0000000708e00000, 0x0000000709000000|  0%| F|  |TAMS 0x0000000708e00000| PB 0x0000000708e00000| Untracked |  0
|   52|0x0000000709000000, 0x0000000709000000, 0x0000000709200000|  0%| F|  |TAMS 0x0000000709000000| PB 0x0000000709000000| Untracked |  0
|   53|0x0000000709200000, 0x0000000709200000, 0x0000000709400000|  0%| F|  |TAMS 0x0000000709200000| PB 0x0000000709200000| Untracked |  0
|   54|0x0000000709400000, 0x0000000709400000, 0x0000000709600000|  0%| F|  |TAMS 0x0000000709400000| PB 0x0000000709400000| Untracked |  0
|   55|0x0000000709600000, 0x0000000709600000, 0x0000000709800000|  0%| F|  |TAMS 0x0000000709600000| PB 0x0000000709600000| Untracked |  0
|   56|0x0000000709800000, 0x0000000709800000, 0x0000000709a00000|  0%| F|  |TAMS 0x0000000709800000| PB 0x0000000709800000| Untracked |  0
|   57|0x0000000709a00000, 0x0000000709a00000, 0x0000000709c00000|  0%| F|  |TAMS 0x0000000709a00000| PB 0x0000000709a00000| Untracked |  0
|   58|0x0000000709c00000, 0x0000000709c00000, 0x0000000709e00000|  0%| F|  |TAMS 0x0000000709c00000| PB 0x0000000709c00000| Untracked |  0
|   59|0x0000000709e00000, 0x0000000709e00000, 0x000000070a000000|  0%| F|  |TAMS 0x0000000709e00000| PB 0x0000000709e00000| Untracked |  0
|   60|0x000000070a000000, 0x000000070a000000, 0x000000070a200000|  0%| F|  |TAMS 0x000000070a000000| PB 0x000000070a000000| Untracked |  0
|   61|0x000000070a200000, 0x000000070a200000, 0x000000070a400000|  0%| F|  |TAMS 0x000000070a200000| PB 0x000000070a200000| Untracked |  0
|   62|0x000000070a400000, 0x000000070a400000, 0x000000070a600000|  0%| F|  |TAMS 0x000000070a400000| PB 0x000000070a400000| Untracked |  0
|   63|0x000000070a600000, 0x000000070a600000, 0x000000070a800000|  0%| F|  |TAMS 0x000000070a600000| PB 0x000000070a600000| Untracked |  0
|   64|0x000000070a800000, 0x000000070a800000, 0x000000070aa00000|  0%| F|  |TAMS 0x000000070a800000| PB 0x000000070a800000| Untracked |  0
|   65|0x000000070aa00000, 0x000000070aa00000, 0x000000070ac00000|  0%| F|  |TAMS 0x000000070aa00000| PB 0x000000070aa00000| Untracked |  0
|   66|0x000000070ac00000, 0x000000070ac00000, 0x000000070ae00000|  0%| F|  |TAMS 0x000000070ac00000| PB 0x000000070ac00000| Untracked |  0
|   67|0x000000070ae00000, 0x000000070ae00000, 0x000000070b000000|  0%| F|  |TAMS 0x000000070ae00000| PB 0x000000070ae00000| Untracked |  0
|   68|0x000000070b000000, 0x000000070b000000, 0x000000070b200000|  0%| F|  |TAMS 0x000000070b000000| PB 0x000000070b000000| Untracked |  0
|   69|0x000000070b200000, 0x000000070b200000, 0x000000070b400000|  0%| F|  |TAMS 0x000000070b200000| PB 0x000000070b200000| Untracked |  0
|   70|0x000000070b400000, 0x000000070b400000, 0x000000070b600000|  0%| F|  |TAMS 0x000000070b400000| PB 0x000000070b400000| Untracked |  0
|   71|0x000000070b600000, 0x000000070b600000, 0x000000070b800000|  0%| F|  |TAMS 0x000000070b600000| PB 0x000000070b600000| Untracked |  0
|   72|0x000000070b800000, 0x000000070b800000, 0x000000070ba00000|  0%| F|  |TAMS 0x000000070b800000| PB 0x000000070b800000| Untracked |  0
|   73|0x000000070ba00000, 0x000000070ba00000, 0x000000070bc00000|  0%| F|  |TAMS 0x000000070ba00000| PB 0x000000070ba00000| Untracked |  0
|   74|0x000000070bc00000, 0x000000070bc00000, 0x000000070be00000|  0%| F|  |TAMS 0x000000070bc00000| PB 0x000000070bc00000| Untracked |  0
|   75|0x000000070be00000, 0x000000070be00000, 0x000000070c000000|  0%| F|  |TAMS 0x000000070be00000| PB 0x000000070be00000| Untracked |  0
|   76|0x000000070c000000, 0x000000070c000000, 0x000000070c200000|  0%| F|  |TAMS 0x000000070c000000| PB 0x000000070c000000| Untracked |  0
|   77|0x000000070c200000, 0x000000070c200000, 0x000000070c400000|  0%| F|  |TAMS 0x000000070c200000| PB 0x000000070c200000| Untracked |  0
|   78|0x000000070c400000, 0x000000070c400000, 0x000000070c600000|  0%| F|  |TAMS 0x000000070c400000| PB 0x000000070c400000| Untracked |  0
|   79|0x000000070c600000, 0x000000070c600000, 0x000000070c800000|  0%| F|  |TAMS 0x000000070c600000| PB 0x000000070c600000| Untracked |  0
|   80|0x000000070c800000, 0x000000070c800000, 0x000000070ca00000|  0%| F|  |TAMS 0x000000070c800000| PB 0x000000070c800000| Untracked |  0
|   81|0x000000070ca00000, 0x000000070ca00000, 0x000000070cc00000|  0%| F|  |TAMS 0x000000070ca00000| PB 0x000000070ca00000| Untracked |  0
|   82|0x000000070cc00000, 0x000000070cc00000, 0x000000070ce00000|  0%| F|  |TAMS 0x000000070cc00000| PB 0x000000070cc00000| Untracked |  0
|   83|0x000000070ce00000, 0x000000070ce00000, 0x000000070d000000|  0%| F|  |TAMS 0x000000070ce00000| PB 0x000000070ce00000| Untracked |  0
|   84|0x000000070d000000, 0x000000070d000000, 0x000000070d200000|  0%| F|  |TAMS 0x000000070d000000| PB 0x000000070d000000| Untracked |  0
|   85|0x000000070d200000, 0x000000070d200000, 0x000000070d400000|  0%| F|  |TAMS 0x000000070d200000| PB 0x000000070d200000| Untracked |  0
|   86|0x000000070d400000, 0x000000070d400000, 0x000000070d600000|  0%| F|  |TAMS 0x000000070d400000| PB 0x000000070d400000| Untracked |  0
|   87|0x000000070d600000, 0x000000070d600000, 0x000000070d800000|  0%| F|  |TAMS 0x000000070d600000| PB 0x000000070d600000| Untracked |  0
|   88|0x000000070d800000, 0x000000070d800000, 0x000000070da00000|  0%| F|  |TAMS 0x000000070d800000| PB 0x000000070d800000| Untracked |  0
|   89|0x000000070da00000, 0x000000070da00000, 0x000000070dc00000|  0%| F|  |TAMS 0x000000070da00000| PB 0x000000070da00000| Untracked |  0
|   90|0x000000070dc00000, 0x000000070dc00000, 0x000000070de00000|  0%| F|  |TAMS 0x000000070dc00000| PB 0x000000070dc00000| Untracked |  0
|   91|0x000000070de00000, 0x000000070de00000, 0x000000070e000000|  0%| F|  |TAMS 0x000000070de00000| PB 0x000000070de00000| Untracked |  0
|   92|0x000000070e000000, 0x000000070e000000, 0x000000070e200000|  0%| F|  |TAMS 0x000000070e000000| PB 0x000000070e000000| Untracked |  0
|   93|0x000000070e200000, 0x000000070e200000, 0x000000070e400000|  0%| F|  |TAMS 0x000000070e200000| PB 0x000000070e200000| Untracked |  0
|   94|0x000000070e400000, 0x000000070e400000, 0x000000070e600000|  0%| F|  |TAMS 0x000000070e400000| PB 0x000000070e400000| Untracked |  0
|   95|0x000000070e600000, 0x000000070e600000, 0x000000070e800000|  0%| F|  |TAMS 0x000000070e600000| PB 0x000000070e600000| Untracked |  0
|   96|0x000000070e800000, 0x000000070e800000, 0x000000070ea00000|  0%| F|  |TAMS 0x000000070e800000| PB 0x000000070e800000| Untracked |  0
|   97|0x000000070ea00000, 0x000000070ea00000, 0x000000070ec00000|  0%| F|  |TAMS 0x000000070ea00000| PB 0x000000070ea00000| Untracked |  0
|   98|0x000000070ec00000, 0x000000070ec00000, 0x000000070ee00000|  0%| F|  |TAMS 0x000000070ec00000| PB 0x000000070ec00000| Untracked |  0
|   99|0x000000070ee00000, 0x000000070ee00000, 0x000000070f000000|  0%| F|  |TAMS 0x000000070ee00000| PB 0x000000070ee00000| Untracked |  0
|  100|0x000000070f000000, 0x000000070f000000, 0x000000070f200000|  0%| F|  |TAMS 0x000000070f000000| PB 0x000000070f000000| Untracked |  0
|  101|0x000000070f200000, 0x000000070f200000, 0x000000070f400000|  0%| F|  |TAMS 0x000000070f200000| PB 0x000000070f200000| Untracked |  0
|  102|0x000000070f400000, 0x000000070f400000, 0x000000070f600000|  0%| F|  |TAMS 0x000000070f400000| PB 0x000000070f400000| Untracked |  0
|  103|0x000000070f600000, 0x000000070f600000, 0x000000070f800000|  0%| F|  |TAMS 0x000000070f600000| PB 0x000000070f600000| Untracked |  0
|  104|0x000000070f800000, 0x000000070f800000, 0x000000070fa00000|  0%| F|  |TAMS 0x000000070f800000| PB 0x000000070f800000| Untracked |  0
|  105|0x000000070fa00000, 0x000000070fa00000, 0x000000070fc00000|  0%| F|  |TAMS 0x000000070fa00000| PB 0x000000070fa00000| Untracked |  0
|  106|0x000000070fc00000, 0x000000070fc00000, 0x000000070fe00000|  0%| F|  |TAMS 0x000000070fc00000| PB 0x000000070fc00000| Untracked |  0
|  107|0x000000070fe00000, 0x000000070fe00000, 0x0000000710000000|  0%| F|  |TAMS 0x000000070fe00000| PB 0x000000070fe00000| Untracked |  0
|  108|0x0000000710000000, 0x0000000710000000, 0x0000000710200000|  0%| F|  |TAMS 0x0000000710000000| PB 0x0000000710000000| Untracked |  0
|  109|0x0000000710200000, 0x0000000710200000, 0x0000000710400000|  0%| F|  |TAMS 0x0000000710200000| PB 0x0000000710200000| Untracked |  0
|  110|0x0000000710400000, 0x0000000710400000, 0x0000000710600000|  0%| F|  |TAMS 0x0000000710400000| PB 0x0000000710400000| Untracked |  0
|  111|0x0000000710600000, 0x0000000710600000, 0x0000000710800000|  0%| F|  |TAMS 0x0000000710600000| PB 0x0000000710600000| Untracked |  0
|  112|0x0000000710800000, 0x0000000710800000, 0x0000000710a00000|  0%| F|  |TAMS 0x0000000710800000| PB 0x0000000710800000| Untracked |  0
|  113|0x0000000710a00000, 0x0000000710a00000, 0x0000000710c00000|  0%| F|  |TAMS 0x0000000710a00000| PB 0x0000000710a00000| Untracked |  0
|  114|0x0000000710c00000, 0x0000000710c00000, 0x0000000710e00000|  0%| F|  |TAMS 0x0000000710c00000| PB 0x0000000710c00000| Untracked |  0
|  115|0x0000000710e00000, 0x0000000710e00000, 0x0000000711000000|  0%| F|  |TAMS 0x0000000710e00000| PB 0x0000000710e00000| Untracked |  0
|  116|0x0000000711000000, 0x00000007111a9558, 0x0000000711200000| 83%| E|CS|TAMS 0x0000000711000000| PB 0x0000000711000000| Complete  |  0
|  117|0x0000000711200000, 0x0000000711400000, 0x0000000711400000|100%| E|CS|TAMS 0x0000000711200000| PB 0x0000000711200000| Complete  |  0
|  118|0x0000000711400000, 0x0000000711600000, 0x0000000711600000|100%| E|CS|TAMS 0x0000000711400000| PB 0x0000000711400000| Complete  |  0
|  119|0x0000000711600000, 0x0000000711800000, 0x0000000711800000|100%| E|CS|TAMS 0x0000000711600000| PB 0x0000000711600000| Complete  |  0
|  120|0x0000000711800000, 0x0000000711a00000, 0x0000000711a00000|100%| E|CS|TAMS 0x0000000711800000| PB 0x0000000711800000| Complete  |  0
|  121|0x0000000711a00000, 0x0000000711c00000, 0x0000000711c00000|100%| E|CS|TAMS 0x0000000711a00000| PB 0x0000000711a00000| Complete  |  0
|  122|0x0000000711c00000, 0x0000000711e00000, 0x0000000711e00000|100%| E|CS|TAMS 0x0000000711c00000| PB 0x0000000711c00000| Complete  |  0
|  123|0x0000000711e00000, 0x0000000712000000, 0x0000000712000000|100%| E|CS|TAMS 0x0000000711e00000| PB 0x0000000711e00000| Complete  |  0
|  124|0x0000000712000000, 0x0000000712200000, 0x0000000712200000|100%| E|CS|TAMS 0x0000000712000000| PB 0x0000000712000000| Complete  |  0
|  125|0x0000000712200000, 0x0000000712400000, 0x0000000712400000|100%| E|CS|TAMS 0x0000000712200000| PB 0x0000000712200000| Complete  |  0
|  126|0x0000000712400000, 0x0000000712600000, 0x0000000712600000|100%| E|CS|TAMS 0x0000000712400000| PB 0x0000000712400000| Complete  |  0
|  127|0x0000000712600000, 0x0000000712800000, 0x0000000712800000|100%| E|CS|TAMS 0x0000000712600000| PB 0x0000000712600000| Complete  |  0
|  128|0x0000000712800000, 0x0000000712a00000, 0x0000000712a00000|100%| E|CS|TAMS 0x0000000712800000| PB 0x0000000712800000| Complete  |  0
|  129|0x0000000712a00000, 0x0000000712c00000, 0x0000000712c00000|100%| E|CS|TAMS 0x0000000712a00000| PB 0x0000000712a00000| Complete  |  0
|  130|0x0000000712c00000, 0x0000000712e00000, 0x0000000712e00000|100%| E|CS|TAMS 0x0000000712c00000| PB 0x0000000712c00000| Complete  |  0
|  131|0x0000000712e00000, 0x0000000713000000, 0x0000000713000000|100%| E|CS|TAMS 0x0000000712e00000| PB 0x0000000712e00000| Complete  |  0
|  132|0x0000000713000000, 0x0000000713200000, 0x0000000713200000|100%| E|CS|TAMS 0x0000000713000000| PB 0x0000000713000000| Complete  |  0
|  133|0x0000000713200000, 0x0000000713400000, 0x0000000713400000|100%| E|CS|TAMS 0x0000000713200000| PB 0x0000000713200000| Complete  |  0
|  134|0x0000000713400000, 0x0000000713600000, 0x0000000713600000|100%| E|CS|TAMS 0x0000000713400000| PB 0x0000000713400000| Complete  |  0
|  135|0x0000000713600000, 0x0000000713800000, 0x0000000713800000|100%| E|CS|TAMS 0x0000000713600000| PB 0x0000000713600000| Complete  |  0
|  136|0x0000000713800000, 0x0000000713a00000, 0x0000000713a00000|100%| E|CS|TAMS 0x0000000713800000| PB 0x0000000713800000| Complete  |  0
|  137|0x0000000713a00000, 0x0000000713c00000, 0x0000000713c00000|100%| E|CS|TAMS 0x0000000713a00000| PB 0x0000000713a00000| Complete  |  0
|  138|0x0000000713c00000, 0x0000000713e00000, 0x0000000713e00000|100%| E|CS|TAMS 0x0000000713c00000| PB 0x0000000713c00000| Complete  |  0
|  139|0x0000000713e00000, 0x0000000714000000, 0x0000000714000000|100%| E|CS|TAMS 0x0000000713e00000| PB 0x0000000713e00000| Complete  |  0
|  140|0x0000000714000000, 0x0000000714200000, 0x0000000714200000|100%| E|CS|TAMS 0x0000000714000000| PB 0x0000000714000000| Complete  |  0
|  141|0x0000000714200000, 0x0000000714400000, 0x0000000714400000|100%| E|CS|TAMS 0x0000000714200000| PB 0x0000000714200000| Complete  |  0
|  142|0x0000000714400000, 0x0000000714600000, 0x0000000714600000|100%| E|CS|TAMS 0x0000000714400000| PB 0x0000000714400000| Complete  |  0
|  143|0x0000000714600000, 0x0000000714800000, 0x0000000714800000|100%| E|CS|TAMS 0x0000000714600000| PB 0x0000000714600000| Complete  |  0
|  144|0x0000000714800000, 0x0000000714a00000, 0x0000000714a00000|100%| E|CS|TAMS 0x0000000714800000| PB 0x0000000714800000| Complete  |  0
|  145|0x0000000714a00000, 0x0000000714c00000, 0x0000000714c00000|100%| E|CS|TAMS 0x0000000714a00000| PB 0x0000000714a00000| Complete  |  0
|  146|0x0000000714c00000, 0x0000000714e00000, 0x0000000714e00000|100%| E|CS|TAMS 0x0000000714c00000| PB 0x0000000714c00000| Complete  |  0
|  147|0x0000000714e00000, 0x0000000715000000, 0x0000000715000000|100%| E|CS|TAMS 0x0000000714e00000| PB 0x0000000714e00000| Complete  |  0
|  148|0x0000000715000000, 0x0000000715200000, 0x0000000715200000|100%| E|CS|TAMS 0x0000000715000000| PB 0x0000000715000000| Complete  |  0
|  149|0x0000000715200000, 0x0000000715400000, 0x0000000715400000|100%| E|CS|TAMS 0x0000000715200000| PB 0x0000000715200000| Complete  |  0
|  150|0x0000000715400000, 0x0000000715600000, 0x0000000715600000|100%| E|CS|TAMS 0x0000000715400000| PB 0x0000000715400000| Complete  |  0
|  151|0x0000000715600000, 0x0000000715800000, 0x0000000715800000|100%| E|CS|TAMS 0x0000000715600000| PB 0x0000000715600000| Complete  |  0
|  152|0x0000000715800000, 0x0000000715a00000, 0x0000000715a00000|100%| E|CS|TAMS 0x0000000715800000| PB 0x0000000715800000| Complete  |  0
|  153|0x0000000715a00000, 0x0000000715c00000, 0x0000000715c00000|100%| E|CS|TAMS 0x0000000715a00000| PB 0x0000000715a00000| Complete  |  0
|  154|0x0000000715c00000, 0x0000000715e00000, 0x0000000715e00000|100%| E|CS|TAMS 0x0000000715c00000| PB 0x0000000715c00000| Complete  |  0
|  155|0x0000000715e00000, 0x0000000716000000, 0x0000000716000000|100%| E|CS|TAMS 0x0000000715e00000| PB 0x0000000715e00000| Complete  |  0
|  156|0x0000000716000000, 0x0000000716200000, 0x0000000716200000|100%| E|CS|TAMS 0x0000000716000000| PB 0x0000000716000000| Complete  |  0
|  157|0x0000000716200000, 0x0000000716400000, 0x0000000716400000|100%| E|CS|TAMS 0x0000000716200000| PB 0x0000000716200000| Complete  |  0
|  158|0x0000000716400000, 0x0000000716600000, 0x0000000716600000|100%| E|CS|TAMS 0x0000000716400000| PB 0x0000000716400000| Complete  |  0
|  159|0x0000000716600000, 0x0000000716800000, 0x0000000716800000|100%| E|CS|TAMS 0x0000000716600000| PB 0x0000000716600000| Complete  |  0
|  160|0x0000000716800000, 0x0000000716a00000, 0x0000000716a00000|100%| E|CS|TAMS 0x0000000716800000| PB 0x0000000716800000| Complete  |  0
|  161|0x0000000716a00000, 0x0000000716c00000, 0x0000000716c00000|100%| E|CS|TAMS 0x0000000716a00000| PB 0x0000000716a00000| Complete  |  0
|  162|0x0000000716c00000, 0x0000000716e00000, 0x0000000716e00000|100%| E|CS|TAMS 0x0000000716c00000| PB 0x0000000716c00000| Complete  |  0
|  163|0x0000000716e00000, 0x0000000717000000, 0x0000000717000000|100%| E|CS|TAMS 0x0000000716e00000| PB 0x0000000716e00000| Complete  |  0
| 2024|0x00000007ff800000, 0x00000007ffa00000, 0x00000007ffa00000|100%| O|  |TAMS 0x00000007ff800000| PB 0x00000007ff800000| Untracked |  0
| 2025|0x00000007ffa00000, 0x00000007ffc00000, 0x00000007ffc00000|100%| O|  |TAMS 0x00000007ffa00000| PB 0x00000007ffa00000| Untracked |  0
| 2026|0x00000007ffc00000, 0x00000007ffe00000, 0x00000007ffe00000|100%| E|CS|TAMS 0x00000007ffc00000| PB 0x00000007ffc00000| Complete  |  0
| 2027|0x00000007ffe00000, 0x0000000800000000, 0x0000000800000000|100%| E|CS|TAMS 0x00000007ffe00000| PB 0x00000007ffe00000| Complete  |  0

Card table byte_map: [0x0000021c3d990000,0x0000021c3e180000] _byte_map_base: 0x0000021c3a17c000
Refinement table byte_map: [0x0000021c3d1a0000,0x0000021c3d990000] _byte_map_base: 0x0000021c3998c000

Marking Bits: (CMBitMap*) 0x0000021c249fd1a0
 Bits: [0x0000021c3e180000, 0x0000021c420e0000)

Polling page: 0x0000021c22a20000

Metaspace:
Metaspace        used 33325K, committed 33792K, reserved 1114112K
 class space     used 3946K, committed 4160K, reserved 1048576K

Usage:
  Non-class:     28.69 MB used.
      Class:      3.85 MB used.
       Both:     32.54 MB used.

Virtual space:
  Non-class space:       64.00 MB reserved,      28.94 MB ( 45%) committed,  1 nodes.
      Class space:        1.00 GB reserved,       4.06 MB ( <1%) committed,  1 nodes.
             Both:        1.06 GB reserved,      33.00 MB (  3%) committed. 

Chunk freelists:
   Non-Class:  2.56 MB
       Class:  11.98 MB
        Both:  14.54 MB

MaxMetaspaceSize: unlimited
CompressedClassSpaceSize: 1.00 GB
Initial GC threshold: 21.00 MB
Current GC threshold: 35.56 MB
CDS: on
 - commit_granule_bytes: 65536.
 - commit_granule_words: 8192.
 - virtual_space_node_default_size: 8388608.
 - enlarge_chunks_in_place: 1.
UseCompressedClassPointers 1, UseCompactObjectHeaders 0
Narrow klass pointer bits 32, Max shift 3
Narrow klass base: 0x0000000082000000, Narrow klass shift: 0
Encoding Range: [0x0000000082000000 - 0x0000000182000000), (4294967296 bytes)
Klass Range:    [0x0000000082000000 - 0x00000000c3000000), (1090519040 bytes)
Klass ID Range:  [8 - 1090519033) (1090519025)
Protection zone: [0x0000000082000000 - 0x0000000082010000), (65536 bytes)


Internal statistics:

num_allocs_failed_limit: 3.
num_arena_births: 334.
num_arena_deaths: 0.
num_vsnodes_births: 2.
num_vsnodes_deaths: 0.
num_space_committed: 528.
num_space_uncommitted: 0.
num_chunks_returned_to_freelist: 3.
num_chunks_taken_from_freelist: 1563.
num_chunk_merges: 3.
num_chunk_splits: 1086.
num_chunks_enlarged: 875.
num_inconsistent_stats: 0.

CodeHeap 'non-profiled nmethods': size=120064Kb used=3790Kb max_used=3790Kb free=116274Kb
 bounds [0x0000021c35130000, 0x0000021c354f0000, 0x0000021c3c670000]
CodeHeap 'profiled nmethods': size=120064Kb used=17005Kb max_used=17005Kb free=103058Kb
 bounds [0x0000021c2d650000, 0x0000021c2e6f0000, 0x0000021c34b90000]
CodeHeap 'non-nmethods': size=5760Kb used=1480Kb max_used=1524Kb free=4279Kb
 bounds [0x0000021c34b90000, 0x0000021c34e00000, 0x0000021c35130000]
CodeCache: size=245888Kb, used=22275Kb, max_used=22319Kb, free=223611Kb
 total_blobs=10221, nmethods=9626, adapters=498, full_count=0
Compilation: enabled, stopped_count=0, restarted_count=0

Compilation events (20 events):
Event: 22.805 Thread 0x0000021c44af1a60 9636       1       org.codehaus.plexus.components.io.resources.AbstractPlexusIoResourceCollection::getFileSelectors (5 bytes)
Event: 22.805 Thread 0x0000021c44af1a60 nmethod 9636 0x0000021c354da508 code [0x0000021c354da600, 0x0000021c354da6b8]
Event: 22.863 Thread 0x0000021c44af1a60 9637   !   3       sun.nio.fs.WindowsFileAttributes::get (275 bytes)
Event: 22.867 Thread 0x0000021c44af1a60 nmethod 9637 0x0000021c2e6c7388 code [0x0000021c2e6c7480, 0x0000021c2e6c9598]
Event: 22.877 Thread 0x0000021c44af1a60 9638       1       org.codehaus.plexus.components.io.resources.AbstractPlexusIoResourceCollectionWithAttributes::getOverrideFileAttributes (5 bytes)
Event: 22.878 Thread 0x0000021c44af1a60 nmethod 9638 0x0000021c354da808 code [0x0000021c354da900, 0x0000021c354da9b8]
Event: 22.878 Thread 0x0000021c44af1a60 9639       1       org.codehaus.plexus.components.io.resources.AbstractPlexusIoResourceCollectionWithAttributes::getDefaultFileAttributes (5 bytes)
Event: 22.878 Thread 0x0000021c44af1a60 nmethod 9639 0x0000021c354dab08 code [0x0000021c354dac00, 0x0000021c354dacb8]
Event: 22.902 Thread 0x0000021c44af1a60 9642       3       sun.nio.fs.AbstractBasicFileAttributeView$AttributesBuilder::<init> (129 bytes)
Event: 22.903 Thread 0x0000021c44af1a60 nmethod 9642 0x0000021c2e6c9608 code [0x0000021c2e6c9700, 0x0000021c2e6caa48]
Event: 22.904 Thread 0x0000021c44af1a60 9640       3       sun.nio.fs.AbstractBasicFileAttributeView::readAttributes (22 bytes)
Event: 22.905 Thread 0x0000021c44af1a60 nmethod 9640 0x0000021c2e6caa88 code [0x0000021c2e6cab80, 0x0000021c2e6cb4a8]
Event: 22.905 Thread 0x0000021c44af1a60 9641       3       sun.nio.fs.AbstractBasicFileAttributeView$AttributesBuilder::create (10 bytes)
Event: 22.905 Thread 0x0000021c44af1a60 nmethod 9641 0x0000021c2e6cb508 code [0x0000021c2e6cb600, 0x0000021c2e6cb780]
Event: 22.905 Thread 0x0000021c44af1a60 9643       3       sun.nio.fs.AbstractBasicFileAttributeView::addRequestedBasicAttributes (205 bytes)
Event: 22.910 Thread 0x0000021c44af1a60 nmethod 9643 0x0000021c2e6cb808 code [0x0000021c2e6cb900, 0x0000021c2e6cdff8]
Event: 22.910 Thread 0x0000021c44af1a60 9644       3       sun.nio.fs.WindowsFileAttributes::creationTime (8 bytes)
Event: 22.910 Thread 0x0000021c44af1a60 nmethod 9644 0x0000021c2e6ce088 code [0x0000021c2e6ce180, 0x0000021c2e6ce2b0]
Event: 22.910 Thread 0x0000021c44af1a60 9645       3       sun.nio.fs.WindowsFileAttributes::lastAccessTime (8 bytes)
Event: 22.910 Thread 0x0000021c44af1a60 nmethod 9645 0x0000021c2e6ce388 code [0x0000021c2e6ce480, 0x0000021c2e6ce5b0]

GC Heap Usage History (20 events):
Event: 2.991 {heap Before GC invocations=8 (full 0):
 garbage-first heap   total reserved 4153344K, committed 36864K, used 20601K [0x0000000702800000, 0x0000000800000000)
  region size 2M, 6 eden (12M), 1 survivor (2M), 5 old (10M), 0 humongous (0M), 6 free (12M)
}
Event: 3.001 {heap After GC invocations=9 (full 0):
 garbage-first heap   total reserved 4153344K, committed 36864K, used 11331K [0x0000000702800000, 0x0000000800000000)
  region size 2M, 0 eden (0M), 1 survivor (2M), 5 old (10M), 0 humongous (0M), 12 free (24M)
}
Event: 4.370 {heap Before GC invocations=9 (full 0):
 garbage-first heap   total reserved 4153344K, committed 36864K, used 23619K [0x0000000702800000, 0x0000000800000000)
  region size 2M, 7 eden (14M), 1 survivor (2M), 5 old (10M), 0 humongous (0M), 5 free (10M)
}
Event: 4.388 {heap After GC invocations=10 (full 0):
 garbage-first heap   total reserved 4153344K, committed 36864K, used 13239K [0x0000000702800000, 0x0000000800000000)
  region size 2M, 0 eden (0M), 1 survivor (2M), 6 old (12M), 0 humongous (0M), 11 free (22M)
}
Event: 5.305 {heap Before GC invocations=10 (full 0):
 garbage-first heap   total reserved 4153344K, committed 36864K, used 27575K [0x0000000702800000, 0x0000000800000000)
  region size 2M, 7 eden (14M), 1 survivor (2M), 6 old (12M), 0 humongous (0M), 4 free (8M)
}
Event: 5.323 {heap After GC invocations=11 (full 0):
 garbage-first heap   total reserved 4153344K, committed 36864K, used 15144K [0x0000000702800000, 0x0000000800000000)
  region size 2M, 0 eden (0M), 1 survivor (2M), 7 old (14M), 0 humongous (0M), 10 free (20M)
}
Event: 5.862 {heap Before GC invocations=11 (full 0):
 garbage-first heap   total reserved 4153344K, committed 36864K, used 27432K [0x0000000702800000, 0x0000000800000000)
  region size 2M, 6 eden (12M), 1 survivor (2M), 7 old (14M), 0 humongous (0M), 4 free (8M)
}
Event: 5.875 {heap After GC invocations=12 (full 0):
 garbage-first heap   total reserved 4153344K, committed 36864K, used 16452K [0x0000000702800000, 0x0000000800000000)
  region size 2M, 0 eden (0M), 1 survivor (2M), 8 old (16M), 0 humongous (0M), 9 free (18M)
}
Event: 6.266 {heap Before GC invocations=12 (full 0):
 garbage-first heap   total reserved 4153344K, committed 36864K, used 28740K [0x0000000702800000, 0x0000000800000000)
  region size 2M, 6 eden (12M), 1 survivor (2M), 8 old (16M), 0 humongous (0M), 3 free (6M)
}
Event: 6.278 {heap After GC invocations=13 (full 0):
 garbage-first heap   total reserved 4153344K, committed 110592K, used 17674K [0x0000000702800000, 0x0000000800000000)
  region size 2M, 0 eden (0M), 1 survivor (2M), 8 old (16M), 0 humongous (0M), 45 free (90M)
}
Event: 9.130 {heap Before GC invocations=13 (full 0):
 garbage-first heap   total reserved 4153344K, committed 110592K, used 81162K [0x0000000702800000, 0x0000000800000000)
  region size 2M, 31 eden (62M), 1 survivor (2M), 8 old (16M), 0 humongous (0M), 14 free (28M)
}
Event: 9.153 {heap After GC invocations=14 (full 0):
 garbage-first heap   total reserved 4153344K, committed 110592K, used 21383K [0x0000000702800000, 0x0000000800000000)
  region size 2M, 0 eden (0M), 3 survivor (6M), 8 old (16M), 0 humongous (0M), 43 free (86M)
}
Event: 11.280 {heap Before GC invocations=14 (full 0):
 garbage-first heap   total reserved 4153344K, committed 110592K, used 56199K [0x0000000702800000, 0x0000000800000000)
  region size 2M, 16 eden (32M), 3 survivor (6M), 8 old (16M), 2 humongous (4M), 25 free (50M)
}
Event: 11.311 {heap After GC invocations=15 (full 0):
 garbage-first heap   total reserved 4153344K, committed 110592K, used 30424K [0x0000000702800000, 0x0000000800000000)
  region size 2M, 0 eden (0M), 4 survivor (8M), 9 old (18M), 2 humongous (4M), 39 free (78M)
}
Event: 13.961 {heap Before GC invocations=16 (full 0):
 garbage-first heap   total reserved 4153344K, committed 110592K, used 87768K [0x0000000702800000, 0x0000000800000000)
  region size 2M, 28 eden (56M), 4 survivor (8M), 9 old (18M), 2 humongous (4M), 11 free (22M)
}
Event: 14.014 {heap After GC invocations=17 (full 0):
 garbage-first heap   total reserved 4153344K, committed 114688K, used 48079K [0x0000000702800000, 0x0000000800000000)
  region size 2M, 0 eden (0M), 4 survivor (8M), 18 old (36M), 2 humongous (4M), 32 free (64M)
}
Event: 15.119 {heap Before GC invocations=17 (full 0):
 garbage-first heap   total reserved 4153344K, committed 114688K, used 91087K [0x0000000702800000, 0x0000000800000000)
  region size 2M, 21 eden (42M), 4 survivor (8M), 18 old (36M), 2 humongous (4M), 11 free (22M)
}
Event: 15.189 {heap After GC invocations=18 (full 0):
 garbage-first heap   total reserved 4153344K, committed 114688K, used 54272K [0x0000000702800000, 0x0000000800000000)
  region size 2M, 0 eden (0M), 4 survivor (8M), 21 old (42M), 2 humongous (4M), 29 free (58M)
}
Event: 17.897 {heap Before GC invocations=18 (full 0):
 garbage-first heap   total reserved 4153344K, committed 114688K, used 93184K [0x0000000702800000, 0x0000000800000000)
  region size 2M, 19 eden (38M), 4 survivor (8M), 21 old (42M), 2 humongous (4M), 10 free (20M)
}
Event: 17.939 {heap After GC invocations=19 (full 0):
 garbage-first heap   total reserved 4153344K, committed 344064K, used 58535K [0x0000000702800000, 0x0000000800000000)
  region size 2M, 0 eden (0M), 2 survivor (4M), 25 old (50M), 2 humongous (4M), 139 free (278M)
}

Metaspace Usage History (20 events):
Event: 2.991 {metaspace Before GC invocations=8 (full 0):
 Metaspace       used 8778K, committed 8960K, reserved 1114112K
  class space    used 1076K, committed 1152K, reserved 1048576K
}
Event: 3.001 {metaspace After GC invocations=9 (full 0):
 Metaspace       used 8778K, committed 8960K, reserved 1114112K
  class space    used 1076K, committed 1152K, reserved 1048576K
}
Event: 4.370 {metaspace Before GC invocations=9 (full 0):
 Metaspace       used 11477K, committed 11648K, reserved 1114112K
  class space    used 1462K, committed 1536K, reserved 1048576K
}
Event: 4.388 {metaspace After GC invocations=10 (full 0):
 Metaspace       used 11477K, committed 11648K, reserved 1114112K
  class space    used 1462K, committed 1536K, reserved 1048576K
}
Event: 5.305 {metaspace Before GC invocations=10 (full 0):
 Metaspace       used 14168K, committed 14400K, reserved 1114112K
  class space    used 1790K, committed 1920K, reserved 1048576K
}
Event: 5.323 {metaspace After GC invocations=11 (full 0):
 Metaspace       used 14168K, committed 14400K, reserved 1114112K
  class space    used 1790K, committed 1920K, reserved 1048576K
}
Event: 5.862 {metaspace Before GC invocations=11 (full 0):
 Metaspace       used 14979K, committed 15232K, reserved 1114112K
  class space    used 1872K, committed 1984K, reserved 1048576K
}
Event: 5.875 {metaspace After GC invocations=12 (full 0):
 Metaspace       used 14979K, committed 15232K, reserved 1114112K
  class space    used 1872K, committed 1984K, reserved 1048576K
}
Event: 6.266 {metaspace Before GC invocations=12 (full 0):
 Metaspace       used 15278K, committed 15488K, reserved 1114112K
  class space    used 1892K, committed 1984K, reserved 1048576K
}
Event: 6.278 {metaspace After GC invocations=13 (full 0):
 Metaspace       used 15278K, committed 15488K, reserved 1114112K
  class space    used 1892K, committed 1984K, reserved 1048576K
}
Event: 9.130 {metaspace Before GC invocations=13 (full 0):
 Metaspace       used 16877K, committed 17088K, reserved 1114112K
  class space    used 2038K, committed 2112K, reserved 1048576K
}
Event: 9.153 {metaspace After GC invocations=14 (full 0):
 Metaspace       used 16877K, committed 17088K, reserved 1114112K
  class space    used 2038K, committed 2112K, reserved 1048576K
}
Event: 11.280 {metaspace Before GC invocations=14 (full 0):
 Metaspace       used 21235K, committed 21504K, reserved 1114112K
  class space    used 2588K, committed 2688K, reserved 1048576K
}
Event: 11.311 {metaspace After GC invocations=15 (full 0):
 Metaspace       used 21235K, committed 21504K, reserved 1114112K
  class space    used 2588K, committed 2688K, reserved 1048576K
}
Event: 13.961 {metaspace Before GC invocations=16 (full 0):
 Metaspace       used 26158K, committed 26560K, reserved 1114112K
  class space    used 3137K, committed 3328K, reserved 1048576K
}
Event: 14.014 {metaspace After GC invocations=17 (full 0):
 Metaspace       used 26158K, committed 26560K, reserved 1114112K
  class space    used 3137K, committed 3328K, reserved 1048576K
}
Event: 15.119 {metaspace Before GC invocations=17 (full 0):
 Metaspace       used 26587K, committed 26944K, reserved 1114112K
  class space    used 3157K, committed 3328K, reserved 1048576K
}
Event: 15.189 {metaspace After GC invocations=18 (full 0):
 Metaspace       used 26587K, committed 26944K, reserved 1114112K
  class space    used 3157K, committed 3328K, reserved 1048576K
}
Event: 17.897 {metaspace Before GC invocations=18 (full 0):
 Metaspace       used 28762K, committed 29120K, reserved 1114112K
  class space    used 3395K, committed 3584K, reserved 1048576K
}
Event: 17.939 {metaspace After GC invocations=19 (full 0):
 Metaspace       used 28762K, committed 29120K, reserved 1114112K
  class space    used 3395K, committed 3584K, reserved 1048576K
}

Dll operation events (14 events):
Event: 0.017 Attempting to load shared library C:\Program Files\Java\jdk-26.0.1\bin\java.dll
Event: 0.026 Loaded shared library C:\Program Files\Java\jdk-26.0.1\bin\java.dll
Event: 0.135 Attempting to load shared library C:\Program Files\Java\jdk-26.0.1\bin\net.dll
Event: 0.136 Loaded shared library C:\Program Files\Java\jdk-26.0.1\bin\net.dll
Event: 0.138 Attempting to load shared library C:\Program Files\Java\jdk-26.0.1\bin\nio.dll
Event: 0.139 Loaded shared library C:\Program Files\Java\jdk-26.0.1\bin\nio.dll
Event: 0.162 Attempting to load shared library C:\Program Files\Java\jdk-26.0.1\bin\zip.dll
Event: 0.163 Loaded shared library C:\Program Files\Java\jdk-26.0.1\bin\zip.dll
Event: 0.633 Attempting to load shared library C:\Program Files\NetBeans-30\netbeans\java\maven\lib\jansi-native\Windows\x86_64\jansi.dll
Event: 0.634 Attempting to load shared library C:\Program Files\Java\jdk-26.0.1\bin\jimage.dll
Event: 0.634 Loaded shared library C:\Program Files\Java\jdk-26.0.1\bin\jimage.dll
Event: 0.634 Loaded shared library C:\Program Files\NetBeans-30\netbeans\java\maven\lib\jansi-native\Windows\x86_64\jansi.dll
Event: 0.666 Attempting to load shared library C:\Program Files\Java\jdk-26.0.1\bin\verify.dll
Event: 0.667 Loaded shared library C:\Program Files\Java\jdk-26.0.1\bin\verify.dll

Deoptimization events (20 events):
Event: 22.352 Thread 0x0000021c225750e0 Uncommon trap: trap_request=0xffffff45 fr.pc=0x0000021c3532a860 relative=0x0000000000000360
Event: 22.352 Thread 0x0000021c225750e0 Uncommon trap: reason=unstable_if action=reinterpret pc=0x0000021c3532a860 method=java.lang.invoke.MethodType.genericMethodType(IZ)Ljava/lang/invoke/MethodType; @ 27 c2
Event: 22.352 Thread 0x0000021c225750e0 DEOPT PACKING pc=0x0000021c3532a860 sp=0x0000007d6c7fc8a0
Event: 22.352 Thread 0x0000021c225750e0 DEOPT UNPACKING pc=0x0000021c34cb2282 sp=0x0000007d6c7fc7b0 mode 2
Event: 22.503 Thread 0x0000021c225750e0 Uncommon trap: trap_request=0xffffff45 fr.pc=0x0000021c353db12c relative=0x000000000000022c
Event: 22.503 Thread 0x0000021c225750e0 Uncommon trap: reason=unstable_if action=reinterpret pc=0x0000021c353db12c method=java.lang.StringLatin1.lastIndexOf([BI[BII)I @ 86 c2
Event: 22.503 Thread 0x0000021c225750e0 DEOPT PACKING pc=0x0000021c353db12c sp=0x0000007d6c7fd7a0
Event: 22.503 Thread 0x0000021c225750e0 DEOPT UNPACKING pc=0x0000021c34cb2282 sp=0x0000007d6c7fd680 mode 2
Event: 22.526 Thread 0x0000021c225750e0 Uncommon trap: trap_request=0xffffffc6 fr.pc=0x0000021c35430664 relative=0x00000000000005e4
Event: 22.526 Thread 0x0000021c225750e0 Uncommon trap: reason=bimorphic_or_optimized_type_check action=maybe_recompile pc=0x0000021c35430664 method=java.util.Spliterators$IteratorSpliterator.tryAdvance(Ljava/util/function/Consumer;)Z @ 63 c2
Event: 22.527 Thread 0x0000021c225750e0 DEOPT PACKING pc=0x0000021c35430664 sp=0x0000007d6c7fdaa0
Event: 22.527 Thread 0x0000021c225750e0 DEOPT UNPACKING pc=0x0000021c34cb2282 sp=0x0000007d6c7fd880 mode 2
Event: 22.534 Thread 0x0000021c225750e0 Uncommon trap: trap_request=0xffffffc6 fr.pc=0x0000021c3543b1bc relative=0x00000000000004bc
Event: 22.534 Thread 0x0000021c225750e0 Uncommon trap: reason=bimorphic_or_optimized_type_check action=maybe_recompile pc=0x0000021c3543b1bc method=java.util.Spliterators$IteratorSpliterator.tryAdvance(Ljava/util/function/Consumer;)Z @ 63 c2
Event: 22.534 Thread 0x0000021c225750e0 DEOPT PACKING pc=0x0000021c3543b1bc sp=0x0000007d6c7fda20
Event: 22.534 Thread 0x0000021c225750e0 DEOPT UNPACKING pc=0x0000021c34cb2282 sp=0x0000007d6c7fd878 mode 2
Event: 22.536 Thread 0x0000021c225750e0 Uncommon trap: trap_request=0xffffff6e fr.pc=0x0000021c354ccb9c relative=0x000000000000121c
Event: 22.536 Thread 0x0000021c225750e0 Uncommon trap: reason=predicate action=maybe_recompile pc=0x0000021c354ccb9c method=java.util.TimSort.binarySort([Ljava/lang/Object;IIILjava/util/Comparator;)V @ 73 c2
Event: 22.536 Thread 0x0000021c225750e0 DEOPT PACKING pc=0x0000021c354ccb9c sp=0x0000007d6c7fe1e0
Event: 22.536 Thread 0x0000021c225750e0 DEOPT UNPACKING pc=0x0000021c34cb2282 sp=0x0000007d6c7fe1b0 mode 2

Classes loaded (20 events):
Event: 22.518 Loading class java/util/stream/WhileOps$1Op
Event: 22.519 Loading class java/util/stream/WhileOps$DropWhileOp
Event: 22.519 Loading class java/util/stream/WhileOps$DropWhileOp done
Event: 22.519 Loading class java/util/stream/WhileOps$1Op done
Event: 22.521 Loading class java/util/stream/WhileOps$1Op$1OpSink
Event: 22.521 Loading class java/util/stream/WhileOps$DropWhileSink
Event: 22.521 Loading class java/util/stream/WhileOps$DropWhileSink done
Event: 22.521 Loading class java/util/stream/WhileOps$1Op$1OpSink done
Event: 22.521 Loading class java/util/ReverseOrderListView$DescendingIterator
Event: 22.526 Loading class java/util/ReverseOrderListView$DescendingIterator done
Event: 22.526 Loading class java/util/Collections$UnmodifiableList$1
Event: 22.526 Loading class java/util/Collections$UnmodifiableList$1 done
Event: 22.531 Loading class java/util/Formatter$FormatSpecifierParser
Event: 22.532 Loading class java/util/Formatter$FormatSpecifierParser done
Event: 22.532 Loading class java/text/MessageFormat$Field
Event: 22.533 Loading class java/text/MessageFormat$Field done
Event: 22.537 Loading class java/io/FileOutputStream$1
Event: 22.538 Loading class java/io/FileOutputStream$1 done
Event: 22.548 Loading class java/util/Vector$Itr
Event: 22.548 Loading class java/util/Vector$Itr done

Classes unloaded (0 events):
No events

Classes redefined (0 events):
No events

Internal exceptions (20 events):
Event: 19.448 Thread 0x0000021c225750e0 Exception <a 'sun/nio/fs/WindowsException'{0x00000007156fe7f8}> (0x00000007156fe7f8) 
thrown [s\open\src\hotspot\share\prims\jni.cpp, line 514]
Event: 19.506 Thread 0x0000021c225750e0 Exception <a 'sun/nio/fs/WindowsException'{0x00000007154b6630}> (0x00000007154b6630) 
thrown [s\open\src\hotspot\share\prims\jni.cpp, line 514]
Event: 19.513 Thread 0x0000021c225750e0 Exception <a 'sun/nio/fs/WindowsException'{0x00000007154ccc70}> (0x00000007154ccc70) 
thrown [s\open\src\hotspot\share\prims\jni.cpp, line 514]
Event: 19.517 Thread 0x0000021c225750e0 Exception <a 'sun/nio/fs/WindowsException'{0x00000007154d4ba8}> (0x00000007154d4ba8) 
thrown [s\open\src\hotspot\share\prims\jni.cpp, line 514]
Event: 19.521 Thread 0x0000021c225750e0 Exception <a 'java/lang/IncompatibleClassChangeError'{0x00000007154ecb80}: Found class java.lang.Object, but interface was expected> (0x00000007154ecb80) 
thrown [s\open\src\hotspot\share\interpreter\linkResolver.cpp, line 871]
Event: 19.767 Thread 0x0000021c225750e0 Exception <a 'sun/nio/fs/WindowsException'{0x00000007153607c0}> (0x00000007153607c0) 
thrown [s\open\src\hotspot\share\prims\jni.cpp, line 514]
Event: 19.768 Thread 0x0000021c225750e0 Exception <a 'sun/nio/fs/WindowsException'{0x0000000715360e80}> (0x0000000715360e80) 
thrown [s\open\src\hotspot\share\prims\jni.cpp, line 514]
Event: 19.773 Thread 0x0000021c225750e0 Exception <a 'sun/nio/fs/WindowsException'{0x0000000715371350}> (0x0000000715371350) 
thrown [s\open\src\hotspot\share\prims\jni.cpp, line 514]
Event: 20.528 Thread 0x0000021c4acfc9f0 Exception <a 'java/lang/NoSuchMethodError'{0x0000000713faa120}: 'java.lang.Object java.lang.invoke.DirectMethodHandle$Holder.invokeStatic(java.lang.Object, long, java.lang.Object)'> (0x0000000713faa120) 
thrown [s\open\src\hotspot\share\interpreter\linkResolver.cpp, line 804]
Event: 20.528 Thread 0x0000021c4acfc9f0 Exception <a 'java/lang/NoSuchMethodError'{0x0000000713fb1fa0}: 'java.lang.Object java.lang.invoke.DirectMethodHandle$Holder.invokeStaticInit(java.lang.Object, long, java.lang.Object)'> (0x0000000713fb1fa0) 
thrown [s\open\src\hotspot\share\interpreter\linkResolver.cpp, line 804]
Event: 20.529 Thread 0x0000021c4acfc9f0 Exception <a 'java/lang/NoSuchMethodError'{0x0000000713fc11b0}: 'java.lang.Object java.lang.invoke.DirectMethodHandle$Holder.newInvokeSpecial(java.lang.Object, long)'> (0x0000000713fc11b0) 
thrown [s\open\src\hotspot\share\interpreter\linkResolver.cpp, line 804]
Event: 20.537 Thread 0x0000021c4acfc9f0 Exception <a 'java/lang/NoSuchMethodError'{0x0000000713fcb0d8}: 'long java.lang.invoke.DirectMethodHandle$Holder.invokeInterface(java.lang.Object, java.lang.Object)'> (0x0000000713fcb0d8) 
thrown [s\open\src\hotspot\share\interpreter\linkResolver.cpp, line 804]
Event: 20.543 Thread 0x0000021c4acfc9f0 Exception <a 'java/lang/NoSuchMethodError'{0x0000000713fd32e0}: 'java.lang.Object java.lang.invoke.DirectMethodHandle$Holder.invokeStatic(java.lang.Object, long)'> (0x0000000713fd32e0) 
thrown [s\open\src\hotspot\share\interpreter\linkResolver.cpp, line 804]
Event: 20.547 Thread 0x0000021c4acfc9f0 Exception <a 'java/lang/NoSuchMethodError'{0x0000000713fe4f70}: 'long java.lang.invoke.DelegatingMethodHandle$Holder.reinvoke_L(java.lang.Object, java.lang.Object)'> (0x0000000713fe4f70) 
thrown [s\open\src\hotspot\share\interpreter\linkResolver.cpp, line 804]
Event: 22.335 Thread 0x0000021c225750e0 Exception <a 'java/lang/NoSuchMethodError'{0x0000000712117d78}: 'java.lang.Object java.lang.invoke.DirectMethodHandle$Holder.invokeStatic(java.lang.Object, java.lang.Object, java.lang.Object, java.lang.Object, java.lang.Object, java.lang.Object, java.lang.Object, java.lang.Object, java.lang.Object)'> (0x0000000712117d78) 
thrown [s\open\src\hotspot\share\interpreter\linkResolver.cpp, line 804]
Event: 22.353 Thread 0x0000021c225750e0 Exception <a 'java/lang/NoSuchMethodError'{0x000000071213d348}: 'java.lang.Object java.lang.invoke.DirectMethodHandle$Holder.invokeStatic(java.lang.Object, java.lang.Object, java.lang.Object, java.lang.Object, java.lang.Object, java.lang.Object, java.lang.Object, java.lang.Object, java.lang.Object, java.lang.Object)'> (0x000000071213d348) 
thrown [s\open\src\hotspot\share\interpreter\linkResolver.cpp, line 804]
Event: 22.367 Thread 0x0000021c225750e0 Exception <a 'java/lang/NoSuchMethodError'{0x0000000712152790}: 'java.lang.Object java.lang.invoke.DirectMethodHandle$Holder.invokeStatic(java.lang.Object, java.lang.Object, int)'> (0x0000000712152790) 
thrown [s\open\src\hotspot\share\interpreter\linkResolver.cpp, line 804]
Event: 22.368 Thread 0x0000021c225750e0 Exception <a 'java/lang/NoSuchMethodError'{0x000000071215b088}: 'void java.lang.invoke.DirectMethodHandle$Holder.invokeStatic(java.lang.Object, java.lang.Object, int, java.lang.Object)'> (0x000000071215b088) 
thrown [s\open\src\hotspot\share\interpreter\linkResolver.cpp, line 804]
Event: 22.370 Thread 0x0000021c225750e0 Exception <a 'java/lang/NoSuchMethodError'{0x000000071216b420}: 'void java.lang.invoke.DelegatingMethodHandle$Holder.delegate(java.lang.Object, java.lang.Object, int, java.lang.Object)'> (0x000000071216b420) 
thrown [s\open\src\hotspot\share\interpreter\linkResolver.cpp, line 804]
Event: 22.529 Thread 0x0000021c225750e0 Exception <a 'java/lang/NoSuchMethodError'{0x0000000711f75118}: 'long java.lang.invoke.DirectMethodHandle$Holder.invokeSpecial(java.lang.Object, java.lang.Object)'> (0x0000000711f75118) 
thrown [s\open\src\hotspot\share\interpreter\linkResolver.cpp, line 804]

VM Operations (20 events):
Event: 15.606 Executing non-safepoint VM operation: HandshakeAllThreads (Deoptimize)
Event: 15.606 Executing non-safepoint VM operation: HandshakeAllThreads (Deoptimize) done
Event: 15.643 Executing non-safepoint VM operation: HandshakeAllThreads (Deoptimize)
Event: 15.643 Executing non-safepoint VM operation: HandshakeAllThreads (Deoptimize) done
Event: 15.909 Executing non-safepoint VM operation: HandshakeAllThreads (Deoptimize)
Event: 15.909 Executing non-safepoint VM operation: HandshakeAllThreads (Deoptimize) done
Event: 15.912 Executing non-safepoint VM operation: HandshakeAllThreads (Deoptimize)
Event: 15.912 Executing non-safepoint VM operation: HandshakeAllThreads (Deoptimize) done
Event: 16.209 Executing non-safepoint VM operation: HandshakeAllThreads (Deoptimize)
Event: 16.209 Executing non-safepoint VM operation: HandshakeAllThreads (Deoptimize) done
Event: 17.897 Executing safepoint VM operation: G1CollectForAllocation (G1 Evacuation Pause)
Event: 17.939 Executing safepoint VM operation: G1CollectForAllocation (G1 Evacuation Pause) done
Event: 18.685 Executing non-safepoint VM operation: HandshakeAllThreads (Deoptimize)
Event: 18.685 Executing non-safepoint VM operation: HandshakeAllThreads (Deoptimize) done
Event: 20.424 Executing non-safepoint VM operation: HandshakeAllThreads (Deoptimize)
Event: 20.424 Executing non-safepoint VM operation: HandshakeAllThreads (Deoptimize) done
Event: 20.436 Executing non-safepoint VM operation: HandshakeAllThreads (Deoptimize)
Event: 20.436 Executing non-safepoint VM operation: HandshakeAllThreads (Deoptimize) done
Event: 21.992 Executing non-safepoint VM operation: HandshakeAllThreads (Deoptimize)
Event: 21.992 Executing non-safepoint VM operation: HandshakeAllThreads (Deoptimize) done

Memory protections (0 events):
No events

Nmethod flushes (20 events):
Event: 11.360 Thread 0x0000021c44aa1700 flushing  nmethod 0x0000021c2d674188
Event: 11.360 Thread 0x0000021c44aa1700 flushing  nmethod 0x0000021c2d674508
Event: 11.360 Thread 0x0000021c44aa1700 flushing  nmethod 0x0000021c2d676508
Event: 11.360 Thread 0x0000021c44aa1700 flushing  nmethod 0x0000021c2d676a88
Event: 11.360 Thread 0x0000021c44aa1700 flushing  nmethod 0x0000021c2d676e08
Event: 11.360 Thread 0x0000021c44aa1700 flushing  nmethod 0x0000021c2d678888
Event: 11.360 Thread 0x0000021c44aa1700 flushing  nmethod 0x0000021c2d67a208
Event: 11.360 Thread 0x0000021c44aa1700 flushing  nmethod 0x0000021c2d67a508
Event: 11.360 Thread 0x0000021c44aa1700 flushing  nmethod 0x0000021c2d680308
Event: 11.360 Thread 0x0000021c44aa1700 flushing  nmethod 0x0000021c2d684088
Event: 11.360 Thread 0x0000021c44aa1700 flushing  nmethod 0x0000021c2d684e88
Event: 11.360 Thread 0x0000021c44aa1700 flushing  nmethod 0x0000021c2d68f708
Event: 11.360 Thread 0x0000021c44aa1700 flushing  nmethod 0x0000021c2d68fd08
Event: 11.360 Thread 0x0000021c44aa1700 flushing  nmethod 0x0000021c2d690308
Event: 11.360 Thread 0x0000021c44aa1700 flushing  nmethod 0x0000021c2d690908
Event: 11.360 Thread 0x0000021c44aa1700 flushing  nmethod 0x0000021c2d6a6e08
Event: 11.360 Thread 0x0000021c44aa1700 flushing  nmethod 0x0000021c2d6acf88
Event: 11.360 Thread 0x0000021c44aa1700 flushing  nmethod 0x0000021c2d6ba108
Event: 11.360 Thread 0x0000021c44aa1700 flushing  nmethod 0x0000021c2d6ba788
Event: 11.360 Thread 0x0000021c44aa1700 flushing  nmethod 0x0000021c2d725888

Events (20 events):
Event: 0.106 Thread 0x0000021c225750e0 Thread added: 0x0000021c44ab9800
Event: 0.106 Thread 0x0000021c225750e0 Thread added: 0x0000021c44aba3b0
Event: 0.106 Thread 0x0000021c225750e0 Thread added: 0x0000021c44ac7100
Event: 0.106 Thread 0x0000021c225750e0 Thread added: 0x0000021c44ac9660
Event: 0.107 Thread 0x0000021c225750e0 Thread added: 0x0000021c44af1a60
Event: 0.124 Thread 0x0000021c225750e0 Thread added: 0x0000021c44ac27f0
Event: 0.132 Thread 0x0000021c225750e0 Thread added: 0x0000021c44ac2fc0
Event: 0.629 Thread 0x0000021c225750e0 Thread added: 0x0000021c44ac00e0
Event: 1.042 Thread 0x0000021c44af1a60 Thread added: 0x0000021c497a9a60
Event: 1.404 Thread 0x0000021c497a9a60 Thread exited: 0x0000021c497a9a60
Event: 1.563 Thread 0x0000021c44af1a60 Thread added: 0x0000021c499841d0
Event: 1.800 Thread 0x0000021c44af1a60 Thread added: 0x0000021c49985a00
Event: 2.460 Thread 0x0000021c49985a00 Thread exited: 0x0000021c49985a00
Event: 2.695 Thread 0x0000021c499841d0 Thread exited: 0x0000021c499841d0
Event: 3.144 Thread 0x0000021c44ac00e0 Thread exited: 0x0000021c44ac00e0
Event: 4.461 Thread 0x0000021c44af1a60 Thread added: 0x0000021c49dc2040
Event: 8.523 Thread 0x0000021c49dc2040 Thread exited: 0x0000021c49dc2040
Event: 8.562 Thread 0x0000021c44af1a60 Thread added: 0x0000021c49dc58b0
Event: 20.429 Thread 0x0000021c225750e0 Thread added: 0x0000021c4acfc9f0
Event: 20.550 Thread 0x0000021c4acfc9f0 Thread exited: 0x0000021c4acfc9f0


Dynamic libraries:
0x00007ff7008e0000 - 0x00007ff7008ee000 	C:\Program Files\Java\jdk-26.0.1\bin\java.exe
0x00007ffa12600000 - 0x00007ffa12866000 	C:\WINDOWS\SYSTEM32\ntdll.dll
0x00007ffa11790000 - 0x00007ffa11859000 	C:\WINDOWS\System32\KERNEL32.DLL
0x00007ffa0fb00000 - 0x00007ffa0fefe000 	C:\WINDOWS\System32\KERNELBASE.dll
0x00007ffa0f9a0000 - 0x00007ffa0faec000 	C:\WINDOWS\System32\ucrtbase.dll
0x00007ff9deec0000 - 0x00007ff9deed7000 	C:\Program Files\Java\jdk-26.0.1\bin\jli.dll
0x00007ff9deee0000 - 0x00007ff9deefe000 	C:\Program Files\Java\jdk-26.0.1\bin\VCRUNTIME140.dll
0x00007ffa11580000 - 0x00007ffa11747000 	C:\WINDOWS\System32\USER32.dll
0x00007ffa0f820000 - 0x00007ffa0f847000 	C:\WINDOWS\System32\win32u.dll
0x00007ff9f4790000 - 0x00007ff9f4a22000 	C:\WINDOWS\WinSxS\amd64_microsoft.windows.common-controls_6595b64144ccf1df_6.0.26100.8875_none_3e0d5d42e32fe9dd\COMCTL32.dll
0x00007ffa11a40000 - 0x00007ffa11ae9000 	C:\WINDOWS\System32\msvcrt.dll
0x00007ffa10d10000 - 0x00007ffa10d3b000 	C:\WINDOWS\System32\GDI32.dll
0x00007ffa0ff10000 - 0x00007ffa1003a000 	C:\WINDOWS\System32\gdi32full.dll
0x00007ffa10100000 - 0x00007ffa101a3000 	C:\WINDOWS\System32\msvcp_win.dll
0x00007ffa11750000 - 0x00007ffa11782000 	C:\WINDOWS\System32\IMM32.DLL
0x00007ff9e0970000 - 0x00007ff9e097c000 	C:\Program Files\Java\jdk-26.0.1\bin\vcruntime140_1.dll
0x00007ff9deaa0000 - 0x00007ff9deb2d000 	C:\Program Files\Java\jdk-26.0.1\bin\msvcp140.dll
0x00007ff9ddbd0000 - 0x00007ff9dea9e000 	C:\Program Files\Java\jdk-26.0.1\bin\server\jvm.dll
0x00007ffa11010000 - 0x00007ffa110c7000 	C:\WINDOWS\System32\ADVAPI32.dll
0x00007ffa110d0000 - 0x00007ffa1117a000 	C:\WINDOWS\System32\sechost.dll
0x00007ffa12390000 - 0x00007ffa124a8000 	C:\WINDOWS\System32\RPCRT4.dll
0x00007ffa122f0000 - 0x00007ffa12370000 	C:\WINDOWS\System32\WS2_32.dll
0x00007ff9fa830000 - 0x00007ff9fa866000 	C:\WINDOWS\SYSTEM32\WINMM.dll
0x00007ffa0f680000 - 0x00007ffa0f6de000 	C:\WINDOWS\SYSTEM32\POWRPROF.dll
0x00007ffa03a60000 - 0x00007ffa03a6b000 	C:\WINDOWS\SYSTEM32\VERSION.dll
0x00007ffa0f660000 - 0x00007ffa0f674000 	C:\WINDOWS\SYSTEM32\UMPDC.dll
0x00007ffa0e4c0000 - 0x00007ffa0e4db000 	C:\WINDOWS\SYSTEM32\kernel.appcore.dll
0x00007ff9dd060000 - 0x00007ff9dd06a000 	C:\Program Files\Java\jdk-26.0.1\bin\jimage.dll
0x00007ffa09d80000 - 0x00007ffa09fc2000 	C:\WINDOWS\SYSTEM32\DBGHELP.DLL
0x00007ffa11180000 - 0x00007ffa11503000 	C:\WINDOWS\System32\combase.dll
0x00007ffa10430000 - 0x00007ffa10509000 	C:\WINDOWS\System32\OLEAUT32.dll
0x00007ff9e9980000 - 0x00007ff9e99bb000 	C:\WINDOWS\SYSTEM32\dbgcore.DLL
0x00007ffa0f8e0000 - 0x00007ffa0f98c000 	C:\WINDOWS\System32\bcryptPrimitives.dll
0x00007ff9dcf70000 - 0x00007ff9dcf8f000 	C:\Program Files\Java\jdk-26.0.1\bin\java.dll
0x00007ffa11fb0000 - 0x00007ffa12149000 	C:\WINDOWS\System32\ole32.dll
0x00007ffa10570000 - 0x00007ffa10d02000 	C:\WINDOWS\System32\SHELL32.dll
0x00007ffa0d2a0000 - 0x00007ffa0db32000 	C:\WINDOWS\SYSTEM32\windows.storage.dll
0x00007ffa10f00000 - 0x00007ffa10ff7000 	C:\WINDOWS\System32\SHCORE.dll
0x00007ffa11510000 - 0x00007ffa11577000 	C:\WINDOWS\System32\shlwapi.dll
0x00007ffa0f740000 - 0x00007ffa0f769000 	C:\WINDOWS\SYSTEM32\profapi.dll
0x00007ff9db510000 - 0x00007ff9db522000 	C:\Program Files\Java\jdk-26.0.1\bin\net.dll
0x00007ffa0ea50000 - 0x00007ffa0eabc000 	C:\WINDOWS\system32\mswsock.dll
0x00007ff9db4f0000 - 0x00007ff9db506000 	C:\Program Files\Java\jdk-26.0.1\bin\nio.dll
0x00007ff9db490000 - 0x00007ff9db4a7000 	C:\Program Files\Java\jdk-26.0.1\bin\zip.dll
0x00007ff9f5af0000 - 0x00007ff9f5b14000 	C:\Program Files\NetBeans-30\netbeans\java\maven\lib\jansi-native\Windows\x86_64\jansi.dll
0x00007ff9d6d90000 - 0x00007ff9d6da0000 	C:\Program Files\Java\jdk-26.0.1\bin\verify.dll

JVMTI agents: none

dbghelp: loaded successfully - version: 4.0.5 - missing functions: none
symbol engine: initialized successfully - sym options: 0x614 - pdb path: .;C:\Program Files\Java\jdk-26.0.1\bin;C:\WINDOWS\SYSTEM32;C:\WINDOWS\WinSxS\amd64_microsoft.windows.common-controls_6595b64144ccf1df_6.0.26100.8875_none_3e0d5d42e32fe9dd;C:\Program Files\Java\jdk-26.0.1\bin\server;C:\Program Files\NetBeans-30\netbeans\java\maven\lib\jansi-native\Windows\x86_64

VM Arguments:
jvm_args: --enable-native-access=ALL-UNNAMED -Dclassworlds.conf=C:\Program Files\NetBeans-30\netbeans\java\maven\bin\m2.conf -Dmaven.home=C:\Program Files\NetBeans-30\netbeans\java\maven -Dlibrary.jansi.path=C:\Program Files\NetBeans-30\netbeans\java\maven\lib\jansi-native -Dmaven.multiModuleProjectDirectory=D:\NEOTEMP\CODE\SHIPSHUK\BULBULLER\bb-rest-api\v2_maven\bb-rest-api 
java_command: org.codehaus.plexus.classworlds.launcher.Launcher -Dmaven.ext.class.path=C:\Program Files\NetBeans-30\netbeans\java\maven-nblib\netbeans-eventspy.jar --no-transfer-progress clean install -f pom-all.xml
java_class_path (initial): C:\Program Files\NetBeans-30\netbeans\java\maven\boot\plexus-classworlds-2.9.0.jar
Launcher Type: SUN_STANDARD

[Global flags]
     bool AOTAdapterCaching                        = false                                  {diagnostic} {ergonomic}
     bool AOTInvokeDynamicLinking                  = false                                  {diagnostic} {ergonomic}
     bool AOTRecordTraining                        = false                                  {diagnostic} {ergonomic}
     bool AOTReplayTraining                        = false                                  {diagnostic} {ergonomic}
     bool AOTStubCaching                           = false                                  {diagnostic} {ergonomic}
     intx CICompilerCount                          = 4                                         {product} {ergonomic}
     uint ConcGCThreads                            = 2                                         {product} {ergonomic}
     uint G1ConcRefinementThreads                  = 8                                         {product} {ergonomic}
     uint G1EagerReclaimRemSetThreshold            = 16                                   {experimental} {ergonomic}
   size_t G1HeapRegionSize                         = 2097152                                   {product} {ergonomic}
     uint G1RemSetArrayOfCardsEntries              = 16                                   {experimental} {ergonomic}
     uint G1RemSetHowlMaxNumBuckets                = 8                                    {experimental} {ergonomic}
     uint G1RemSetHowlNumBuckets                   = 8                                    {experimental} {ergonomic}
   size_t InitialHeapSize                          = 8388608                                   {product} {ergonomic}
     bool IntelJccErratumMitigation                = true                              {ARCH diagnostic} {ergonomic}
   size_t MarkStackSize                            = 4194304                                   {product} {ergonomic}
   size_t MarkStackSizeMax                         = 536870912                                 {product} {ergonomic}
   size_t MaxHeapSize                              = 4253024256                                {product} {ergonomic}
   size_t MaxNewSize                               = 2550136832                                {product} {ergonomic}
 uint64_t MaxRAM                                   = 17007267840                               {product} {ergonomic}
   size_t MinHeapDeltaBytes                        = 2097152                                   {product} {ergonomic}
   size_t MinHeapSize                              = 8388608                                   {product} {ergonomic}
   size_t NonNMethodCodeHeapSize                   = 5898240                                {pd product} {ergonomic}
   size_t NonProfiledCodeHeapSize                  = 122945536                              {pd product} {ergonomic}
   size_t ProfiledCodeHeapSize                     = 122945536                              {pd product} {ergonomic}
   size_t ReservedCodeCacheSize                    = 251789312                              {pd product} {ergonomic}
     bool SegmentedCodeCache                       = true                                      {product} {ergonomic}
   size_t SoftMaxHeapSize                          = 4253024256                             {manageable} {ergonomic}
     bool UseCompressedOops                        = true                           {product lp64_product} {ergonomic}
     bool UseCondCardMark                          = true                                      {product} {ergonomic}
     bool UseFastUnorderedTimeStamps               = true                                 {experimental} {ergonomic}
     bool UseG1GC                                  = true                                      {product} {ergonomic}
     bool UseLargePagesIndividualAllocation        = false                                  {pd product} {ergonomic}
      int X86ICacheSync                            = 2                                 {ARCH diagnostic} {ergonomic}

Logging:
Log output configuration:
 #0: stdout all=warning uptime,level,tags foldmultilines=false
 #1: stderr all=off uptime,level,tags foldmultilines=false

Release file:
IMPLEMENTOR="Oracle Corporation" 
JAVA_RUNTIME_VERSION="26.0.1+8-34" 
JAVA_VERSION="26.0.1" 
JAVA_VERSION_DATE="2026-04-21" 
LIBC="default" 
MODULES="java.base java.compiler java.datatransfer java.xml java.prefs java.desktop java.instrument java.logging java.management java.security.sasl java.naming java.rmi java.management.rmi java.net.http java.scripting java.security.jgss java.transaction.xa java.sql java.sql.rowset java.xml.crypto java.se java.smartcardio jdk.accessibility jdk.internal.jvmstat jdk.attach jdk.charsets jdk.internal.opt jdk.zipfs jdk.compiler jdk.crypto.cryptoki jdk.crypto.ec jdk.crypto.mscapi jdk.dynalink jdk.internal.ed jdk.editpad jdk.internal.vm.ci jdk.graal.compiler jdk.graal.compiler.management jdk.hotspot.agent jdk.httpserver jdk.incubator.vector jdk.internal.le jdk.internal.md jdk.jartool jdk.javadoc jdk.jcmd jdk.management jdk.management.agent jdk.jconsole jdk.jdeps jdk.jdwp.agent jdk.jdi jdk.jfr jdk.jlink jdk.jpackage jdk.jshell jdk.jstatd jdk.localedata jdk.management.jfr jdk.naming.dns jdk.naming.rmi jdk.net jdk.nio.mapmode jdk.sctp jdk.security.auth jdk.security.jgss jdk.unsupported jdk.unsupported.desktop jdk.xml.dom" 
OS_ARCH="x86_64" 
OS_NAME="Windows" 
SOURCE=".:git:fcc00fc4aee7" 

Environment Variables:
JAVA_HOME=C:\Program Files\Java\jdk-26.0.1
PATH=%JAVA_HOME%\bin;C:\Windows\system32;C:\Windows;C:\Windows\System32\Wbem;C:\Windows\System32\WindowsPowerShell\v1.0\;C:\Windows\System32\OpenSSH\;C:\Program Files (x86)\NVIDIA Corporation\PhysX\Common;C:\Program Files\NVIDIA Corporation\NVIDIA NvDLISR;C:\Program Files\Java\jdk-26.0.1\bin;C:\Program Files\NetBeans-25\netbeans\extide\ant\bin;C:\Program Files\Common Files\Oracle\Java\javapath;C:\Program Files\OpenSSL-Win64\bin;C:\WINDOWS\system32;C:\WINDOWS;C:\WINDOWS\System32\Wbem;C:\WINDOWS\System32\WindowsPowerShell\v1.0\;C:\WINDOWS\System32\OpenSSH\;C:\Program Files\PuTTY\;C:\Users\Administrator\AppData\Local\Muse Hub\lib;C:\src\flutter\bin;C:\Program Files\Git\cmd;C:\Program Files\nodejs\;C:\Users\Administrator\AppData\Local\Programs\Python\Python313\Scripts\;C:\Users\Administrator\AppData\Local\Programs\Python\Python313\;C:\Program Files\MySQL\MySQL Shell 8.0\bin\;C:\Users\Administrator\AppData\Local\Microsoft\WindowsApps;C:\Users\Administrator\AppData\Local\Programs\Microsoft VS Code\bin;C:\Users\Administrator\AppData\Local\Muse Hub\lib;C:\Users\Administrator\AppData\Roaming\npm;C:\maven-3.9.16\bin;;C:\Program Files\NetBeans-30\netbeans\bin\
USERNAME=Administrator
OS=Windows_NT
PROCESSOR_IDENTIFIER=Intel64 Family 6 Model 142 Stepping 12, GenuineIntel
TMP=C:\Users\ADMINI~1\AppData\Local\Temp
TEMP=C:\Users\ADMINI~1\AppData\Local\Temp




Compilation memory statistics disabled.

Periodic native trim disabled

---------------  S Y S T E M  ---------------

OS:
 Windows 11 , 64 bit Build 26100 (10.0.26100.8875)
OS uptime: 5 days 2:29 hours
Hyper-V role detected

CPU: total 8 (initial active 8) (4 cores per cpu, 2 threads per core) family 6 model 142 stepping 12 microcode 0xde, cx8, cmov, fxsr, ht, mmx, 3dnowpref, sse, sse2, sse3, ssse3, sse4.1, sse4.2, popcnt, lzcnt, tsc, tscinvbit, avx, avx2, aes, erms, clmul, bmi1, bmi2, adx, fma, vzeroupper, clflush, clflushopt, hv, rdtscp, f16c
Processor Information for the first 8 processors :
  Max Mhz: 2304, Current Mhz: 1803, Mhz Limit: 1797

Memory: 4k page, system-wide physical 16219M (421M free)
TotalPageFile size 32219M (AvailPageFile size 12M)
current process WorkingSet (physical memory assigned to process): 362M, peak: 362M
current process commit charge ("private bytes"): 530M, peak: 542M

vm_info: OpenJDK 64-Bit Server VM (26.0.1+8-34) for windows-amd64 JRE (26.0.1+8-34), built on 2026-03-10T17:24:10Z with MS VC++ 17.13 (VS2022)

END.
