#
# There is insufficient memory for the Java Runtime Environment to continue.
# Native memory allocation (malloc) failed to allocate 13779544 bytes. Error detail: Chunk::new
# Possible reasons:
#   The system is out of physical RAM or swap space
#   This process is running with CompressedOops enabled, and the Java Heap may be blocking the growth of the native heap
# Possible solutions:
#   Reduce memory load on the system
#   Increase physical memory or swap space
#   Check if swap backing store is full
#   Decrease Java heap size (-Xmx/-Xms)
#   Decrease number of Java threads
#   Decrease Java thread stack sizes (-Xss)
#   Set larger code cache with -XX:ReservedCodeCacheSize=
#   JVM is running with Zero Based Compressed Oops mode in which the Java heap is
#     placed in the first 32GB address space. The Java Heap base address is the
#     maximum limit for the native heap growth. Please use -XX:HeapBaseMinAddress
#     to set the Java Heap base and to place the Java Heap above 32GB virtual address.
# This output file may be truncated or incomplete.
#
#  Out of Memory Error (arena.cpp:193), pid=4420, tid=24736
#
# JRE version: OpenJDK Runtime Environment (26.0.1+8) (build 26.0.1+8-34)
# Java VM: OpenJDK 64-Bit Server VM (26.0.1+8-34, mixed mode, sharing, tiered, compressed oops, compressed class ptrs, g1 gc, windows-amd64)
# No core dump will be written. Minidumps are not enabled by default on client versions of Windows
#

---------------  S U M M A R Y ------------

Command Line: --enable-native-access=ALL-UNNAMED -Dclassworlds.conf=C:\Program Files\NetBeans-30\netbeans\java\maven\bin\m2.conf -Dmaven.home=C:\Program Files\NetBeans-30\netbeans\java\maven -Dlibrary.jansi.path=C:\Program Files\NetBeans-30\netbeans\java\maven\lib\jansi-native -Dmaven.multiModuleProjectDirectory=D:\NEOTEMP\CODE\SHIPSHUK\BULBULLER\bb-rest-api\v2_maven\bb-rest-api org.codehaus.plexus.classworlds.launcher.Launcher -Dmaven.ext.class.path=C:\Program Files\NetBeans-30\netbeans\java\maven-nblib\netbeans-eventspy.jar --no-transfer-progress clean install -f pom-all.xml

Host: Intel(R) Core(TM) i7-10510U CPU @ 1.80GHz, 8 cores, 15G,  Windows 11 , 64 bit Build 26100 (10.0.26100.8875)
Time: Mon Aug  3 14:42:35 2026 Turkey Standard Time elapsed time: 27.358780 seconds (0d 0h 0m 27s)

---------------  T H R E A D  ---------------

Current thread (0x000001413ba3f8d0):  JavaThread "C2 CompilerThread0" daemon [_thread_in_native, id=24736, stack(0x0000000101500000,0x0000000101600000) (1024K)]


Current CompileTask:
C2:27358 12728   !   4       org.apache.maven.plugin.PluginParameterExpressionEvaluator::evaluate (1306 bytes)

Stack: [0x0000000101500000,0x0000000101600000]
Native frames: (J=compiled Java code, j=interpreted, Vv=VM code, C=native code)
V  [jvm.dll+0x7d5879]  (no source info available)
V  [jvm.dll+0x7a37dd]  (no source info available)
V  [jvm.dll+0x9b0c10]  (no source info available)
V  [jvm.dll+0x9b3061]  (no source info available)
V  [jvm.dll+0x9b3773]  (no source info available)
V  [jvm.dll+0x30df76]  (no source info available)
V  [jvm.dll+0x11d8a6]  (no source info available)
V  [jvm.dll+0x11dbce]  (no source info available)
V  [jvm.dll+0x1afbe6]  (no source info available)
V  [jvm.dll+0x3ca822]  (no source info available)
V  [jvm.dll+0x7de462]  (no source info available)
V  [jvm.dll+0x2d1647]  (no source info available)
V  [jvm.dll+0x2d05bf]  (no source info available)
V  [jvm.dll+0x246820]  (no source info available)
V  [jvm.dll+0x2e06dc]  (no source info available)
V  [jvm.dll+0x2de8bd]  (no source info available)
V  [jvm.dll+0x4a3ff1]  (no source info available)
V  [jvm.dll+0x94f649]  (no source info available)
V  [jvm.dll+0x7d7358]  (no source info available)
C  [ucrtbase.dll+0x2cd30]  (no source info available)
C  [KERNEL32.DLL+0x2e957]  (no source info available)
C  [ntdll.dll+0xaad6c]  (no source info available)

Lock stack of current Java thread (top to bottom):


---------------  P R O C E S S  ---------------

Threads class SMR info:
_java_thread_list=0x000001414263fa10, length=11, elements={
0x00000141195c5be0, 0x000001413ba29280, 0x000001413ba2ace0, 0x000001413ba2d9a0,
0x000001413ba302a0, 0x000001413ba331e0, 0x000001413ba359a0, 0x000001413ba3f8d0,
0x000001413ba514f0, 0x000001413bbc3a80, 0x000001413bbc6ab0
}

Java Threads: ( => current thread )
  0x00000141195c5be0 JavaThread "main"                              [_thread_in_native, id=5772, stack(0x0000000100600000,0x0000000100700000) (1024K)]
  0x000001413ba29280 JavaThread "Reference Handler"          daemon [_thread_blocked, id=16104, stack(0x0000000100f00000,0x0000000101000000) (1024K)]
  0x000001413ba2ace0 JavaThread "Finalizer"                  daemon [_thread_blocked, id=11076, stack(0x0000000101000000,0x0000000101100000) (1024K)]
  0x000001413ba2d9a0 JavaThread "Signal Dispatcher"          daemon [_thread_blocked, id=7492, stack(0x0000000101100000,0x0000000101200000) (1024K)]
  0x000001413ba302a0 JavaThread "Attach Listener"            daemon [_thread_blocked, id=15500, stack(0x0000000101200000,0x0000000101300000) (1024K)]
  0x000001413ba331e0 JavaThread "Service Thread"             daemon [_thread_blocked, id=26784, stack(0x0000000101300000,0x0000000101400000) (1024K)]
  0x000001413ba359a0 JavaThread "Monitor Deflation Thread"   daemon [_thread_blocked, id=24356, stack(0x0000000101400000,0x0000000101500000) (1024K)]
=>0x000001413ba3f8d0 JavaThread "C2 CompilerThread0"         daemon [_thread_in_native, id=24736, stack(0x0000000101500000,0x0000000101600000) (1024K)]
  0x000001413ba514f0 JavaThread "C1 CompilerThread0"         daemon [_thread_blocked, id=13056, stack(0x0000000101600000,0x0000000101700000) (1024K)]
  0x000001413bbc3a80 JavaThread "Notification Thread"        daemon [_thread_blocked, id=24724, stack(0x0000000101700000,0x0000000101800000) (1024K)]
  0x000001413bbc6ab0 JavaThread "Common-Cleaner"             daemon [_thread_blocked, id=5476, stack(0x0000000101800000,0x0000000101900000) (1024K)]
Total: 11

Other Threads:
  0x000001411b9dd6a0 VMThread "VM Thread"                           [id=21104, stack(0x0000000100e00000,0x0000000100f00000) (1024K)]
  0x000001411b99df20 WatcherThread "VM Periodic Task Thread"        [id=3788, stack(0x0000000100d00000,0x0000000100e00000) (1024K)]
  0x000001411b97f090 WorkerThread "GC Thread#0"                     [id=1864, stack(0x0000000100700000,0x0000000100800000) (1024K)]
  0x000001411b9df4d0 WorkerThread "GC Thread#1"                     [id=1320, stack(0x0000000101b00000,0x0000000101c00000) (1024K)]
  0x000001411b9ddaf0 WorkerThread "GC Thread#2"                     [id=6776, stack(0x0000000101a00000,0x0000000101b00000) (1024K)]
  0x000001414092f0c0 WorkerThread "GC Thread#3"                     [id=21492, stack(0x0000000101d00000,0x0000000101e00000) (1024K)]
  0x000001414092c150 WorkerThread "GC Thread#4"                     [id=10712, stack(0x0000000101e00000,0x0000000101f00000) (1024K)]
  0x000001414092fdb0 WorkerThread "GC Thread#5"                     [id=24948, stack(0x0000000101f00000,0x0000000102000000) (1024K)]
  0x000001414092d290 WorkerThread "GC Thread#6"                     [id=30572, stack(0x0000000102000000,0x0000000102100000) (1024K)]
  0x0000014140930650 WorkerThread "GC Thread#7"                     [id=28088, stack(0x0000000102100000,0x0000000102200000) (1024K)]
  0x000001411b997e30 ConcurrentGCThread "G1 Main Marker"            [id=22732, stack(0x0000000100800000,0x0000000100900000) (1024K)]
  0x000001411b99beb0 WorkerThread "G1 Conc#0"                       [id=11540, stack(0x0000000100900000,0x0000000100a00000) (1024K)]
  0x0000014141ec4050 WorkerThread "G1 Conc#1"                       [id=18348, stack(0x0000000102200000,0x0000000102300000) (1024K)]
  0x000001411b9df080 WorkerThread "G1 Refinement Workers#0"         [id=30128, stack(0x0000000100b00000,0x0000000100c00000) (1024K)]
  0x000001411b9dcc40 ConcurrentGCThread "G1 Refine Control"         [id=8172, stack(0x0000000100a00000,0x0000000100b00000) (1024K)]
  0x000001411b9ed790 ConcurrentGCThread "G1 Service"                [id=27516, stack(0x0000000100c00000,0x0000000100d00000) (1024K)]
Total: 16

Threads with active compile tasks:
C2 CompilerThread0  27452 12728   !   4       org.apache.maven.plugin.PluginParameterExpressionEvaluator::evaluate (1306 bytes)
Total: 1

VM state: not at safepoint (normal execution)

VM Mutex/Monitor currently owned by a thread: None

Heap address: 0x0000000702800000, size: 4056 MB, Compressed Oops mode: Zero based, Oop shift amount: 3

CDS archive(s) mapped at: [0x0000000096000000-0x0000000096de0000-0x0000000096de0000), size 14548992, SharedBaseAddress: 0x0000000096000000, ArchiveRelocationMode: 1.
Compressed class space mapped at: 0x0000000097000000-0x00000000d7000000, reserved size: 1073741824
UseCompressedClassPointers 1, UseCompactObjectHeaders 0
Narrow klass pointer bits 32, Max shift 3
Narrow klass base: 0x0000000096000000, Narrow klass shift: 0
Encoding Range: [0x0000000096000000 - 0x0000000196000000), (4294967296 bytes)
Klass Range:    [0x0000000096000000 - 0x00000000d7000000), (1090519040 bytes)
Klass ID Range:  [8 - 1090519033) (1090519025)
Protection zone: [0x0000000096000000 - 0x0000000096010000), (65536 bytes)

GC Precious Log:
 CardTable entry size: 512
 Card Set container configuration: InlinePtr #cards 4 size 8 Array Of Cards #cards 16 size 48 Howl #buckets 8 coarsen threshold 3686 Howl Bitmap #cards 512 size 80 coarsen threshold 460 Card regions per heap region 1 cards per card region 4096
 CPUs: 8 total, 8 available
 Memory: 16219M
 Large Page Support: Disabled
 NUMA Support: Disabled
 Compressed Oops: Enabled (Zero based)
 Heap Region Size: 2M
 Heap Min Capacity: 8M
 Heap Initial Capacity: 8M
 Heap Max Capacity: 4056M
 Pre-touch: Disabled
 Parallel Workers: 8
 Concurrent Workers: 2
 Concurrent Refinement Workers: 8
 Periodic GC: Disabled

Heap:
 garbage-first heap   total reserved 4153344K, committed 307200K, used 183091K [0x0000000702800000, 0x0000000800000000)
  region size 2M, 41 eden (82M), 4 survivor (8M), 40 old (80M), 7 humongous (14M), 58 free (116M)

Heap Regions: E=young(eden), S=young(survivor), O=old, HS=humongous(starts), HC=humongous(continues), CS=collection set, F=free, TAMS=top-at-mark-start, PB=parsable bottom
|    0|0x0000000702800000, 0x0000000702a00000, 0x0000000702a00000|100%| O|  |TAMS 0x0000000702800000| PB 0x0000000702800000| Untracked |  0
|    1|0x0000000702a00000, 0x0000000702c00000, 0x0000000702c00000|100%| O|  |TAMS 0x0000000702a00000| PB 0x0000000702a00000| Untracked |  0
|    2|0x0000000702c00000, 0x0000000702e00000, 0x0000000702e00000|100%| O|  |TAMS 0x0000000702c00000| PB 0x0000000702c00000| Untracked |  0
|    3|0x0000000702e00000, 0x0000000703000000, 0x0000000703000000|100%| O|  |TAMS 0x0000000702e00000| PB 0x0000000702e00000| Untracked |  0
|    4|0x0000000703000000, 0x0000000703200000, 0x0000000703200000|100%|HS|  |TAMS 0x0000000703000000| PB 0x0000000703000000| Complete  |  0
|    5|0x0000000703200000, 0x0000000703400000, 0x0000000703400000|100%|HS|  |TAMS 0x0000000703200000| PB 0x0000000703200000| Complete  |  0
|    6|0x0000000703400000, 0x0000000703600000, 0x0000000703600000|100%| O|  |TAMS 0x0000000703400000| PB 0x0000000703400000| Untracked |  0
|    7|0x0000000703600000, 0x0000000703800000, 0x0000000703800000|100%| O|  |TAMS 0x0000000703600000| PB 0x0000000703600000| Untracked |  0
|    8|0x0000000703800000, 0x0000000703a00000, 0x0000000703a00000|100%| O|  |TAMS 0x0000000703800000| PB 0x0000000703800000| Untracked |  0
|    9|0x0000000703a00000, 0x0000000703c00000, 0x0000000703c00000|100%|HS|  |TAMS 0x0000000703a00000| PB 0x0000000703a00000| Complete  |  0
|   10|0x0000000703c00000, 0x0000000703e00000, 0x0000000703e00000|100%| O|  |TAMS 0x0000000703c00000| PB 0x0000000703c00000| Untracked |  0
|   11|0x0000000703e00000, 0x0000000704000000, 0x0000000704000000|100%| O|  |TAMS 0x0000000703e00000| PB 0x0000000703e00000| Untracked |  0
|   12|0x0000000704000000, 0x0000000704200000, 0x0000000704200000|100%| O|  |TAMS 0x0000000704000000| PB 0x0000000704000000| Untracked |  0
|   13|0x0000000704200000, 0x0000000704400000, 0x0000000704400000|100%| O|  |TAMS 0x0000000704200000| PB 0x0000000704200000| Untracked |  0
|   14|0x0000000704400000, 0x0000000704600000, 0x0000000704600000|100%| O|  |TAMS 0x0000000704400000| PB 0x0000000704400000| Untracked |  0
|   15|0x0000000704600000, 0x0000000704800000, 0x0000000704800000|100%| O|  |TAMS 0x0000000704600000| PB 0x0000000704600000| Untracked |  0
|   16|0x0000000704800000, 0x0000000704a00000, 0x0000000704a00000|100%| O|  |TAMS 0x0000000704800000| PB 0x0000000704800000| Untracked |  0
|   17|0x0000000704a00000, 0x0000000704c00000, 0x0000000704c00000|100%| O|  |TAMS 0x0000000704a00000| PB 0x0000000704a00000| Untracked |  0
|   18|0x0000000704c00000, 0x0000000704e00000, 0x0000000704e00000|100%| O|  |TAMS 0x0000000704c00000| PB 0x0000000704c00000| Untracked |  0
|   19|0x0000000704e00000, 0x0000000705000000, 0x0000000705000000|100%| O|  |TAMS 0x0000000704e00000| PB 0x0000000704e00000| Untracked |  0
|   20|0x0000000705000000, 0x0000000705200000, 0x0000000705200000|100%| O|  |TAMS 0x0000000705000000| PB 0x0000000705000000| Untracked |  0
|   21|0x0000000705200000, 0x0000000705400000, 0x0000000705400000|100%| O|  |TAMS 0x0000000705200000| PB 0x0000000705200000| Untracked |  0
|   22|0x0000000705400000, 0x0000000705600000, 0x0000000705600000|100%| O|  |TAMS 0x0000000705400000| PB 0x0000000705400000| Untracked |  0
|   23|0x0000000705600000, 0x0000000705800000, 0x0000000705800000|100%| O|  |TAMS 0x0000000705600000| PB 0x0000000705600000| Untracked |  0
|   24|0x0000000705800000, 0x0000000705a00000, 0x0000000705a00000|100%| O|  |TAMS 0x0000000705800000| PB 0x0000000705800000| Untracked |  0
|   25|0x0000000705a00000, 0x0000000705c00000, 0x0000000705c00000|100%| O|  |TAMS 0x0000000705a00000| PB 0x0000000705a00000| Untracked |  0
|   26|0x0000000705c00000, 0x0000000705e00000, 0x0000000705e00000|100%| O|  |TAMS 0x0000000705c00000| PB 0x0000000705c00000| Untracked |  0
|   27|0x0000000705e00000, 0x0000000706000000, 0x0000000706000000|100%| O|  |TAMS 0x0000000705e00000| PB 0x0000000705e00000| Untracked |  0
|   28|0x0000000706000000, 0x0000000706200000, 0x0000000706200000|100%| O|  |TAMS 0x0000000706000000| PB 0x0000000706000000| Untracked |  0
|   29|0x0000000706200000, 0x0000000706400000, 0x0000000706400000|100%| O|  |TAMS 0x0000000706200000| PB 0x0000000706200000| Untracked |  0
|   30|0x0000000706400000, 0x0000000706600000, 0x0000000706600000|100%| O|  |TAMS 0x0000000706400000| PB 0x0000000706400000| Untracked |  0
|   31|0x0000000706600000, 0x0000000706800000, 0x0000000706800000|100%| O|  |TAMS 0x0000000706600000| PB 0x0000000706600000| Untracked |  0
|   32|0x0000000706800000, 0x0000000706a00000, 0x0000000706a00000|100%| O|  |TAMS 0x0000000706800000| PB 0x0000000706800000| Untracked |  0
|   33|0x0000000706a00000, 0x0000000706c00000, 0x0000000706c00000|100%| O|  |TAMS 0x0000000706a00000| PB 0x0000000706a00000| Untracked |  0
|   34|0x0000000706c00000, 0x0000000706e00000, 0x0000000706e00000|100%| O|  |TAMS 0x0000000706c00000| PB 0x0000000706c00000| Untracked |  0
|   35|0x0000000706e00000, 0x0000000707000000, 0x0000000707000000|100%| O|  |TAMS 0x0000000706e00000| PB 0x0000000706e00000| Untracked |  0
|   36|0x0000000707000000, 0x0000000707200000, 0x0000000707200000|100%| O|  |TAMS 0x0000000707000000| PB 0x0000000707000000| Untracked |  0
|   37|0x0000000707200000, 0x0000000707400000, 0x0000000707400000|100%| O|  |TAMS 0x0000000707200000| PB 0x0000000707200000| Untracked |  0
|   38|0x0000000707400000, 0x0000000707600000, 0x0000000707600000|100%|HS|  |TAMS 0x0000000707400000| PB 0x0000000707400000| Complete  |  0
|   39|0x0000000707600000, 0x0000000707800000, 0x0000000707800000|100%|HS|  |TAMS 0x0000000707600000| PB 0x0000000707600000| Complete  |  0
|   40|0x0000000707800000, 0x0000000707a00000, 0x0000000707a00000|100%| O|  |TAMS 0x0000000707800000| PB 0x0000000707800000| Untracked |  0
|   41|0x0000000707a00000, 0x0000000707c00000, 0x0000000707c00000|100%|HS|  |TAMS 0x0000000707a00000| PB 0x0000000707a00000| Complete  |  0
|   42|0x0000000707c00000, 0x0000000707e00000, 0x0000000707e00000|100%| O|  |TAMS 0x0000000707c00000| PB 0x0000000707c00000| Untracked |  0
|   43|0x0000000707e00000, 0x0000000707fa4e68, 0x0000000708000000| 82%| O|  |TAMS 0x0000000707e00000| PB 0x0000000707e00000| Untracked |  0
|   44|0x0000000708000000, 0x0000000708200000, 0x0000000708200000|100%|HS|  |TAMS 0x0000000708000000| PB 0x0000000708000000| Complete  |  0
|   45|0x0000000708200000, 0x0000000708200000, 0x0000000708400000|  0%| F|  |TAMS 0x0000000708200000| PB 0x0000000708200000| Untracked |  0
|   46|0x0000000708400000, 0x0000000708400000, 0x0000000708600000|  0%| F|  |TAMS 0x0000000708400000| PB 0x0000000708400000| Untracked |  0
|   47|0x0000000708600000, 0x0000000708600000, 0x0000000708800000|  0%| F|  |TAMS 0x0000000708600000| PB 0x0000000708600000| Untracked |  0
|   48|0x0000000708800000, 0x0000000708800000, 0x0000000708a00000|  0%| F|  |TAMS 0x0000000708800000| PB 0x0000000708800000| Untracked |  0
|   49|0x0000000708a00000, 0x0000000708a00000, 0x0000000708c00000|  0%| F|  |TAMS 0x0000000708a00000| PB 0x0000000708a00000| Untracked |  0
|   50|0x0000000708c00000, 0x0000000708c00000, 0x0000000708e00000|  0%| F|  |TAMS 0x0000000708c00000| PB 0x0000000708c00000| Untracked |  0
|   51|0x0000000708e00000, 0x0000000708e00000, 0x0000000709000000|  0%| F|  |TAMS 0x0000000708e00000| PB 0x0000000708e00000| Untracked |  0
|   52|0x0000000709000000, 0x0000000709000000, 0x0000000709200000|  0%| F|  |TAMS 0x0000000709000000| PB 0x0000000709000000| Untracked |  0
|   53|0x0000000709200000, 0x0000000709200000, 0x0000000709400000|  0%| F|  |TAMS 0x0000000709200000| PB 0x0000000709200000| Untracked |  0
|   54|0x0000000709400000, 0x0000000709400000, 0x0000000709600000|  0%| F|  |TAMS 0x0000000709400000| PB 0x0000000709400000| Untracked |  0
|   55|0x0000000709600000, 0x0000000709600000, 0x0000000709800000|  0%| F|  |TAMS 0x0000000709600000| PB 0x0000000709600000| Untracked |  0
|   56|0x0000000709800000, 0x0000000709800000, 0x0000000709a00000|  0%| F|  |TAMS 0x0000000709800000| PB 0x0000000709800000| Untracked |  0
|   57|0x0000000709a00000, 0x0000000709a00000, 0x0000000709c00000|  0%| F|  |TAMS 0x0000000709a00000| PB 0x0000000709a00000| Untracked |  0
|   58|0x0000000709c00000, 0x0000000709c00000, 0x0000000709e00000|  0%| F|  |TAMS 0x0000000709c00000| PB 0x0000000709c00000| Untracked |  0
|   59|0x0000000709e00000, 0x0000000709e00000, 0x000000070a000000|  0%| F|  |TAMS 0x0000000709e00000| PB 0x0000000709e00000| Untracked |  0
|   60|0x000000070a000000, 0x000000070a000000, 0x000000070a200000|  0%| F|  |TAMS 0x000000070a000000| PB 0x000000070a000000| Untracked |  0
|   61|0x000000070a200000, 0x000000070a200000, 0x000000070a400000|  0%| F|  |TAMS 0x000000070a200000| PB 0x000000070a200000| Untracked |  0
|   62|0x000000070a400000, 0x000000070a400000, 0x000000070a600000|  0%| F|  |TAMS 0x000000070a400000| PB 0x000000070a400000| Untracked |  0
|   63|0x000000070a600000, 0x000000070a600000, 0x000000070a800000|  0%| F|  |TAMS 0x000000070a600000| PB 0x000000070a600000| Untracked |  0
|   64|0x000000070a800000, 0x000000070a800000, 0x000000070aa00000|  0%| F|  |TAMS 0x000000070a800000| PB 0x000000070a800000| Untracked |  0
|   65|0x000000070aa00000, 0x000000070aa00000, 0x000000070ac00000|  0%| F|  |TAMS 0x000000070aa00000| PB 0x000000070aa00000| Untracked |  0
|   66|0x000000070ac00000, 0x000000070ac00000, 0x000000070ae00000|  0%| F|  |TAMS 0x000000070ac00000| PB 0x000000070ac00000| Untracked |  0
|   67|0x000000070ae00000, 0x000000070ae00000, 0x000000070b000000|  0%| F|  |TAMS 0x000000070ae00000| PB 0x000000070ae00000| Untracked |  0
|   68|0x000000070b000000, 0x000000070b000000, 0x000000070b200000|  0%| F|  |TAMS 0x000000070b000000| PB 0x000000070b000000| Untracked |  0
|   69|0x000000070b200000, 0x000000070b200000, 0x000000070b400000|  0%| F|  |TAMS 0x000000070b200000| PB 0x000000070b200000| Untracked |  0
|   70|0x000000070b400000, 0x000000070b400000, 0x000000070b600000|  0%| F|  |TAMS 0x000000070b400000| PB 0x000000070b400000| Untracked |  0
|   71|0x000000070b600000, 0x000000070b600000, 0x000000070b800000|  0%| F|  |TAMS 0x000000070b600000| PB 0x000000070b600000| Untracked |  0
|   72|0x000000070b800000, 0x000000070ba00000, 0x000000070ba00000|100%| S|CS|TAMS 0x000000070b800000| PB 0x000000070b800000| Complete  |  0
|   73|0x000000070ba00000, 0x000000070bc00000, 0x000000070bc00000|100%| S|CS|TAMS 0x000000070ba00000| PB 0x000000070ba00000| Complete  |  0
|   74|0x000000070bc00000, 0x000000070be00000, 0x000000070be00000|100%| S|CS|TAMS 0x000000070bc00000| PB 0x000000070bc00000| Complete  |  0
|   75|0x000000070be00000, 0x000000070c000000, 0x000000070c000000|100%| S|CS|TAMS 0x000000070be00000| PB 0x000000070be00000| Complete  |  0
|   76|0x000000070c000000, 0x000000070c000000, 0x000000070c200000|  0%| F|  |TAMS 0x000000070c000000| PB 0x000000070c000000| Untracked |  0
|   77|0x000000070c200000, 0x000000070c200000, 0x000000070c400000|  0%| F|  |TAMS 0x000000070c200000| PB 0x000000070c200000| Untracked |  0
|   78|0x000000070c400000, 0x000000070c400000, 0x000000070c600000|  0%| F|  |TAMS 0x000000070c400000| PB 0x000000070c400000| Untracked |  0
|   79|0x000000070c600000, 0x000000070c600000, 0x000000070c800000|  0%| F|  |TAMS 0x000000070c600000| PB 0x000000070c600000| Untracked |  0
|   80|0x000000070c800000, 0x000000070c800000, 0x000000070ca00000|  0%| F|  |TAMS 0x000000070c800000| PB 0x000000070c800000| Untracked |  0
|   81|0x000000070ca00000, 0x000000070ca00000, 0x000000070cc00000|  0%| F|  |TAMS 0x000000070ca00000| PB 0x000000070ca00000| Untracked |  0
|   82|0x000000070cc00000, 0x000000070cc00000, 0x000000070ce00000|  0%| F|  |TAMS 0x000000070cc00000| PB 0x000000070cc00000| Untracked |  0
|   83|0x000000070ce00000, 0x000000070ce00000, 0x000000070d000000|  0%| F|  |TAMS 0x000000070ce00000| PB 0x000000070ce00000| Untracked |  0
|   84|0x000000070d000000, 0x000000070d000000, 0x000000070d200000|  0%| F|  |TAMS 0x000000070d000000| PB 0x000000070d000000| Untracked |  0
|   85|0x000000070d200000, 0x000000070d200000, 0x000000070d400000|  0%| F|  |TAMS 0x000000070d200000| PB 0x000000070d200000| Untracked |  0
|   86|0x000000070d400000, 0x000000070d400000, 0x000000070d600000|  0%| F|  |TAMS 0x000000070d400000| PB 0x000000070d400000| Untracked |  0
|   87|0x000000070d600000, 0x000000070d600000, 0x000000070d800000|  0%| F|  |TAMS 0x000000070d600000| PB 0x000000070d600000| Untracked |  0
|   88|0x000000070d800000, 0x000000070d800000, 0x000000070da00000|  0%| F|  |TAMS 0x000000070d800000| PB 0x000000070d800000| Untracked |  0
|   89|0x000000070da00000, 0x000000070da00000, 0x000000070dc00000|  0%| F|  |TAMS 0x000000070da00000| PB 0x000000070da00000| Untracked |  0
|   90|0x000000070dc00000, 0x000000070dc00000, 0x000000070de00000|  0%| F|  |TAMS 0x000000070dc00000| PB 0x000000070dc00000| Untracked |  0
|   91|0x000000070de00000, 0x000000070de00000, 0x000000070e000000|  0%| F|  |TAMS 0x000000070de00000| PB 0x000000070de00000| Untracked |  0
|   92|0x000000070e000000, 0x000000070e000000, 0x000000070e200000|  0%| F|  |TAMS 0x000000070e000000| PB 0x000000070e000000| Untracked |  0
|   93|0x000000070e200000, 0x000000070e200000, 0x000000070e400000|  0%| F|  |TAMS 0x000000070e200000| PB 0x000000070e200000| Untracked |  0
|   94|0x000000070e400000, 0x000000070e400000, 0x000000070e600000|  0%| F|  |TAMS 0x000000070e400000| PB 0x000000070e400000| Untracked |  0
|   95|0x000000070e600000, 0x000000070e600000, 0x000000070e800000|  0%| F|  |TAMS 0x000000070e600000| PB 0x000000070e600000| Untracked |  0
|   96|0x000000070e800000, 0x000000070e800000, 0x000000070ea00000|  0%| F|  |TAMS 0x000000070e800000| PB 0x000000070e800000| Untracked |  0
|   97|0x000000070ea00000, 0x000000070ea00000, 0x000000070ec00000|  0%| F|  |TAMS 0x000000070ea00000| PB 0x000000070ea00000| Untracked |  0
|   98|0x000000070ec00000, 0x000000070ec00000, 0x000000070ee00000|  0%| F|  |TAMS 0x000000070ec00000| PB 0x000000070ec00000| Untracked |  0
|   99|0x000000070ee00000, 0x000000070ee00000, 0x000000070f000000|  0%| F|  |TAMS 0x000000070ee00000| PB 0x000000070ee00000| Untracked |  0
|  100|0x000000070f000000, 0x000000070f000000, 0x000000070f200000|  0%| F|  |TAMS 0x000000070f000000| PB 0x000000070f000000| Untracked |  0
|  101|0x000000070f200000, 0x000000070f200000, 0x000000070f400000|  0%| F|  |TAMS 0x000000070f200000| PB 0x000000070f200000| Untracked |  0
|  102|0x000000070f400000, 0x000000070f400000, 0x000000070f600000|  0%| F|  |TAMS 0x000000070f400000| PB 0x000000070f400000| Untracked |  0
|  103|0x000000070f600000, 0x000000070f600000, 0x000000070f800000|  0%| F|  |TAMS 0x000000070f600000| PB 0x000000070f600000| Untracked |  0
|  104|0x000000070f800000, 0x000000070f800000, 0x000000070fa00000|  0%| F|  |TAMS 0x000000070f800000| PB 0x000000070f800000| Untracked |  0
|  105|0x000000070fa00000, 0x000000070fa00000, 0x000000070fc00000|  0%| F|  |TAMS 0x000000070fa00000| PB 0x000000070fa00000| Untracked |  0
|  106|0x000000070fc00000, 0x000000070fc00000, 0x000000070fe00000|  0%| F|  |TAMS 0x000000070fc00000| PB 0x000000070fc00000| Untracked |  0
|  107|0x000000070fe00000, 0x000000070ff00000, 0x0000000710000000| 50%| E|CS|TAMS 0x000000070fe00000| PB 0x000000070fe00000| Complete  |  0
|  108|0x0000000710000000, 0x0000000710200000, 0x0000000710200000|100%| E|CS|TAMS 0x0000000710000000| PB 0x0000000710000000| Complete  |  0
|  109|0x0000000710200000, 0x0000000710400000, 0x0000000710400000|100%| E|CS|TAMS 0x0000000710200000| PB 0x0000000710200000| Complete  |  0
|  110|0x0000000710400000, 0x0000000710600000, 0x0000000710600000|100%| E|CS|TAMS 0x0000000710400000| PB 0x0000000710400000| Complete  |  0
|  111|0x0000000710600000, 0x0000000710800000, 0x0000000710800000|100%| E|CS|TAMS 0x0000000710600000| PB 0x0000000710600000| Complete  |  0
|  112|0x0000000710800000, 0x0000000710a00000, 0x0000000710a00000|100%| E|CS|TAMS 0x0000000710800000| PB 0x0000000710800000| Complete  |  0
|  113|0x0000000710a00000, 0x0000000710c00000, 0x0000000710c00000|100%| E|CS|TAMS 0x0000000710a00000| PB 0x0000000710a00000| Complete  |  0
|  114|0x0000000710c00000, 0x0000000710e00000, 0x0000000710e00000|100%| E|CS|TAMS 0x0000000710c00000| PB 0x0000000710c00000| Complete  |  0
|  115|0x0000000710e00000, 0x0000000711000000, 0x0000000711000000|100%| E|CS|TAMS 0x0000000710e00000| PB 0x0000000710e00000| Complete  |  0
|  116|0x0000000711000000, 0x0000000711200000, 0x0000000711200000|100%| E|CS|TAMS 0x0000000711000000| PB 0x0000000711000000| Complete  |  0
|  117|0x0000000711200000, 0x0000000711400000, 0x0000000711400000|100%| E|CS|TAMS 0x0000000711200000| PB 0x0000000711200000| Complete  |  0
|  118|0x0000000711400000, 0x0000000711600000, 0x0000000711600000|100%| E|CS|TAMS 0x0000000711400000| PB 0x0000000711400000| Complete  |  0
|  119|0x0000000711600000, 0x0000000711800000, 0x0000000711800000|100%| E|CS|TAMS 0x0000000711600000| PB 0x0000000711600000| Complete  |  0
|  120|0x0000000711800000, 0x0000000711a00000, 0x0000000711a00000|100%| E|CS|TAMS 0x0000000711800000| PB 0x0000000711800000| Complete  |  0
|  121|0x0000000711a00000, 0x0000000711c00000, 0x0000000711c00000|100%| E|CS|TAMS 0x0000000711a00000| PB 0x0000000711a00000| Complete  |  0
|  122|0x0000000711c00000, 0x0000000711e00000, 0x0000000711e00000|100%| E|CS|TAMS 0x0000000711c00000| PB 0x0000000711c00000| Complete  |  0
|  123|0x0000000711e00000, 0x0000000712000000, 0x0000000712000000|100%| E|CS|TAMS 0x0000000711e00000| PB 0x0000000711e00000| Complete  |  0
|  124|0x0000000712000000, 0x0000000712200000, 0x0000000712200000|100%| E|CS|TAMS 0x0000000712000000| PB 0x0000000712000000| Complete  |  0
|  125|0x0000000712200000, 0x0000000712400000, 0x0000000712400000|100%| E|CS|TAMS 0x0000000712200000| PB 0x0000000712200000| Complete  |  0
|  126|0x0000000712400000, 0x0000000712600000, 0x0000000712600000|100%| E|CS|TAMS 0x0000000712400000| PB 0x0000000712400000| Complete  |  0
|  127|0x0000000712600000, 0x0000000712800000, 0x0000000712800000|100%| E|CS|TAMS 0x0000000712600000| PB 0x0000000712600000| Complete  |  0
|  128|0x0000000712800000, 0x0000000712a00000, 0x0000000712a00000|100%| E|CS|TAMS 0x0000000712800000| PB 0x0000000712800000| Complete  |  0
|  129|0x0000000712a00000, 0x0000000712c00000, 0x0000000712c00000|100%| E|CS|TAMS 0x0000000712a00000| PB 0x0000000712a00000| Complete  |  0
|  130|0x0000000712c00000, 0x0000000712e00000, 0x0000000712e00000|100%| E|CS|TAMS 0x0000000712c00000| PB 0x0000000712c00000| Complete  |  0
|  131|0x0000000712e00000, 0x0000000713000000, 0x0000000713000000|100%| E|CS|TAMS 0x0000000712e00000| PB 0x0000000712e00000| Complete  |  0
|  132|0x0000000713000000, 0x0000000713200000, 0x0000000713200000|100%| E|CS|TAMS 0x0000000713000000| PB 0x0000000713000000| Complete  |  0
|  133|0x0000000713200000, 0x0000000713400000, 0x0000000713400000|100%| E|CS|TAMS 0x0000000713200000| PB 0x0000000713200000| Complete  |  0
|  134|0x0000000713400000, 0x0000000713600000, 0x0000000713600000|100%| E|CS|TAMS 0x0000000713400000| PB 0x0000000713400000| Complete  |  0
|  135|0x0000000713600000, 0x0000000713800000, 0x0000000713800000|100%| E|CS|TAMS 0x0000000713600000| PB 0x0000000713600000| Complete  |  0
|  136|0x0000000713800000, 0x0000000713a00000, 0x0000000713a00000|100%| E|CS|TAMS 0x0000000713800000| PB 0x0000000713800000| Complete  |  0
|  137|0x0000000713a00000, 0x0000000713c00000, 0x0000000713c00000|100%| E|CS|TAMS 0x0000000713a00000| PB 0x0000000713a00000| Complete  |  0
|  138|0x0000000713c00000, 0x0000000713e00000, 0x0000000713e00000|100%| E|CS|TAMS 0x0000000713c00000| PB 0x0000000713c00000| Complete  |  0
|  139|0x0000000713e00000, 0x0000000714000000, 0x0000000714000000|100%| E|CS|TAMS 0x0000000713e00000| PB 0x0000000713e00000| Complete  |  0
|  140|0x0000000714000000, 0x0000000714200000, 0x0000000714200000|100%| E|CS|TAMS 0x0000000714000000| PB 0x0000000714000000| Complete  |  0
|  141|0x0000000714200000, 0x0000000714400000, 0x0000000714400000|100%| E|CS|TAMS 0x0000000714200000| PB 0x0000000714200000| Complete  |  0
|  142|0x0000000714400000, 0x0000000714600000, 0x0000000714600000|100%| E|CS|TAMS 0x0000000714400000| PB 0x0000000714400000| Complete  |  0
|  143|0x0000000714600000, 0x0000000714800000, 0x0000000714800000|100%| E|CS|TAMS 0x0000000714600000| PB 0x0000000714600000| Complete  |  0
|  144|0x0000000714800000, 0x0000000714a00000, 0x0000000714a00000|100%| E|CS|TAMS 0x0000000714800000| PB 0x0000000714800000| Complete  |  0
|  145|0x0000000714a00000, 0x0000000714c00000, 0x0000000714c00000|100%| E|CS|TAMS 0x0000000714a00000| PB 0x0000000714a00000| Complete  |  0
| 2024|0x00000007ff800000, 0x00000007ffa00000, 0x00000007ffa00000|100%| O|  |TAMS 0x00000007ff800000| PB 0x00000007ff800000| Untracked |  0
| 2025|0x00000007ffa00000, 0x00000007ffc00000, 0x00000007ffc00000|100%| E|CS|TAMS 0x00000007ffa00000| PB 0x00000007ffa00000| Complete  |  0
| 2026|0x00000007ffc00000, 0x00000007ffe00000, 0x00000007ffe00000|100%| E|CS|TAMS 0x00000007ffc00000| PB 0x00000007ffc00000| Complete  |  0
| 2027|0x00000007ffe00000, 0x00000007fff27e90, 0x0000000800000000| 57%| O|  |TAMS 0x00000007ffe00000| PB 0x00000007ffe00000| Untracked |  0

Card table byte_map: [0x0000014134900000,0x00000141350f0000] _byte_map_base: 0x00000141310ec000
Refinement table byte_map: [0x0000014134110000,0x0000014134900000] _byte_map_base: 0x00000141308fc000

Marking Bits: (CMBitMap*) 0x000001411b97f810
 Bits: [0x00000141350f0000, 0x0000014139050000)

Polling page: 0x0000014119800000

Metaspace:
Metaspace        used 35276K, committed 35712K, reserved 1114112K
 class space     used 3979K, committed 4160K, reserved 1048576K

Usage:
  Non-class:     30.56 MB used.
      Class:      3.89 MB used.
       Both:     34.45 MB used.

Virtual space:
  Non-class space:       64.00 MB reserved,      30.81 MB ( 48%) committed,  1 nodes.
      Class space:        1.00 GB reserved,       4.06 MB ( <1%) committed,  1 nodes.
             Both:        1.06 GB reserved,      34.88 MB (  3%) committed. 

Chunk freelists:
   Non-Class:  1.02 MB
       Class:  11.94 MB
        Both:  12.95 MB

MaxMetaspaceSize: unlimited
CompressedClassSpaceSize: 1.00 GB
Initial GC threshold: 21.00 MB
Current GC threshold: 48.25 MB
CDS: on
 - commit_granule_bytes: 65536.
 - commit_granule_words: 8192.
 - virtual_space_node_default_size: 8388608.
 - enlarge_chunks_in_place: 1.
UseCompressedClassPointers 1, UseCompactObjectHeaders 0
Narrow klass pointer bits 32, Max shift 3
Narrow klass base: 0x0000000096000000, Narrow klass shift: 0
Encoding Range: [0x0000000096000000 - 0x0000000196000000), (4294967296 bytes)
Klass Range:    [0x0000000096000000 - 0x00000000d7000000), (1090519040 bytes)
Klass ID Range:  [8 - 1090519033) (1090519025)
Protection zone: [0x0000000096000000 - 0x0000000096010000), (65536 bytes)


Internal statistics:

num_allocs_failed_limit: 3.
num_arena_births: 344.
num_arena_deaths: 0.
num_vsnodes_births: 2.
num_vsnodes_deaths: 0.
num_space_committed: 558.
num_space_uncommitted: 0.
num_chunks_returned_to_freelist: 3.
num_chunks_taken_from_freelist: 1674.
num_chunk_merges: 3.
num_chunk_splits: 1157.
num_chunks_enlarged: 910.
num_inconsistent_stats: 0.

CodeHeap 'non-profiled nmethods': size=120064Kb used=6819Kb max_used=6819Kb free=113244Kb
 bounds [0x000001412c0b0000, 0x000001412c760000, 0x00000141335f0000]
CodeHeap 'profiled nmethods': size=120064Kb used=21420Kb max_used=21420Kb free=98643Kb
 bounds [0x00000141245d0000, 0x0000014125ac0000, 0x000001412bb10000]
CodeHeap 'non-nmethods': size=5760Kb used=1487Kb max_used=1567Kb free=4272Kb
 bounds [0x000001412bb10000, 0x000001412bd80000, 0x000001412c0b0000]
CodeCache: size=245888Kb, used=29726Kb, max_used=29806Kb, free=216159Kb
 total_blobs=12497, nmethods=11899, adapters=498, full_count=0
Compilation: enabled, stopped_count=0, restarted_count=0

Compilation events (20 events):
Event: 26.574 Thread 0x000001413ba514f0 nmethod 12723 0x000001412c757e88 code [0x000001412c757f80, 0x000001412c758038]
Event: 26.574 Thread 0x000001413ba514f0 12724       1       org.apache.maven.lifecycle.internal.ExecutionPlanItem::getMojoExecution (5 bytes)
Event: 26.574 Thread 0x000001413ba514f0 nmethod 12724 0x000001412c758188 code [0x000001412c758280, 0x000001412c758338]
Event: 26.713 Thread 0x000001413ba514f0 12726       1       org.apache.maven.plugin.descriptor.PluginDescriptor::setClassRealm (6 bytes)
Event: 26.713 Thread 0x000001413ba514f0 nmethod 12726 0x000001412c758488 code [0x000001412c758580, 0x000001412c758688]
Event: 26.716 Thread 0x000001413ba3f8d0 12727       4       java.lang.Class::annotationData (44 bytes)
Event: 26.718 Thread 0x000001413ba3f8d0 nmethod 12727 0x000001412c758788 code [0x000001412c758880, 0x000001412c758a30]
Event: 26.718 Thread 0x000001413ba3f8d0 12728   !   4       org.apache.maven.plugin.PluginParameterExpressionEvaluator::evaluate (1306 bytes)
Event: 26.738 Thread 0x000001413ba514f0 12729       3       java.util.HashMap$HashMapSpliterator::<init> (32 bytes)
Event: 26.738 Thread 0x000001413ba514f0 nmethod 12729 0x0000014125ab9588 code [0x0000014125ab9680, 0x0000014125ab9840]
Event: 26.738 Thread 0x000001413ba514f0 12730       3       java.util.HashMap$HashMapSpliterator::estimateSize (11 bytes)
Event: 26.738 Thread 0x000001413ba514f0 nmethod 12730 0x0000014125ab9888 code [0x0000014125ab9980, 0x0000014125ab9b40]
Event: 26.738 Thread 0x000001413ba514f0 12731       3       com.sun.tools.javac.util.Context::put (11 bytes)
Event: 26.739 Thread 0x000001413ba514f0 nmethod 12731 0x0000014125ab9b88 code [0x0000014125ab9c80, 0x0000014125ab9e10]
Event: 26.900 Thread 0x000001413ba514f0 12734       3       com.sun.tools.javac.util.Options$$Lambda/0x0000000097287d20::get (12 bytes)
Event: 26.901 Thread 0x000001413ba514f0 nmethod 12734 0x0000014125ab9e88 code [0x0000014125ab9f80, 0x0000014125aba3d0]
Event: 26.901 Thread 0x000001413ba514f0 12735       3       com.sun.tools.javac.util.Options::lambda$get$0 (12 bytes)
Event: 26.901 Thread 0x000001413ba514f0 nmethod 12735 0x0000014125aba408 code [0x0000014125aba500, 0x0000014125aba8d8]
Event: 26.901 Thread 0x000001413ba514f0 12736       1       com.sun.tools.javac.main.Option::getArgKind (5 bytes)
Event: 26.901 Thread 0x000001413ba514f0 nmethod 12736 0x000001412c758a88 code [0x000001412c758b80, 0x000001412c758c38]

GC Heap Usage History (20 events):
Event: 7.659 {heap Before GC invocations=14 (full 0):
 garbage-first heap   total reserved 4153344K, committed 114688K, used 91174K [0x0000000702800000, 0x0000000800000000)
  region size 2M, 21 eden (42M), 4 survivor (8M), 18 old (36M), 2 humongous (4M), 11 free (22M)
}
Event: 7.689 {heap After GC invocations=15 (full 0):
 garbage-first heap   total reserved 4153344K, committed 114688K, used 53407K [0x0000000702800000, 0x0000000800000000)
  region size 2M, 0 eden (0M), 4 survivor (8M), 21 old (42M), 2 humongous (4M), 29 free (58M)
}
Event: 8.939 {heap Before GC invocations=15 (full 0):
 garbage-first heap   total reserved 4153344K, committed 114688K, used 92319K [0x0000000702800000, 0x0000000800000000)
  region size 2M, 19 eden (38M), 4 survivor (8M), 21 old (42M), 2 humongous (4M), 10 free (20M)
}
Event: 8.970 {heap After GC invocations=16 (full 0):
 garbage-first heap   total reserved 4153344K, committed 114688K, used 57508K [0x0000000702800000, 0x0000000800000000)
  region size 2M, 0 eden (0M), 2 survivor (4M), 25 old (50M), 2 humongous (4M), 27 free (54M)
}
Event: 9.880 {heap Before GC invocations=16 (full 0):
 garbage-first heap   total reserved 4153344K, committed 114688K, used 96420K [0x0000000702800000, 0x0000000800000000)
  region size 2M, 19 eden (38M), 2 survivor (4M), 25 old (50M), 2 humongous (4M), 8 free (16M)
}
Event: 9.904 {heap After GC invocations=17 (full 0):
 garbage-first heap   total reserved 4153344K, committed 307200K, used 60500K [0x0000000702800000, 0x0000000800000000)
  region size 2M, 0 eden (0M), 2 survivor (4M), 27 old (54M), 2 humongous (4M), 119 free (238M)
}
Event: 13.228 {heap Before GC invocations=18 (full 0):
 garbage-first heap   total reserved 4153344K, committed 307200K, used 242772K [0x0000000702800000, 0x0000000800000000)
  region size 2M, 88 eden (176M), 2 survivor (4M), 27 old (54M), 4 humongous (8M), 29 free (58M)
}
Event: 13.239 {heap After GC invocations=19 (full 0):
 garbage-first heap   total reserved 4153344K, committed 307200K, used 76825K [0x0000000702800000, 0x0000000800000000)
  region size 2M, 0 eden (0M), 8 survivor (16M), 27 old (54M), 4 humongous (8M), 111 free (222M)
}
Event: 15.223 {heap Before GC invocations=19 (full 0):
 garbage-first heap   total reserved 4153344K, committed 307200K, used 246809K [0x0000000702800000, 0x0000000800000000)
  region size 2M, 81 eden (162M), 8 survivor (16M), 27 old (54M), 7 humongous (14M), 27 free (54M)
}
Event: 15.232 {heap After GC invocations=20 (full 0):
 garbage-first heap   total reserved 4153344K, committed 307200K, used 72048K [0x0000000702800000, 0x0000000800000000)
  region size 2M, 0 eden (0M), 7 survivor (14M), 25 old (50M), 5 humongous (10M), 113 free (226M)
}
Event: 17.340 {heap Before GC invocations=20 (full 0):
 garbage-first heap   total reserved 4153344K, committed 307200K, used 244080K [0x0000000702800000, 0x0000000800000000)
  region size 2M, 83 eden (166M), 7 survivor (14M), 25 old (50M), 6 humongous (12M), 29 free (58M)
}
Event: 17.345 {heap After GC invocations=21 (full 0):
 garbage-first heap   total reserved 4153344K, committed 307200K, used 64526K [0x0000000702800000, 0x0000000800000000)
  region size 2M, 0 eden (0M), 5 survivor (10M), 25 old (50M), 3 humongous (6M), 117 free (234M)
}
Event: 18.867 {heap Before GC invocations=21 (full 0):
 garbage-first heap   total reserved 4153344K, committed 307200K, used 240654K [0x0000000702800000, 0x0000000800000000)
  region size 2M, 85 eden (170M), 5 survivor (10M), 25 old (50M), 4 humongous (8M), 31 free (62M)
}
Event: 18.892 {heap After GC invocations=22 (full 0):
 garbage-first heap   total reserved 4153344K, committed 307200K, used 87328K [0x0000000702800000, 0x0000000800000000)
  region size 2M, 0 eden (0M), 12 survivor (24M), 30 old (60M), 2 humongous (4M), 106 free (212M)
}
Event: 21.561 {heap Before GC invocations=22 (full 0):
 garbage-first heap   total reserved 4153344K, committed 307200K, used 249120K [0x0000000702800000, 0x0000000800000000)
  region size 2M, 78 eden (156M), 12 survivor (24M), 30 old (60M), 3 humongous (6M), 27 free (54M)
}
Event: 21.576 {heap After GC invocations=23 (full 0):
 garbage-first heap   total reserved 4153344K, committed 307200K, used 86737K [0x0000000702800000, 0x0000000800000000)
  region size 2M, 0 eden (0M), 3 survivor (6M), 37 old (74M), 3 humongous (6M), 107 free (214M)
}
Event: 23.316 {heap Before GC invocations=23 (full 0):
 garbage-first heap   total reserved 4153344K, committed 307200K, used 258769K [0x0000000702800000, 0x0000000800000000)
  region size 2M, 83 eden (166M), 3 survivor (6M), 37 old (74M), 5 humongous (10M), 22 free (44M)
}
Event: 23.328 {heap After GC invocations=24 (full 0):
 garbage-first heap   total reserved 4153344K, committed 307200K, used 106609K [0x0000000702800000, 0x0000000800000000)
  region size 2M, 0 eden (0M), 11 survivor (22M), 38 old (76M), 4 humongous (8M), 97 free (194M)
}
Event: 25.959 {heap Before GC invocations=24 (full 0):
 garbage-first heap   total reserved 4153344K, committed 307200K, used 256113K [0x0000000702800000, 0x0000000800000000)
  region size 2M, 72 eden (144M), 11 survivor (22M), 38 old (76M), 6 humongous (12M), 23 free (46M)
}
Event: 25.963 {heap After GC invocations=25 (full 0):
 garbage-first heap   total reserved 4153344K, committed 307200K, used 99123K [0x0000000702800000, 0x0000000800000000)
  region size 2M, 0 eden (0M), 4 survivor (8M), 40 old (80M), 5 humongous (10M), 101 free (202M)
}

Metaspace Usage History (20 events):
Event: 7.659 {metaspace Before GC invocations=14 (full 0):
 Metaspace       used 26713K, committed 27072K, reserved 1114112K
  class space    used 3162K, committed 3328K, reserved 1048576K
}
Event: 7.689 {metaspace After GC invocations=15 (full 0):
 Metaspace       used 26713K, committed 27072K, reserved 1114112K
  class space    used 3162K, committed 3328K, reserved 1048576K
}
Event: 8.939 {metaspace Before GC invocations=15 (full 0):
 Metaspace       used 28780K, committed 29184K, reserved 1114112K
  class space    used 3388K, committed 3584K, reserved 1048576K
}
Event: 8.970 {metaspace After GC invocations=16 (full 0):
 Metaspace       used 28780K, committed 29184K, reserved 1114112K
  class space    used 3388K, committed 3584K, reserved 1048576K
}
Event: 9.880 {metaspace Before GC invocations=16 (full 0):
 Metaspace       used 29207K, committed 29632K, reserved 1114112K
  class space    used 3425K, committed 3584K, reserved 1048576K
}
Event: 9.904 {metaspace After GC invocations=17 (full 0):
 Metaspace       used 29207K, committed 29632K, reserved 1114112K
  class space    used 3425K, committed 3584K, reserved 1048576K
}
Event: 13.228 {metaspace Before GC invocations=18 (full 0):
 Metaspace       used 33820K, committed 34304K, reserved 1114112K
  class space    used 3961K, committed 4160K, reserved 1048576K
}
Event: 13.239 {metaspace After GC invocations=19 (full 0):
 Metaspace       used 33820K, committed 34304K, reserved 1114112K
  class space    used 3961K, committed 4160K, reserved 1048576K
}
Event: 15.223 {metaspace Before GC invocations=19 (full 0):
 Metaspace       used 34079K, committed 34496K, reserved 1114112K
  class space    used 3961K, committed 4160K, reserved 1048576K
}
Event: 15.232 {metaspace After GC invocations=20 (full 0):
 Metaspace       used 34079K, committed 34496K, reserved 1114112K
  class space    used 3961K, committed 4160K, reserved 1048576K
}
Event: 17.340 {metaspace Before GC invocations=20 (full 0):
 Metaspace       used 34515K, committed 34944K, reserved 1114112K
  class space    used 3963K, committed 4160K, reserved 1048576K
}
Event: 17.345 {metaspace After GC invocations=21 (full 0):
 Metaspace       used 34515K, committed 34944K, reserved 1114112K
  class space    used 3963K, committed 4160K, reserved 1048576K
}
Event: 18.867 {metaspace Before GC invocations=21 (full 0):
 Metaspace       used 34770K, committed 35264K, reserved 1114112K
  class space    used 3970K, committed 4160K, reserved 1048576K
}
Event: 18.892 {metaspace After GC invocations=22 (full 0):
 Metaspace       used 34770K, committed 35264K, reserved 1114112K
  class space    used 3970K, committed 4160K, reserved 1048576K
}
Event: 21.561 {metaspace Before GC invocations=22 (full 0):
 Metaspace       used 35006K, committed 35456K, reserved 1114112K
  class space    used 3971K, committed 4160K, reserved 1048576K
}
Event: 21.576 {metaspace After GC invocations=23 (full 0):
 Metaspace       used 35006K, committed 35456K, reserved 1114112K
  class space    used 3971K, committed 4160K, reserved 1048576K
}
Event: 23.316 {metaspace Before GC invocations=23 (full 0):
 Metaspace       used 35165K, committed 35584K, reserved 1114112K
  class space    used 3978K, committed 4160K, reserved 1048576K
}
Event: 23.328 {metaspace After GC invocations=24 (full 0):
 Metaspace       used 35165K, committed 35584K, reserved 1114112K
  class space    used 3978K, committed 4160K, reserved 1048576K
}
Event: 25.959 {metaspace Before GC invocations=24 (full 0):
 Metaspace       used 35256K, committed 35712K, reserved 1114112K
  class space    used 3979K, committed 4160K, reserved 1048576K
}
Event: 25.963 {metaspace After GC invocations=25 (full 0):
 Metaspace       used 35256K, committed 35712K, reserved 1114112K
  class space    used 3979K, committed 4160K, reserved 1048576K
}

Dll operation events (14 events):
Event: 0.009 Attempting to load shared library C:\Program Files\Java\jdk-26.0.1\bin\java.dll
Event: 0.012 Loaded shared library C:\Program Files\Java\jdk-26.0.1\bin\java.dll
Event: 0.063 Attempting to load shared library C:\Program Files\Java\jdk-26.0.1\bin\net.dll
Event: 0.063 Loaded shared library C:\Program Files\Java\jdk-26.0.1\bin\net.dll
Event: 0.065 Attempting to load shared library C:\Program Files\Java\jdk-26.0.1\bin\nio.dll
Event: 0.066 Loaded shared library C:\Program Files\Java\jdk-26.0.1\bin\nio.dll
Event: 0.070 Attempting to load shared library C:\Program Files\Java\jdk-26.0.1\bin\zip.dll
Event: 0.070 Loaded shared library C:\Program Files\Java\jdk-26.0.1\bin\zip.dll
Event: 0.375 Attempting to load shared library C:\Program Files\NetBeans-30\netbeans\java\maven\lib\jansi-native\Windows\x86_64\jansi.dll
Event: 0.376 Loaded shared library C:\Program Files\NetBeans-30\netbeans\java\maven\lib\jansi-native\Windows\x86_64\jansi.dll
Event: 0.380 Attempting to load shared library C:\Program Files\Java\jdk-26.0.1\bin\jimage.dll
Event: 0.380 Loaded shared library C:\Program Files\Java\jdk-26.0.1\bin\jimage.dll
Event: 0.400 Attempting to load shared library C:\Program Files\Java\jdk-26.0.1\bin\verify.dll
Event: 0.400 Loaded shared library C:\Program Files\Java\jdk-26.0.1\bin\verify.dll

Deoptimization events (20 events):
Event: 24.764 Thread 0x00000141195c5be0 Uncommon trap: trap_request=0xffffffe4 fr.pc=0x000001412c709e60 relative=0x0000000000000360
Event: 24.764 Thread 0x00000141195c5be0 Uncommon trap: reason=range_check action=make_not_entrant pc=0x000001412c709e60 method=jdk.nio.zipfs.ZipConstants.SH([BI)I @ 10 c2
Event: 24.764 Thread 0x00000141195c5be0 DEOPT PACKING pc=0x000001412c709e60 sp=0x00000001006fc480
Event: 24.764 Thread 0x00000141195c5be0 DEOPT UNPACKING pc=0x000001412bc33d82 sp=0x00000001006fc3a0 mode 2
Event: 25.545 Thread 0x00000141195c5be0 Uncommon trap: trap_request=0xffffffbe fr.pc=0x000001412c6e78f8 relative=0x0000000000003878
Event: 25.545 Thread 0x00000141195c5be0 Uncommon trap: reason=profile_predicate action=maybe_recompile pc=0x000001412c6e78f8 method=com.sun.tools.javac.util.Utf8NameTable$NameImpl.compareTo(Lcom/sun/tools/javac/util/Name;)I @ 58 c2
Event: 25.545 Thread 0x00000141195c5be0 DEOPT PACKING pc=0x000001412c6e78f8 sp=0x00000001006fc560
Event: 25.545 Thread 0x00000141195c5be0 DEOPT UNPACKING pc=0x000001412bc33d82 sp=0x00000001006fc438 mode 2
Event: 26.209 Thread 0x00000141195c5be0 Uncommon trap: trap_request=0xffffff45 fr.pc=0x000001412c40abcc relative=0x00000000000007cc
Event: 26.209 Thread 0x00000141195c5be0 Uncommon trap: reason=unstable_if action=reinterpret pc=0x000001412c40abcc method=com.sun.tools.javac.code.Types$Subst.visitClassType(Lcom/sun/tools/javac/code/Type$ClassType;Ljava/lang/Void;)Lcom/sun/tools/javac/code/Type; @ 4 c2
Event: 26.209 Thread 0x00000141195c5be0 DEOPT PACKING pc=0x000001412c40abcc sp=0x00000001006fb910
Event: 26.209 Thread 0x00000141195c5be0 DEOPT UNPACKING pc=0x000001412bc33d82 sp=0x00000001006fb878 mode 2
Event: 26.210 Thread 0x00000141195c5be0 Uncommon trap: trap_request=0xffffff45 fr.pc=0x000001412c4363a4 relative=0x00000000000016a4
Event: 26.210 Thread 0x00000141195c5be0 Uncommon trap: reason=unstable_if action=reinterpret pc=0x000001412c4363a4 method=com.sun.tools.javac.code.Types.isSubtype(Lcom/sun/tools/javac/code/Type;Lcom/sun/tools/javac/code/Type;Z)Z @ 103 c2
Event: 26.210 Thread 0x00000141195c5be0 DEOPT PACKING pc=0x000001412c4363a4 sp=0x00000001006fabc0
Event: 26.210 Thread 0x00000141195c5be0 DEOPT UNPACKING pc=0x000001412bc33d82 sp=0x00000001006fabc0 mode 2
Event: 26.211 Thread 0x00000141195c5be0 Uncommon trap: trap_request=0xffffff45 fr.pc=0x000001412c40ffec relative=0x000000000000076c
Event: 26.211 Thread 0x00000141195c5be0 Uncommon trap: reason=unstable_if action=reinterpret pc=0x000001412c40ffec method=com.sun.tools.javac.code.Types$Subst.visitClassType(Lcom/sun/tools/javac/code/Type$ClassType;Ljava/lang/Void;)Lcom/sun/tools/javac/code/Type; @ 4 c2
Event: 26.211 Thread 0x00000141195c5be0 DEOPT PACKING pc=0x000001412c40ffec sp=0x00000001006fb900
Event: 26.211 Thread 0x00000141195c5be0 DEOPT UNPACKING pc=0x000001412bc33d82 sp=0x00000001006fb8f0 mode 2

Classes loaded (20 events):
Event: 11.413 Loading class java/util/concurrent/locks/AbstractQueuedSynchronizer$Node done
Event: 11.413 Loading class java/util/concurrent/locks/AbstractQueuedSynchronizer$ExclusiveNode done
Event: 11.413 Loading class java/util/concurrent/ConcurrentLinkedQueue$Itr
Event: 11.413 Loading class java/util/concurrent/ConcurrentLinkedQueue$Itr done
Event: 11.430 Loading class java/util/function/IntUnaryOperator
Event: 11.430 Loading class java/util/function/IntUnaryOperator done
Event: 11.470 Loading class java/util/concurrent/locks/AbstractQueuedSynchronizer$ConditionNode
Event: 11.470 Loading class java/util/concurrent/locks/AbstractQueuedSynchronizer$ConditionNode done
Event: 11.488 Loading class java/util/concurrent/ConcurrentLinkedDeque$Itr
Event: 11.488 Loading class java/util/concurrent/ConcurrentLinkedDeque$AbstractItr
Event: 11.488 Loading class java/util/concurrent/ConcurrentLinkedDeque$AbstractItr done
Event: 11.488 Loading class java/util/concurrent/ConcurrentLinkedDeque$Itr done
Event: 11.501 Loading class java/nio/BufferMismatch
Event: 11.501 Loading class java/nio/BufferMismatch done
Event: 17.430 Loading class java/nio/file/attribute/PosixFilePermission
Event: 17.430 Loading class java/nio/file/attribute/PosixFilePermission done
Event: 17.431 Loading class sun/nio/ch/SocketOutputStream
Event: 17.431 Loading class sun/nio/ch/SocketOutputStream done
Event: 25.535 Loading class java/util/function/UnaryOperator
Event: 25.536 Loading class java/util/function/UnaryOperator done

Classes unloaded (0 events):
No events

Classes redefined (0 events):
No events

Internal exceptions (20 events):
Event: 26.186 Thread 0x00000141195c5be0 Exception <a 'sun/nio/fs/WindowsException'{0x000000071279fe40}> (0x000000071279fe40) 
thrown [s\open\src\hotspot\share\prims\jni.cpp, line 514]
Event: 26.186 Thread 0x00000141195c5be0 Exception <a 'sun/nio/fs/WindowsException'{0x00000007127c2058}> (0x00000007127c2058) 
thrown [s\open\src\hotspot\share\prims\jni.cpp, line 514]
Event: 26.187 Thread 0x00000141195c5be0 Exception <a 'sun/nio/fs/WindowsException'{0x00000007124a98e8}> (0x00000007124a98e8) 
thrown [s\open\src\hotspot\share\prims\jni.cpp, line 514]
Event: 26.207 Thread 0x00000141195c5be0 Exception <a 'sun/nio/fs/WindowsException'{0x000000071216ba80}> (0x000000071216ba80) 
thrown [s\open\src\hotspot\share\prims\jni.cpp, line 514]
Event: 26.207 Thread 0x00000141195c5be0 Exception <a 'sun/nio/fs/WindowsException'{0x000000071216cf90}> (0x000000071216cf90) 
thrown [s\open\src\hotspot\share\prims\jni.cpp, line 514]
Event: 26.207 Thread 0x00000141195c5be0 Exception <a 'sun/nio/fs/WindowsException'{0x000000071216e6b0}> (0x000000071216e6b0) 
thrown [s\open\src\hotspot\share\prims\jni.cpp, line 514]
Event: 26.229 Thread 0x00000141195c5be0 Exception <a 'sun/nio/fs/WindowsException'{0x0000000711f6cae8}> (0x0000000711f6cae8) 
thrown [s\open\src\hotspot\share\prims\jni.cpp, line 514]
Event: 26.229 Thread 0x00000141195c5be0 Exception <a 'sun/nio/fs/WindowsException'{0x0000000711f6d268}> (0x0000000711f6d268) 
thrown [s\open\src\hotspot\share\prims\jni.cpp, line 514]
Event: 26.229 Thread 0x00000141195c5be0 Exception <a 'sun/nio/fs/WindowsException'{0x0000000711f6d838}> (0x0000000711f6d838) 
thrown [s\open\src\hotspot\share\prims\jni.cpp, line 514]
Event: 26.229 Thread 0x00000141195c5be0 Exception <a 'sun/nio/fs/WindowsException'{0x0000000711f6df88}> (0x0000000711f6df88) 
thrown [s\open\src\hotspot\share\prims\jni.cpp, line 514]
Event: 26.461 Thread 0x00000141195c5be0 Exception <a 'sun/nio/fs/WindowsException'{0x0000000711726360}> (0x0000000711726360) 
thrown [s\open\src\hotspot\share\prims\jni.cpp, line 514]
Event: 26.465 Thread 0x00000141195c5be0 Exception <a 'sun/nio/fs/WindowsException'{0x000000071173a578}> (0x000000071173a578) 
thrown [s\open\src\hotspot\share\prims\jni.cpp, line 514]
Event: 26.555 Thread 0x00000141195c5be0 Exception <a 'sun/nio/fs/WindowsException'{0x00000007117463c0}> (0x00000007117463c0) 
thrown [s\open\src\hotspot\share\prims\jni.cpp, line 514]
Event: 26.559 Thread 0x00000141195c5be0 Exception <a 'sun/nio/fs/WindowsException'{0x000000071175a6a0}> (0x000000071175a6a0) 
thrown [s\open\src\hotspot\share\prims\jni.cpp, line 514]
Event: 26.726 Thread 0x00000141195c5be0 Exception <a 'sun/nio/fs/WindowsException'{0x00000007112aecd8}> (0x00000007112aecd8) 
thrown [s\open\src\hotspot\share\prims\jni.cpp, line 514]
Event: 26.726 Thread 0x00000141195c5be0 Exception <a 'sun/nio/fs/WindowsException'{0x00000007112af378}> (0x00000007112af378) 
thrown [s\open\src\hotspot\share\prims\jni.cpp, line 514]
Event: 26.734 Thread 0x00000141195c5be0 Exception <a 'sun/nio/fs/WindowsException'{0x00000007112ee1f0}> (0x00000007112ee1f0) 
thrown [s\open\src\hotspot\share\prims\jni.cpp, line 514]
Event: 26.814 Thread 0x00000141195c5be0 Exception <a 'sun/nio/fs/WindowsException'{0x0000000711156ad8}> (0x0000000711156ad8) 
thrown [s\open\src\hotspot\share\prims\jni.cpp, line 514]
Event: 26.900 Thread 0x00000141195c5be0 Exception <a 'sun/nio/fs/WindowsException'{0x00000007109b8d20}> (0x00000007109b8d20) 
thrown [s\open\src\hotspot\share\prims\jni.cpp, line 514]
Event: 26.902 Thread 0x00000141195c5be0 Exception <a 'sun/nio/fs/WindowsException'{0x00000007106550e0}> (0x00000007106550e0) 
thrown [s\open\src\hotspot\share\prims\jni.cpp, line 514]

VM Operations (20 events):
Event: 11.478 Executing non-safepoint VM operation: HandshakeAllThreads (Deoptimize)
Event: 11.479 Executing non-safepoint VM operation: HandshakeAllThreads (Deoptimize) done
Event: 11.480 Executing non-safepoint VM operation: HandshakeAllThreads (Deoptimize)
Event: 11.480 Executing non-safepoint VM operation: HandshakeAllThreads (Deoptimize) done
Event: 11.633 Executing non-safepoint VM operation: HandshakeAllThreads (Deoptimize)
Event: 11.633 Executing non-safepoint VM operation: HandshakeAllThreads (Deoptimize) done
Event: 13.228 Executing safepoint VM operation: G1CollectForAllocation (G1 Evacuation Pause)
Event: 13.239 Executing safepoint VM operation: G1CollectForAllocation (G1 Evacuation Pause) done
Event: 15.223 Executing safepoint VM operation: G1CollectForAllocation (G1 Evacuation Pause)
Event: 15.232 Executing safepoint VM operation: G1CollectForAllocation (G1 Evacuation Pause) done
Event: 17.340 Executing safepoint VM operation: G1CollectForAllocation (G1 Evacuation Pause)
Event: 17.345 Executing safepoint VM operation: G1CollectForAllocation (G1 Evacuation Pause) done
Event: 18.867 Executing safepoint VM operation: G1CollectForAllocation (G1 Evacuation Pause)
Event: 18.892 Executing safepoint VM operation: G1CollectForAllocation (G1 Evacuation Pause) done
Event: 21.560 Executing safepoint VM operation: G1CollectForAllocation (G1 Evacuation Pause)
Event: 21.576 Executing safepoint VM operation: G1CollectForAllocation (G1 Evacuation Pause) done
Event: 23.316 Executing safepoint VM operation: G1CollectForAllocation (G1 Evacuation Pause)
Event: 23.328 Executing safepoint VM operation: G1CollectForAllocation (G1 Evacuation Pause) done
Event: 25.959 Executing safepoint VM operation: G1CollectForAllocation (G1 Evacuation Pause)
Event: 25.963 Executing safepoint VM operation: G1CollectForAllocation (G1 Evacuation Pause) done

Memory protections (0 events):
No events

Nmethod flushes (20 events):
Event: 9.999 Thread 0x000001411b9dd6a0 flushing  nmethod 0x0000014124b59e08
Event: 9.999 Thread 0x000001411b9dd6a0 flushing  nmethod 0x0000014124ba0188
Event: 9.999 Thread 0x000001411b9dd6a0 flushing  nmethod 0x0000014124ba2b88
Event: 9.999 Thread 0x000001411b9dd6a0 flushing  nmethod 0x0000014124c05f08
Event: 9.999 Thread 0x000001411b9dd6a0 flushing  nmethod 0x0000014124c5ff08
Event: 9.999 Thread 0x000001411b9dd6a0 flushing  nmethod 0x0000014124c69a08
Event: 9.999 Thread 0x000001411b9dd6a0 flushing  nmethod 0x0000014124c69d08
Event: 9.999 Thread 0x000001411b9dd6a0 flushing  nmethod 0x0000014124c6a908
Event: 9.999 Thread 0x000001411b9dd6a0 flushing  nmethod 0x0000014124c99808
Event: 9.999 Thread 0x000001411b9dd6a0 flushing  nmethod 0x0000014124cc0988
Event: 9.999 Thread 0x000001411b9dd6a0 flushing  nmethod 0x0000014124cc1488
Event: 9.999 Thread 0x000001411b9dd6a0 flushing  nmethod 0x0000014124cc1c08
Event: 9.999 Thread 0x000001411b9dd6a0 flushing  nmethod 0x0000014124cc4588
Event: 9.999 Thread 0x000001411b9dd6a0 flushing  nmethod 0x0000014124cee008
Event: 9.999 Thread 0x000001411b9dd6a0 flushing  nmethod 0x0000014124cef088
Event: 9.999 Thread 0x000001411b9dd6a0 flushing  nmethod 0x0000014124d93188
Event: 9.999 Thread 0x000001411b9dd6a0 flushing  nmethod 0x0000014124d93608
Event: 9.999 Thread 0x000001411b9dd6a0 flushing  nmethod 0x0000014124dae488
Event: 9.999 Thread 0x000001411b9dd6a0 flushing  nmethod 0x0000014124dc7888
Event: 9.999 Thread 0x000001411b9dd6a0 flushing  nmethod 0x0000014124dd3108

Events (20 events):
Event: 25.022 Thread 0x000001413ba514f0 Thread added: 0x00000141422201f0
Event: 25.132 Thread 0x00000141422201f0 Thread exited: 0x00000141422201f0
Event: 25.436 Thread 0x000001413ba514f0 Thread added: 0x000001414221e9c0
Event: 25.543 Thread 0x000001413ba514f0 Thread added: 0x0000014142222a40
Event: 25.703 Thread 0x00000141195c5be0 Thread added: 0x0000014144883b20
Event: 25.703 Thread 0x00000141195c5be0 Thread added: 0x0000014144886230
Event: 25.704 Thread 0x00000141195c5be0 Thread added: 0x0000014144883350
Event: 25.704 Thread 0x00000141195c5be0 Thread added: 0x00000141448871d0
Event: 25.709 Thread 0x00000141448871d0 Thread exited: 0x00000141448871d0
Event: 25.709 Thread 0x0000014144883350 Thread exited: 0x0000014144883350
Event: 25.709 Thread 0x0000014144886230 Thread exited: 0x0000014144886230
Event: 25.709 Thread 0x0000014144883b20 Thread exited: 0x0000014144883b20
Event: 26.450 Thread 0x00000141195c5be0 Thread added: 0x000001413ba59f10
Event: 26.450 Thread 0x00000141195c5be0 Thread added: 0x000001413ba5be50
Event: 26.451 Thread 0x00000141195c5be0 Thread added: 0x0000014144883b20
Event: 26.457 Thread 0x000001413ba59f10 Thread exited: 0x000001413ba59f10
Event: 26.457 Thread 0x0000014144883b20 Thread exited: 0x0000014144883b20
Event: 26.457 Thread 0x000001413ba5be50 Thread exited: 0x000001413ba5be50
Event: 26.568 Thread 0x0000014142222a40 Thread exited: 0x0000014142222a40
Event: 26.713 Thread 0x000001414221e9c0 Thread exited: 0x000001414221e9c0


Dynamic libraries:
0x00007ff67bcb0000 - 0x00007ff67bcbe000 	C:\Program Files\Java\jdk-26.0.1\bin\java.exe
0x00007ff96e280000 - 0x00007ff96e4e6000 	C:\WINDOWS\SYSTEM32\ntdll.dll
0x00007ff96c340000 - 0x00007ff96c409000 	C:\WINDOWS\System32\KERNEL32.DLL
0x00007ff96b840000 - 0x00007ff96bc3e000 	C:\WINDOWS\System32\KERNELBASE.dll
0x00007ff96b6e0000 - 0x00007ff96b82c000 	C:\WINDOWS\System32\ucrtbase.dll
0x00007ff93ade0000 - 0x00007ff93adf7000 	C:\Program Files\Java\jdk-26.0.1\bin\jli.dll
0x00007ff93adc0000 - 0x00007ff93adde000 	C:\Program Files\Java\jdk-26.0.1\bin\VCRUNTIME140.dll
0x00007ff96db70000 - 0x00007ff96dd37000 	C:\WINDOWS\System32\USER32.dll
0x00007ff96a880000 - 0x00007ff96ab12000 	C:\WINDOWS\WinSxS\amd64_microsoft.windows.common-controls_6595b64144ccf1df_6.0.26100.8875_none_3e0d5d42e32fe9dd\COMCTL32.dll
0x00007ff96bc50000 - 0x00007ff96bc77000 	C:\WINDOWS\System32\win32u.dll
0x00007ff96d3c0000 - 0x00007ff96d469000 	C:\WINDOWS\System32\msvcrt.dll
0x00007ff96c810000 - 0x00007ff96c83b000 	C:\WINDOWS\System32\GDI32.dll
0x00007ff96bdc0000 - 0x00007ff96beea000 	C:\WINDOWS\System32\gdi32full.dll
0x00007ff96bd10000 - 0x00007ff96bdb3000 	C:\WINDOWS\System32\msvcp_win.dll
0x00007ff96da70000 - 0x00007ff96daa2000 	C:\WINDOWS\System32\IMM32.DLL
0x00007ff93adb0000 - 0x00007ff93adbc000 	C:\Program Files\Java\jdk-26.0.1\bin\vcruntime140_1.dll
0x00007ff93ad20000 - 0x00007ff93adad000 	C:\Program Files\Java\jdk-26.0.1\bin\msvcp140.dll
0x00007ff939a80000 - 0x00007ff93a94e000 	C:\Program Files\Java\jdk-26.0.1\bin\server\jvm.dll
0x00007ff96dab0000 - 0x00007ff96db67000 	C:\WINDOWS\System32\ADVAPI32.dll
0x00007ff96c410000 - 0x00007ff96c4ba000 	C:\WINDOWS\System32\sechost.dll
0x00007ff96c220000 - 0x00007ff96c338000 	C:\WINDOWS\System32\RPCRT4.dll
0x00007ff96c4c0000 - 0x00007ff96c540000 	C:\WINDOWS\System32\WS2_32.dll
0x00007ff96b300000 - 0x00007ff96b35e000 	C:\WINDOWS\SYSTEM32\POWRPROF.dll
0x00007ff9557a0000 - 0x00007ff9557d6000 	C:\WINDOWS\SYSTEM32\WINMM.dll
0x00007ff969aa0000 - 0x00007ff969aab000 	C:\WINDOWS\SYSTEM32\VERSION.dll
0x00007ff96b2e0000 - 0x00007ff96b2f4000 	C:\WINDOWS\SYSTEM32\UMPDC.dll
0x00007ff96a4c0000 - 0x00007ff96a4db000 	C:\WINDOWS\SYSTEM32\kernel.appcore.dll
0x00007ff939010000 - 0x00007ff93901a000 	C:\Program Files\Java\jdk-26.0.1\bin\jimage.dll
0x00007ff96ac30000 - 0x00007ff96ae72000 	C:\WINDOWS\SYSTEM32\DBGHELP.DLL
0x00007ff96d580000 - 0x00007ff96d903000 	C:\WINDOWS\System32\combase.dll
0x00007ff96c9f0000 - 0x00007ff96cac9000 	C:\WINDOWS\System32\OLEAUT32.dll
0x00007ff96ab20000 - 0x00007ff96ab5b000 	C:\WINDOWS\SYSTEM32\dbgcore.DLL
0x00007ff96bef0000 - 0x00007ff96bf9c000 	C:\WINDOWS\System32\bcryptPrimitives.dll
0x00007ff93abc0000 - 0x00007ff93abdf000 	C:\Program Files\Java\jdk-26.0.1\bin\java.dll
0x00007ff96c550000 - 0x00007ff96c6e9000 	C:\WINDOWS\System32\ole32.dll
0x00007ff96cad0000 - 0x00007ff96d262000 	C:\WINDOWS\System32\SHELL32.dll
0x00007ff967db0000 - 0x00007ff968642000 	C:\WINDOWS\SYSTEM32\windows.storage.dll
0x00007ff96d470000 - 0x00007ff96d567000 	C:\WINDOWS\System32\SHCORE.dll
0x00007ff96dd40000 - 0x00007ff96dda7000 	C:\WINDOWS\System32\shlwapi.dll
0x00007ff96b3c0000 - 0x00007ff96b3e9000 	C:\WINDOWS\SYSTEM32\profapi.dll
0x00007ff9370d0000 - 0x00007ff9370e2000 	C:\Program Files\Java\jdk-26.0.1\bin\net.dll
0x00007ff9695f0000 - 0x00007ff96965c000 	C:\WINDOWS\system32\mswsock.dll
0x00007ff937000000 - 0x00007ff937016000 	C:\Program Files\Java\jdk-26.0.1\bin\nio.dll
0x00007ff936e30000 - 0x00007ff936e47000 	C:\Program Files\Java\jdk-26.0.1\bin\zip.dll
0x00007ff95eef0000 - 0x00007ff95ef14000 	C:\Program Files\NetBeans-30\netbeans\java\maven\lib\jansi-native\Windows\x86_64\jansi.dll
0x00007ff934550000 - 0x00007ff934560000 	C:\Program Files\Java\jdk-26.0.1\bin\verify.dll

JVMTI agents: none

dbghelp: loaded successfully - version: 4.0.5 - missing functions: none
symbol engine: initialized successfully - sym options: 0x614 - pdb path: .;C:\Program Files\Java\jdk-26.0.1\bin;C:\WINDOWS\SYSTEM32;C:\WINDOWS\WinSxS\amd64_microsoft.windows.common-controls_6595b64144ccf1df_6.0.26100.8875_none_3e0d5d42e32fe9dd;C:\Program Files\Java\jdk-26.0.1\bin\server;C:\Program Files\NetBeans-30\netbeans\java\maven\lib\jansi-native\Windows\x86_64

VM Arguments:
jvm_args: --enable-native-access=ALL-UNNAMED -Dclassworlds.conf=C:\Program Files\NetBeans-30\netbeans\java\maven\bin\m2.conf -Dmaven.home=C:\Program Files\NetBeans-30\netbeans\java\maven -Dlibrary.jansi.path=C:\Program Files\NetBeans-30\netbeans\java\maven\lib\jansi-native -Dmaven.multiModuleProjectDirectory=D:\NEOTEMP\CODE\SHIPSHUK\BULBULLER\bb-rest-api\v2_maven\bb-rest-api 
java_command: org.codehaus.plexus.classworlds.launcher.Launcher -Dmaven.ext.class.path=C:\Program Files\NetBeans-30\netbeans\java\maven-nblib\netbeans-eventspy.jar --no-transfer-progress clean install -f pom-all.xml
java_class_path (initial): C:\Program Files\NetBeans-30\netbeans\java\maven\boot\plexus-classworlds-2.9.0.jar
Launcher Type: SUN_STANDARD

[Global flags]
     bool AOTAdapterCaching                        = false                                  {diagnostic} {ergonomic}
     bool AOTInvokeDynamicLinking                  = false                                  {diagnostic} {ergonomic}
     bool AOTRecordTraining                        = false                                  {diagnostic} {ergonomic}
     bool AOTReplayTraining                        = false                                  {diagnostic} {ergonomic}
     bool AOTStubCaching                           = false                                  {diagnostic} {ergonomic}
     intx CICompilerCount                          = 4                                         {product} {ergonomic}
     uint ConcGCThreads                            = 2                                         {product} {ergonomic}
     uint G1ConcRefinementThreads                  = 8                                         {product} {ergonomic}
     uint G1EagerReclaimRemSetThreshold            = 16                                   {experimental} {ergonomic}
   size_t G1HeapRegionSize                         = 2097152                                   {product} {ergonomic}
     uint G1RemSetArrayOfCardsEntries              = 16                                   {experimental} {ergonomic}
     uint G1RemSetHowlMaxNumBuckets                = 8                                    {experimental} {ergonomic}
     uint G1RemSetHowlNumBuckets                   = 8                                    {experimental} {ergonomic}
   size_t InitialHeapSize                          = 8388608                                   {product} {ergonomic}
     bool IntelJccErratumMitigation                = true                              {ARCH diagnostic} {ergonomic}
   size_t MarkStackSize                            = 4194304                                   {product} {ergonomic}
   size_t MarkStackSizeMax                         = 536870912                                 {product} {ergonomic}
   size_t MaxHeapSize                              = 4253024256                                {product} {ergonomic}
   size_t MaxNewSize                               = 2550136832                                {product} {ergonomic}
 uint64_t MaxRAM                                   = 17007267840                               {product} {ergonomic}
   size_t MinHeapDeltaBytes                        = 2097152                                   {product} {ergonomic}
   size_t MinHeapSize                              = 8388608                                   {product} {ergonomic}
   size_t NonNMethodCodeHeapSize                   = 5898240                                {pd product} {ergonomic}
   size_t NonProfiledCodeHeapSize                  = 122945536                              {pd product} {ergonomic}
   size_t ProfiledCodeHeapSize                     = 122945536                              {pd product} {ergonomic}
   size_t ReservedCodeCacheSize                    = 251789312                              {pd product} {ergonomic}
     bool SegmentedCodeCache                       = true                                      {product} {ergonomic}
   size_t SoftMaxHeapSize                          = 4253024256                             {manageable} {ergonomic}
     bool UseCompressedOops                        = true                           {product lp64_product} {ergonomic}
     bool UseCondCardMark                          = true                                      {product} {ergonomic}
     bool UseFastUnorderedTimeStamps               = true                                 {experimental} {ergonomic}
     bool UseG1GC                                  = true                                      {product} {ergonomic}
     bool UseLargePagesIndividualAllocation        = false                                  {pd product} {ergonomic}
      int X86ICacheSync                            = 2                                 {ARCH diagnostic} {ergonomic}

Logging:
Log output configuration:
 #0: stdout all=warning uptime,level,tags foldmultilines=false
 #1: stderr all=off uptime,level,tags foldmultilines=false

Release file:
IMPLEMENTOR="Oracle Corporation" 
JAVA_RUNTIME_VERSION="26.0.1+8-34" 
JAVA_VERSION="26.0.1" 
JAVA_VERSION_DATE="2026-04-21" 
LIBC="default" 
MODULES="java.base java.compiler java.datatransfer java.xml java.prefs java.desktop java.instrument java.logging java.management java.security.sasl java.naming java.rmi java.management.rmi java.net.http java.scripting java.security.jgss java.transaction.xa java.sql java.sql.rowset java.xml.crypto java.se java.smartcardio jdk.accessibility jdk.internal.jvmstat jdk.attach jdk.charsets jdk.internal.opt jdk.zipfs jdk.compiler jdk.crypto.cryptoki jdk.crypto.ec jdk.crypto.mscapi jdk.dynalink jdk.internal.ed jdk.editpad jdk.internal.vm.ci jdk.graal.compiler jdk.graal.compiler.management jdk.hotspot.agent jdk.httpserver jdk.incubator.vector jdk.internal.le jdk.internal.md jdk.jartool jdk.javadoc jdk.jcmd jdk.management jdk.management.agent jdk.jconsole jdk.jdeps jdk.jdwp.agent jdk.jdi jdk.jfr jdk.jlink jdk.jpackage jdk.jshell jdk.jstatd jdk.localedata jdk.management.jfr jdk.naming.dns jdk.naming.rmi jdk.net jdk.nio.mapmode jdk.sctp jdk.security.auth jdk.security.jgss jdk.unsupported jdk.unsupported.desktop jdk.xml.dom" 
OS_ARCH="x86_64" 
OS_NAME="Windows" 
SOURCE=".:git:fcc00fc4aee7" 

Environment Variables:
JAVA_HOME=C:\Program Files\Java\jdk-26.0.1
PATH=%JAVA_HOME%\bin;C:\Windows\system32;C:\Windows;C:\Windows\System32\Wbem;C:\Windows\System32\WindowsPowerShell\v1.0\;C:\Windows\System32\OpenSSH\;C:\Program Files (x86)\NVIDIA Corporation\PhysX\Common;C:\Program Files\NVIDIA Corporation\NVIDIA NvDLISR;C:\Program Files\Java\jdk-26.0.1\bin;C:\Program Files\NetBeans-25\netbeans\extide\ant\bin;C:\Program Files\Common Files\Oracle\Java\javapath;C:\Program Files\OpenSSL-Win64\bin;C:\WINDOWS\system32;C:\WINDOWS;C:\WINDOWS\System32\Wbem;C:\WINDOWS\System32\WindowsPowerShell\v1.0\;C:\WINDOWS\System32\OpenSSH\;C:\Program Files\PuTTY\;C:\Users\Administrator\AppData\Local\Muse Hub\lib;C:\src\flutter\bin;C:\Program Files\Git\cmd;C:\Program Files\nodejs\;C:\Users\Administrator\AppData\Local\Programs\Python\Python313\Scripts\;C:\Users\Administrator\AppData\Local\Programs\Python\Python313\;C:\Program Files\MySQL\MySQL Shell 8.0\bin\;C:\Users\Administrator\AppData\Local\Microsoft\WindowsApps;C:\Users\Administrator\AppData\Local\Programs\Microsoft VS Code\bin;C:\Users\Administrator\AppData\Local\Muse Hub\lib;C:\Users\Administrator\AppData\Roaming\npm;C:\maven-3.9.16\bin;;C:\Program Files\NetBeans-30\netbeans\bin\
USERNAME=Administrator
OS=Windows_NT
PROCESSOR_IDENTIFIER=Intel64 Family 6 Model 142 Stepping 12, GenuineIntel
TMP=C:\Users\ADMINI~1\AppData\Local\Temp
TEMP=C:\Users\ADMINI~1\AppData\Local\Temp




Compilation memory statistics disabled.

Periodic native trim disabled

---------------  S Y S T E M  ---------------

OS:
 Windows 11 , 64 bit Build 26100 (10.0.26100.8875)
OS uptime: 4 days 4:53 hours
Hyper-V role detected

CPU: total 8 (initial active 8) (4 cores per cpu, 2 threads per core) family 6 model 142 stepping 12 microcode 0xde, cx8, cmov, fxsr, ht, mmx, 3dnowpref, sse, sse2, sse3, ssse3, sse4.1, sse4.2, popcnt, lzcnt, tsc, tscinvbit, avx, avx2, aes, erms, clmul, bmi1, bmi2, adx, fma, vzeroupper, clflush, clflushopt, hv, rdtscp, f16c
Processor Information for the first 8 processors :
  Max Mhz: 2304, Current Mhz: 1803, Mhz Limit: 1797

Memory: 4k page, system-wide physical 16219M (1126M free)
TotalPageFile size 32219M (AvailPageFile size 57M)
current process WorkingSet (physical memory assigned to process): 485M, peak: 527M
current process commit charge ("private bytes"): 515M, peak: 579M

vm_info: OpenJDK 64-Bit Server VM (26.0.1+8-34) for windows-amd64 JRE (26.0.1+8-34), built on 2026-03-10T17:24:10Z with MS VC++ 17.13 (VS2022)

END.
