#
# There is insufficient memory for the Java Runtime Environment to continue.
# Native memory allocation (malloc) failed to allocate 9599448 bytes. Error detail: Chunk::new
# Possible reasons:
#   The system is out of physical RAM or swap space
#   This process is running with CompressedOops enabled, and the Java Heap may be blocking the growth of the native heap
# Possible solutions:
#   Reduce memory load on the system
#   Increase physical memory or swap space
#   Check if swap backing store is full
#   Decrease Java heap size (-Xmx/-Xms)
#   Decrease number of Java threads
#   Decrease Java thread stack sizes (-Xss)
#   Set larger code cache with -XX:ReservedCodeCacheSize=
#   JVM is running with Zero Based Compressed Oops mode in which the Java heap is
#     placed in the first 32GB address space. The Java Heap base address is the
#     maximum limit for the native heap growth. Please use -XX:HeapBaseMinAddress
#     to set the Java Heap base and to place the Java Heap above 32GB virtual address.
# This output file may be truncated or incomplete.
#
#  Out of Memory Error (arena.cpp:193), pid=24280, tid=23372
#
# JRE version: OpenJDK Runtime Environment (26.0.1+8) (build 26.0.1+8-34)
# Java VM: OpenJDK 64-Bit Server VM (26.0.1+8-34, mixed mode, sharing, tiered, compressed oops, compressed class ptrs, g1 gc, windows-amd64)
# No core dump will be written. Minidumps are not enabled by default on client versions of Windows
#

---------------  S U M M A R Y ------------

Command Line: --enable-native-access=ALL-UNNAMED -Dclassworlds.conf=C:\Program Files\NetBeans-30\netbeans\java\maven\bin\m2.conf -Dmaven.home=C:\Program Files\NetBeans-30\netbeans\java\maven -Dlibrary.jansi.path=C:\Program Files\NetBeans-30\netbeans\java\maven\lib\jansi-native -Dmaven.multiModuleProjectDirectory=D:\NEOTEMP\CODE\SHIPSHUK\BULBULLER\bb-rest-api\v2_maven\bb-rest-api org.codehaus.plexus.classworlds.launcher.Launcher -Dmaven.ext.class.path=C:\Program Files\NetBeans-30\netbeans\java\maven-nblib\netbeans-eventspy.jar --no-transfer-progress clean install -f pom-all.xml

Host: Intel(R) Core(TM) i7-10510U CPU @ 1.80GHz, 8 cores, 15G,  Windows 11 , 64 bit Build 26100 (10.0.26100.8875)
Time: Tue Aug  4 12:25:32 2026 Turkey Standard Time elapsed time: 11.395389 seconds (0d 0h 0m 11s)

---------------  T H R E A D  ---------------

Current thread (0x000001cc7b01a870):  JavaThread "C2 CompilerThread0" daemon [_thread_in_native, id=23372, stack(0x0000007702700000,0x0000007702800000) (1024K)]


Current CompileTask:
C2:11395 8200   !   4       com.sun.tools.javac.jvm.PoolReader::resolve (400 bytes)

Stack: [0x0000007702700000,0x0000007702800000]
Native frames: (J=compiled Java code, j=interpreted, Vv=VM code, C=native code)
V  [jvm.dll+0x7d5879]  (no source info available)
V  [jvm.dll+0x7a37dd]  (no source info available)
V  [jvm.dll+0x9b0c10]  (no source info available)
V  [jvm.dll+0x9b3061]  (no source info available)
V  [jvm.dll+0x9b3773]  (no source info available)
V  [jvm.dll+0x30df76]  (no source info available)
V  [jvm.dll+0x11d8a6]  (no source info available)
V  [jvm.dll+0x11dbce]  (no source info available)
V  [jvm.dll+0x1afbe6]  (no source info available)
V  [jvm.dll+0x3ca822]  (no source info available)
V  [jvm.dll+0x7de462]  (no source info available)
V  [jvm.dll+0x2d1647]  (no source info available)
V  [jvm.dll+0x2d05bf]  (no source info available)
V  [jvm.dll+0x246820]  (no source info available)
V  [jvm.dll+0x2e06dc]  (no source info available)
V  [jvm.dll+0x2de8bd]  (no source info available)
V  [jvm.dll+0x4a3ff1]  (no source info available)
V  [jvm.dll+0x94f649]  (no source info available)
V  [jvm.dll+0x7d7358]  (no source info available)
C  [ucrtbase.dll+0x2cd30]  (no source info available)
C  [KERNEL32.DLL+0x2e957]  (no source info available)
C  [ntdll.dll+0xaad6c]  (no source info available)

Lock stack of current Java thread (top to bottom):


---------------  P R O C E S S  ---------------

Threads class SMR info:
_java_thread_list=0x000001cc14d82260, length=13, elements={
0x000001cc69f2f600, 0x000001cc7b00ba00, 0x000001cc7b00d1c0, 0x000001cc7b00dbd0,
0x000001cc7b0108d0, 0x000001cc7b013c60, 0x000001cc7b016550, 0x000001cc7b01a870,
0x000001cc7b02a220, 0x000001cc0f137bf0, 0x000001cc0f13abc0, 0x000001cc0f366ab0,
0x000001cc0f3672b0
}

Java Threads: ( => current thread )
  0x000001cc69f2f600 JavaThread "main"                              [_thread_in_Java, id=14392, stack(0x0000007701800000,0x0000007701900000) (1024K)]
  0x000001cc7b00ba00 JavaThread "Reference Handler"          daemon [_thread_blocked, id=30580, stack(0x0000007702100000,0x0000007702200000) (1024K)]
  0x000001cc7b00d1c0 JavaThread "Finalizer"                  daemon [_thread_blocked, id=23244, stack(0x0000007702200000,0x0000007702300000) (1024K)]
  0x000001cc7b00dbd0 JavaThread "Signal Dispatcher"          daemon [_thread_blocked, id=14320, stack(0x0000007702300000,0x0000007702400000) (1024K)]
  0x000001cc7b0108d0 JavaThread "Attach Listener"            daemon [_thread_blocked, id=24684, stack(0x0000007702400000,0x0000007702500000) (1024K)]
  0x000001cc7b013c60 JavaThread "Service Thread"             daemon [_thread_blocked, id=25324, stack(0x0000007702500000,0x0000007702600000) (1024K)]
  0x000001cc7b016550 JavaThread "Monitor Deflation Thread"   daemon [_thread_blocked, id=26768, stack(0x0000007702600000,0x0000007702700000) (1024K)]
=>0x000001cc7b01a870 JavaThread "C2 CompilerThread0"         daemon [_thread_in_native, id=23372, stack(0x0000007702700000,0x0000007702800000) (1024K)]
  0x000001cc7b02a220 JavaThread "C1 CompilerThread0"         daemon [_thread_in_vm, id=7144, stack(0x0000007702800000,0x0000007702900000) (1024K)]
  0x000001cc0f137bf0 JavaThread "Notification Thread"        daemon [_thread_blocked, id=29904, stack(0x0000007702900000,0x0000007702a00000) (1024K)]
  0x000001cc0f13abc0 JavaThread "Common-Cleaner"             daemon [_thread_blocked, id=16332, stack(0x0000007702a00000,0x0000007702b00000) (1024K)]
  0x000001cc0f366ab0 JavaThread "C2 CompilerThread1"         daemon [_thread_in_native, id=22784, stack(0x0000007702d00000,0x0000007702e00000) (1024K)]
  0x000001cc0f3672b0 JavaThread "C2 CompilerThread2"         daemon [_thread_in_native, id=14260, stack(0x0000007703400000,0x0000007703500000) (1024K)]
Total: 13

Other Threads:
  0x000001cc7aff69c0 VMThread "VM Thread"                           [id=14696, stack(0x0000007702000000,0x0000007702100000) (1024K)]
  0x000001cc7aec24d0 WatcherThread "VM Periodic Task Thread"        [id=22448, stack(0x0000007701f00000,0x0000007702000000) (1024K)]
  0x000001cc69f7cf10 WorkerThread "GC Thread#0"                     [id=15004, stack(0x0000007701900000,0x0000007701a00000) (1024K)]
  0x000001cc0f5ed9b0 WorkerThread "GC Thread#1"                     [id=7760, stack(0x0000007702c00000,0x0000007702d00000) (1024K)]
  0x000001cc0fd4d790 WorkerThread "GC Thread#2"                     [id=16684, stack(0x0000007702b00000,0x0000007702c00000) (1024K)]
  0x000001cc14067d90 WorkerThread "GC Thread#3"                     [id=24240, stack(0x0000007702e00000,0x0000007702f00000) (1024K)]
  0x000001cc14313ef0 WorkerThread "GC Thread#4"                     [id=25692, stack(0x0000007702f00000,0x0000007703000000) (1024K)]
  0x000001cc143ebb50 WorkerThread "GC Thread#5"                     [id=14496, stack(0x0000007703000000,0x0000007703100000) (1024K)]
  0x000001cc143d2570 WorkerThread "GC Thread#6"                     [id=9336, stack(0x0000007703100000,0x0000007703200000) (1024K)]
  0x000001cc14723cf0 WorkerThread "GC Thread#7"                     [id=16428, stack(0x0000007703200000,0x0000007703300000) (1024K)]
  0x000001cc69f96b00 ConcurrentGCThread "G1 Main Marker"            [id=2332, stack(0x0000007701a00000,0x0000007701b00000) (1024K)]
  0x000001cc69f97e20 WorkerThread "G1 Conc#0"                       [id=11892, stack(0x0000007701b00000,0x0000007701c00000) (1024K)]
  0x000001cc1579f5d0 WorkerThread "G1 Conc#1"                       [id=13888, stack(0x0000007703300000,0x0000007703400000) (1024K)]
  0x000001cc69fd6f00 WorkerThread "G1 Refinement Workers#0"         [id=30640, stack(0x0000007701d00000,0x0000007701e00000) (1024K)]
  0x000001cc69fd6540 ConcurrentGCThread "G1 Refine Control"         [id=3416, stack(0x0000007701c00000,0x0000007701d00000) (1024K)]
  0x000001cc69fd9ff0 ConcurrentGCThread "G1 Service"                [id=17792, stack(0x0000007701e00000,0x0000007701f00000) (1024K)]
Total: 16

Threads with active compile tasks:
C2 CompilerThread0  12490 8200   !   4       com.sun.tools.javac.jvm.PoolReader::resolve (400 bytes)
C2 CompilerThread2  12490 8624       4       com.sun.tools.javac.code.Types::union (134 bytes)
Total: 2

VM state: not at safepoint (normal execution)

VM Mutex/Monitor currently owned by a thread:  ([mutex/lock_event])
[0x00007ff93a85f488] SystemDictionary_lock - owner thread: 0x0000000000000000

Heap address: 0x0000000702800000, size: 4056 MB, Compressed Oops mode: Zero based, Oop shift amount: 3

CDS archive(s) mapped at: [0x0000000028000000-0x0000000028de0000-0x0000000028de0000), size 14548992, SharedBaseAddress: 0x0000000028000000, ArchiveRelocationMode: 1.
Compressed class space mapped at: 0x0000000029000000-0x0000000069000000, reserved size: 1073741824
UseCompressedClassPointers 1, UseCompactObjectHeaders 0
Narrow klass pointer bits 32, Max shift 3
Narrow klass base: 0x0000000028000000, Narrow klass shift: 0
Encoding Range: [0x0000000028000000 - 0x0000000128000000), (4294967296 bytes)
Klass Range:    [0x0000000028000000 - 0x0000000069000000), (1090519040 bytes)
Klass ID Range:  [8 - 1090519033) (1090519025)
Protection zone: [0x0000000028000000 - 0x0000000028010000), (65536 bytes)

GC Precious Log:
 CardTable entry size: 512
 Card Set container configuration: InlinePtr #cards 4 size 8 Array Of Cards #cards 16 size 48 Howl #buckets 8 coarsen threshold 3686 Howl Bitmap #cards 512 size 80 coarsen threshold 460 Card regions per heap region 1 cards per card region 4096
 CPUs: 8 total, 8 available
 Memory: 16219M
 Large Page Support: Disabled
 NUMA Support: Disabled
 Compressed Oops: Enabled (Zero based)
 Heap Region Size: 2M
 Heap Min Capacity: 8M
 Heap Initial Capacity: 8M
 Heap Max Capacity: 4056M
 Pre-touch: Disabled
 Parallel Workers: 8
 Concurrent Workers: 2
 Concurrent Refinement Workers: 8
 Periodic GC: Disabled

Heap:
 garbage-first heap   total reserved 4153344K, committed 331776K, used 70815K [0x0000000702800000, 0x0000000800000000)
  region size 2M, 10 eden (20M), 2 survivor (4M), 23 old (46M), 1 humongous (2M), 126 free (252M)

Heap Regions: E=young(eden), S=young(survivor), O=old, HS=humongous(starts), HC=humongous(continues), CS=collection set, F=free, TAMS=top-at-mark-start, PB=parsable bottom
|    0|0x0000000702800000, 0x0000000702a00000, 0x0000000702a00000|100%| O|  |TAMS 0x0000000702800000| PB 0x0000000702800000| Untracked |  0
|    1|0x0000000702a00000, 0x0000000702c00000, 0x0000000702c00000|100%| O|  |TAMS 0x0000000702a00000| PB 0x0000000702a00000| Untracked |  0
|    2|0x0000000702c00000, 0x0000000702e00000, 0x0000000702e00000|100%| O|  |TAMS 0x0000000702c00000| PB 0x0000000702c00000| Untracked |  0
|    3|0x0000000702e00000, 0x0000000703000000, 0x0000000703000000|100%| O|  |TAMS 0x0000000702e00000| PB 0x0000000702e00000| Untracked |  0
|    4|0x0000000703000000, 0x0000000703200000, 0x0000000703200000|100%|HS|  |TAMS 0x0000000703000000| PB 0x0000000703000000| Complete  |  0
|    5|0x0000000703200000, 0x0000000703400000, 0x0000000703400000|100%| O|  |TAMS 0x0000000703200000| PB 0x0000000703200000| Untracked |  0
|    6|0x0000000703400000, 0x0000000703600000, 0x0000000703600000|100%| O|  |TAMS 0x0000000703400000| PB 0x0000000703400000| Untracked |  0
|    7|0x0000000703600000, 0x0000000703800000, 0x0000000703800000|100%| O|  |TAMS 0x0000000703600000| PB 0x0000000703600000| Untracked |  0
|    8|0x0000000703800000, 0x0000000703a00000, 0x0000000703a00000|100%| O|  |TAMS 0x0000000703800000| PB 0x0000000703800000| Untracked |  0
|    9|0x0000000703a00000, 0x0000000703c00000, 0x0000000703c00000|100%| O|  |TAMS 0x0000000703a00000| PB 0x0000000703a00000| Untracked |  0
|   10|0x0000000703c00000, 0x0000000703e00000, 0x0000000703e00000|100%| O|  |TAMS 0x0000000703c00000| PB 0x0000000703c00000| Untracked |  0
|   11|0x0000000703e00000, 0x0000000704000000, 0x0000000704000000|100%| O|  |TAMS 0x0000000703e00000| PB 0x0000000703e00000| Untracked |  0
|   12|0x0000000704000000, 0x0000000704200000, 0x0000000704200000|100%| O|  |TAMS 0x0000000704000000| PB 0x0000000704000000| Untracked |  0
|   13|0x0000000704200000, 0x0000000704400000, 0x0000000704400000|100%| O|  |TAMS 0x0000000704200000| PB 0x0000000704200000| Untracked |  0
|   14|0x0000000704400000, 0x0000000704600000, 0x0000000704600000|100%| O|  |TAMS 0x0000000704400000| PB 0x0000000704400000| Untracked |  0
|   15|0x0000000704600000, 0x0000000704800000, 0x0000000704800000|100%| O|  |TAMS 0x0000000704600000| PB 0x0000000704600000| Untracked |  0
|   16|0x0000000704800000, 0x0000000704a00000, 0x0000000704a00000|100%| O|  |TAMS 0x0000000704800000| PB 0x0000000704800000| Untracked |  0
|   17|0x0000000704a00000, 0x0000000704c00000, 0x0000000704c00000|100%| O|  |TAMS 0x0000000704a00000| PB 0x0000000704a00000| Untracked |  0
|   18|0x0000000704c00000, 0x0000000704e00000, 0x0000000704e00000|100%| O|  |TAMS 0x0000000704c00000| PB 0x0000000704c00000| Untracked |  0
|   19|0x0000000704e00000, 0x0000000705000000, 0x0000000705000000|100%| O|  |TAMS 0x0000000704e00000| PB 0x0000000704e00000| Untracked |  0
|   20|0x0000000705000000, 0x0000000705200000, 0x0000000705200000|100%| O|  |TAMS 0x0000000705000000| PB 0x0000000705000000| Untracked |  0
|   21|0x0000000705200000, 0x0000000705400000, 0x0000000705400000|100%| O|  |TAMS 0x0000000705200000| PB 0x0000000705200000| Untracked |  0
|   22|0x0000000705400000, 0x0000000705600000, 0x0000000705600000|100%| O|  |TAMS 0x0000000705400000| PB 0x0000000705400000| Untracked |  0
|   23|0x0000000705600000, 0x0000000705600000, 0x0000000705800000|  0%| F|  |TAMS 0x0000000705600000| PB 0x0000000705600000| Untracked |  0
|   24|0x0000000705800000, 0x0000000705800000, 0x0000000705a00000|  0%| F|  |TAMS 0x0000000705800000| PB 0x0000000705800000| Untracked |  0
|   25|0x0000000705a00000, 0x0000000705a00000, 0x0000000705c00000|  0%| F|  |TAMS 0x0000000705a00000| PB 0x0000000705a00000| Untracked |  0
|   26|0x0000000705c00000, 0x0000000705c00000, 0x0000000705e00000|  0%| F|  |TAMS 0x0000000705c00000| PB 0x0000000705c00000| Untracked |  0
|   27|0x0000000705e00000, 0x0000000705e00000, 0x0000000706000000|  0%| F|  |TAMS 0x0000000705e00000| PB 0x0000000705e00000| Untracked |  0
|   28|0x0000000706000000, 0x0000000706000000, 0x0000000706200000|  0%| F|  |TAMS 0x0000000706000000| PB 0x0000000706000000| Untracked |  0
|   29|0x0000000706200000, 0x0000000706200000, 0x0000000706400000|  0%| F|  |TAMS 0x0000000706200000| PB 0x0000000706200000| Untracked |  0
|   30|0x0000000706400000, 0x0000000706400000, 0x0000000706600000|  0%| F|  |TAMS 0x0000000706400000| PB 0x0000000706400000| Untracked |  0
|   31|0x0000000706600000, 0x0000000706800000, 0x0000000706800000|100%| S|CS|TAMS 0x0000000706600000| PB 0x0000000706600000| Complete  |  0
|   32|0x0000000706800000, 0x0000000706a00000, 0x0000000706a00000|100%| S|CS|TAMS 0x0000000706800000| PB 0x0000000706800000| Complete  |  0
|   33|0x0000000706a00000, 0x0000000706a00000, 0x0000000706c00000|  0%| F|  |TAMS 0x0000000706a00000| PB 0x0000000706a00000| Untracked |  0
|   34|0x0000000706c00000, 0x0000000706c00000, 0x0000000706e00000|  0%| F|  |TAMS 0x0000000706c00000| PB 0x0000000706c00000| Untracked |  0
|   35|0x0000000706e00000, 0x0000000706e00000, 0x0000000707000000|  0%| F|  |TAMS 0x0000000706e00000| PB 0x0000000706e00000| Untracked |  0
|   36|0x0000000707000000, 0x0000000707000000, 0x0000000707200000|  0%| F|  |TAMS 0x0000000707000000| PB 0x0000000707000000| Untracked |  0
|   37|0x0000000707200000, 0x0000000707200000, 0x0000000707400000|  0%| F|  |TAMS 0x0000000707200000| PB 0x0000000707200000| Untracked |  0
|   38|0x0000000707400000, 0x0000000707400000, 0x0000000707600000|  0%| F|  |TAMS 0x0000000707400000| PB 0x0000000707400000| Untracked |  0
|   39|0x0000000707600000, 0x0000000707600000, 0x0000000707800000|  0%| F|  |TAMS 0x0000000707600000| PB 0x0000000707600000| Untracked |  0
|   40|0x0000000707800000, 0x0000000707800000, 0x0000000707a00000|  0%| F|  |TAMS 0x0000000707800000| PB 0x0000000707800000| Untracked |  0
|   41|0x0000000707a00000, 0x0000000707a00000, 0x0000000707c00000|  0%| F|  |TAMS 0x0000000707a00000| PB 0x0000000707a00000| Untracked |  0
|   42|0x0000000707c00000, 0x0000000707c00000, 0x0000000707e00000|  0%| F|  |TAMS 0x0000000707c00000| PB 0x0000000707c00000| Untracked |  0
|   43|0x0000000707e00000, 0x0000000707e00000, 0x0000000708000000|  0%| F|  |TAMS 0x0000000707e00000| PB 0x0000000707e00000| Untracked |  0
|   44|0x0000000708000000, 0x0000000708000000, 0x0000000708200000|  0%| F|  |TAMS 0x0000000708000000| PB 0x0000000708000000| Untracked |  0
|   45|0x0000000708200000, 0x0000000708200000, 0x0000000708400000|  0%| F|  |TAMS 0x0000000708200000| PB 0x0000000708200000| Untracked |  0
|   46|0x0000000708400000, 0x0000000708400000, 0x0000000708600000|  0%| F|  |TAMS 0x0000000708400000| PB 0x0000000708400000| Untracked |  0
|   47|0x0000000708600000, 0x0000000708600000, 0x0000000708800000|  0%| F|  |TAMS 0x0000000708600000| PB 0x0000000708600000| Untracked |  0
|   48|0x0000000708800000, 0x0000000708800000, 0x0000000708a00000|  0%| F|  |TAMS 0x0000000708800000| PB 0x0000000708800000| Untracked |  0
|   49|0x0000000708a00000, 0x0000000708a00000, 0x0000000708c00000|  0%| F|  |TAMS 0x0000000708a00000| PB 0x0000000708a00000| Untracked |  0
|   50|0x0000000708c00000, 0x0000000708c00000, 0x0000000708e00000|  0%| F|  |TAMS 0x0000000708c00000| PB 0x0000000708c00000| Untracked |  0
|   51|0x0000000708e00000, 0x0000000708e00000, 0x0000000709000000|  0%| F|  |TAMS 0x0000000708e00000| PB 0x0000000708e00000| Untracked |  0
|   52|0x0000000709000000, 0x0000000709000000, 0x0000000709200000|  0%| F|  |TAMS 0x0000000709000000| PB 0x0000000709000000| Untracked |  0
|   53|0x0000000709200000, 0x0000000709200000, 0x0000000709400000|  0%| F|  |TAMS 0x0000000709200000| PB 0x0000000709200000| Untracked |  0
|   54|0x0000000709400000, 0x0000000709400000, 0x0000000709600000|  0%| F|  |TAMS 0x0000000709400000| PB 0x0000000709400000| Untracked |  0
|   55|0x0000000709600000, 0x0000000709600000, 0x0000000709800000|  0%| F|  |TAMS 0x0000000709600000| PB 0x0000000709600000| Untracked |  0
|   56|0x0000000709800000, 0x0000000709800000, 0x0000000709a00000|  0%| F|  |TAMS 0x0000000709800000| PB 0x0000000709800000| Untracked |  0
|   57|0x0000000709a00000, 0x0000000709a00000, 0x0000000709c00000|  0%| F|  |TAMS 0x0000000709a00000| PB 0x0000000709a00000| Untracked |  0
|   58|0x0000000709c00000, 0x0000000709c00000, 0x0000000709e00000|  0%| F|  |TAMS 0x0000000709c00000| PB 0x0000000709c00000| Untracked |  0
|   59|0x0000000709e00000, 0x0000000709e00000, 0x000000070a000000|  0%| F|  |TAMS 0x0000000709e00000| PB 0x0000000709e00000| Untracked |  0
|   60|0x000000070a000000, 0x000000070a000000, 0x000000070a200000|  0%| F|  |TAMS 0x000000070a000000| PB 0x000000070a000000| Untracked |  0
|   61|0x000000070a200000, 0x000000070a200000, 0x000000070a400000|  0%| F|  |TAMS 0x000000070a200000| PB 0x000000070a200000| Untracked |  0
|   62|0x000000070a400000, 0x000000070a400000, 0x000000070a600000|  0%| F|  |TAMS 0x000000070a400000| PB 0x000000070a400000| Untracked |  0
|   63|0x000000070a600000, 0x000000070a600000, 0x000000070a800000|  0%| F|  |TAMS 0x000000070a600000| PB 0x000000070a600000| Untracked |  0
|   64|0x000000070a800000, 0x000000070a800000, 0x000000070aa00000|  0%| F|  |TAMS 0x000000070a800000| PB 0x000000070a800000| Untracked |  0
|   65|0x000000070aa00000, 0x000000070aa00000, 0x000000070ac00000|  0%| F|  |TAMS 0x000000070aa00000| PB 0x000000070aa00000| Untracked |  0
|   66|0x000000070ac00000, 0x000000070ac00000, 0x000000070ae00000|  0%| F|  |TAMS 0x000000070ac00000| PB 0x000000070ac00000| Untracked |  0
|   67|0x000000070ae00000, 0x000000070ae00000, 0x000000070b000000|  0%| F|  |TAMS 0x000000070ae00000| PB 0x000000070ae00000| Untracked |  0
|   68|0x000000070b000000, 0x000000070b000000, 0x000000070b200000|  0%| F|  |TAMS 0x000000070b000000| PB 0x000000070b000000| Untracked |  0
|   69|0x000000070b200000, 0x000000070b200000, 0x000000070b400000|  0%| F|  |TAMS 0x000000070b200000| PB 0x000000070b200000| Untracked |  0
|   70|0x000000070b400000, 0x000000070b400000, 0x000000070b600000|  0%| F|  |TAMS 0x000000070b400000| PB 0x000000070b400000| Untracked |  0
|   71|0x000000070b600000, 0x000000070b600000, 0x000000070b800000|  0%| F|  |TAMS 0x000000070b600000| PB 0x000000070b600000| Untracked |  0
|   72|0x000000070b800000, 0x000000070b800000, 0x000000070ba00000|  0%| F|  |TAMS 0x000000070b800000| PB 0x000000070b800000| Untracked |  0
|   73|0x000000070ba00000, 0x000000070ba00000, 0x000000070bc00000|  0%| F|  |TAMS 0x000000070ba00000| PB 0x000000070ba00000| Untracked |  0
|   74|0x000000070bc00000, 0x000000070bc00000, 0x000000070be00000|  0%| F|  |TAMS 0x000000070bc00000| PB 0x000000070bc00000| Untracked |  0
|   75|0x000000070be00000, 0x000000070be00000, 0x000000070c000000|  0%| F|  |TAMS 0x000000070be00000| PB 0x000000070be00000| Untracked |  0
|   76|0x000000070c000000, 0x000000070c000000, 0x000000070c200000|  0%| F|  |TAMS 0x000000070c000000| PB 0x000000070c000000| Untracked |  0
|   77|0x000000070c200000, 0x000000070c200000, 0x000000070c400000|  0%| F|  |TAMS 0x000000070c200000| PB 0x000000070c200000| Untracked |  0
|   78|0x000000070c400000, 0x000000070c400000, 0x000000070c600000|  0%| F|  |TAMS 0x000000070c400000| PB 0x000000070c400000| Untracked |  0
|   79|0x000000070c600000, 0x000000070c600000, 0x000000070c800000|  0%| F|  |TAMS 0x000000070c600000| PB 0x000000070c600000| Untracked |  0
|   80|0x000000070c800000, 0x000000070c800000, 0x000000070ca00000|  0%| F|  |TAMS 0x000000070c800000| PB 0x000000070c800000| Untracked |  0
|   81|0x000000070ca00000, 0x000000070ca00000, 0x000000070cc00000|  0%| F|  |TAMS 0x000000070ca00000| PB 0x000000070ca00000| Untracked |  0
|   82|0x000000070cc00000, 0x000000070cc00000, 0x000000070ce00000|  0%| F|  |TAMS 0x000000070cc00000| PB 0x000000070cc00000| Untracked |  0
|   83|0x000000070ce00000, 0x000000070ce00000, 0x000000070d000000|  0%| F|  |TAMS 0x000000070ce00000| PB 0x000000070ce00000| Untracked |  0
|   84|0x000000070d000000, 0x000000070d000000, 0x000000070d200000|  0%| F|  |TAMS 0x000000070d000000| PB 0x000000070d000000| Untracked |  0
|   85|0x000000070d200000, 0x000000070d200000, 0x000000070d400000|  0%| F|  |TAMS 0x000000070d200000| PB 0x000000070d200000| Untracked |  0
|   86|0x000000070d400000, 0x000000070d400000, 0x000000070d600000|  0%| F|  |TAMS 0x000000070d400000| PB 0x000000070d400000| Untracked |  0
|   87|0x000000070d600000, 0x000000070d600000, 0x000000070d800000|  0%| F|  |TAMS 0x000000070d600000| PB 0x000000070d600000| Untracked |  0
|   88|0x000000070d800000, 0x000000070d800000, 0x000000070da00000|  0%| F|  |TAMS 0x000000070d800000| PB 0x000000070d800000| Untracked |  0
|   89|0x000000070da00000, 0x000000070da00000, 0x000000070dc00000|  0%| F|  |TAMS 0x000000070da00000| PB 0x000000070da00000| Untracked |  0
|   90|0x000000070dc00000, 0x000000070dc00000, 0x000000070de00000|  0%| F|  |TAMS 0x000000070dc00000| PB 0x000000070dc00000| Untracked |  0
|   91|0x000000070de00000, 0x000000070de00000, 0x000000070e000000|  0%| F|  |TAMS 0x000000070de00000| PB 0x000000070de00000| Untracked |  0
|   92|0x000000070e000000, 0x000000070e000000, 0x000000070e200000|  0%| F|  |TAMS 0x000000070e000000| PB 0x000000070e000000| Untracked |  0
|   93|0x000000070e200000, 0x000000070e200000, 0x000000070e400000|  0%| F|  |TAMS 0x000000070e200000| PB 0x000000070e200000| Untracked |  0
|   94|0x000000070e400000, 0x000000070e400000, 0x000000070e600000|  0%| F|  |TAMS 0x000000070e400000| PB 0x000000070e400000| Untracked |  0
|   95|0x000000070e600000, 0x000000070e600000, 0x000000070e800000|  0%| F|  |TAMS 0x000000070e600000| PB 0x000000070e600000| Untracked |  0
|   96|0x000000070e800000, 0x000000070e800000, 0x000000070ea00000|  0%| F|  |TAMS 0x000000070e800000| PB 0x000000070e800000| Untracked |  0
|   97|0x000000070ea00000, 0x000000070ea00000, 0x000000070ec00000|  0%| F|  |TAMS 0x000000070ea00000| PB 0x000000070ea00000| Untracked |  0
|   98|0x000000070ec00000, 0x000000070ec00000, 0x000000070ee00000|  0%| F|  |TAMS 0x000000070ec00000| PB 0x000000070ec00000| Untracked |  0
|   99|0x000000070ee00000, 0x000000070ee00000, 0x000000070f000000|  0%| F|  |TAMS 0x000000070ee00000| PB 0x000000070ee00000| Untracked |  0
|  100|0x000000070f000000, 0x000000070f000000, 0x000000070f200000|  0%| F|  |TAMS 0x000000070f000000| PB 0x000000070f000000| Untracked |  0
|  101|0x000000070f200000, 0x000000070f200000, 0x000000070f400000|  0%| F|  |TAMS 0x000000070f200000| PB 0x000000070f200000| Untracked |  0
|  102|0x000000070f400000, 0x000000070f400000, 0x000000070f600000|  0%| F|  |TAMS 0x000000070f400000| PB 0x000000070f400000| Untracked |  0
|  103|0x000000070f600000, 0x000000070f600000, 0x000000070f800000|  0%| F|  |TAMS 0x000000070f600000| PB 0x000000070f600000| Untracked |  0
|  104|0x000000070f800000, 0x000000070f800000, 0x000000070fa00000|  0%| F|  |TAMS 0x000000070f800000| PB 0x000000070f800000| Untracked |  0
|  105|0x000000070fa00000, 0x000000070fa00000, 0x000000070fc00000|  0%| F|  |TAMS 0x000000070fa00000| PB 0x000000070fa00000| Untracked |  0
|  106|0x000000070fc00000, 0x000000070fc00000, 0x000000070fe00000|  0%| F|  |TAMS 0x000000070fc00000| PB 0x000000070fc00000| Untracked |  0
|  107|0x000000070fe00000, 0x000000070fe00000, 0x0000000710000000|  0%| F|  |TAMS 0x000000070fe00000| PB 0x000000070fe00000| Untracked |  0
|  108|0x0000000710000000, 0x0000000710000000, 0x0000000710200000|  0%| F|  |TAMS 0x0000000710000000| PB 0x0000000710000000| Untracked |  0
|  109|0x0000000710200000, 0x0000000710200000, 0x0000000710400000|  0%| F|  |TAMS 0x0000000710200000| PB 0x0000000710200000| Untracked |  0
|  110|0x0000000710400000, 0x0000000710400000, 0x0000000710600000|  0%| F|  |TAMS 0x0000000710400000| PB 0x0000000710400000| Untracked |  0
|  111|0x0000000710600000, 0x0000000710600000, 0x0000000710800000|  0%| F|  |TAMS 0x0000000710600000| PB 0x0000000710600000| Untracked |  0
|  112|0x0000000710800000, 0x0000000710800000, 0x0000000710a00000|  0%| F|  |TAMS 0x0000000710800000| PB 0x0000000710800000| Untracked |  0
|  113|0x0000000710a00000, 0x0000000710a00000, 0x0000000710c00000|  0%| F|  |TAMS 0x0000000710a00000| PB 0x0000000710a00000| Untracked |  0
|  114|0x0000000710c00000, 0x0000000710c00000, 0x0000000710e00000|  0%| F|  |TAMS 0x0000000710c00000| PB 0x0000000710c00000| Untracked |  0
|  115|0x0000000710e00000, 0x0000000710e00000, 0x0000000711000000|  0%| F|  |TAMS 0x0000000710e00000| PB 0x0000000710e00000| Untracked |  0
|  116|0x0000000711000000, 0x0000000711000000, 0x0000000711200000|  0%| F|  |TAMS 0x0000000711000000| PB 0x0000000711000000| Untracked |  0
|  117|0x0000000711200000, 0x0000000711200000, 0x0000000711400000|  0%| F|  |TAMS 0x0000000711200000| PB 0x0000000711200000| Untracked |  0
|  118|0x0000000711400000, 0x0000000711400000, 0x0000000711600000|  0%| F|  |TAMS 0x0000000711400000| PB 0x0000000711400000| Untracked |  0
|  119|0x0000000711600000, 0x0000000711600000, 0x0000000711800000|  0%| F|  |TAMS 0x0000000711600000| PB 0x0000000711600000| Untracked |  0
|  120|0x0000000711800000, 0x0000000711800000, 0x0000000711a00000|  0%| F|  |TAMS 0x0000000711800000| PB 0x0000000711800000| Untracked |  0
|  121|0x0000000711a00000, 0x0000000711a00000, 0x0000000711c00000|  0%| F|  |TAMS 0x0000000711a00000| PB 0x0000000711a00000| Untracked |  0
|  122|0x0000000711c00000, 0x0000000711c00000, 0x0000000711e00000|  0%| F|  |TAMS 0x0000000711c00000| PB 0x0000000711c00000| Untracked |  0
|  123|0x0000000711e00000, 0x0000000711e00000, 0x0000000712000000|  0%| F|  |TAMS 0x0000000711e00000| PB 0x0000000711e00000| Untracked |  0
|  124|0x0000000712000000, 0x0000000712000000, 0x0000000712200000|  0%| F|  |TAMS 0x0000000712000000| PB 0x0000000712000000| Untracked |  0
|  125|0x0000000712200000, 0x0000000712200000, 0x0000000712400000|  0%| F|  |TAMS 0x0000000712200000| PB 0x0000000712200000| Untracked |  0
|  126|0x0000000712400000, 0x0000000712400000, 0x0000000712600000|  0%| F|  |TAMS 0x0000000712400000| PB 0x0000000712400000| Untracked |  0
|  127|0x0000000712600000, 0x0000000712600000, 0x0000000712800000|  0%| F|  |TAMS 0x0000000712600000| PB 0x0000000712600000| Untracked |  0
|  128|0x0000000712800000, 0x0000000712800000, 0x0000000712a00000|  0%| F|  |TAMS 0x0000000712800000| PB 0x0000000712800000| Untracked |  0
|  129|0x0000000712a00000, 0x0000000712a00000, 0x0000000712c00000|  0%| F|  |TAMS 0x0000000712a00000| PB 0x0000000712a00000| Untracked |  0
|  130|0x0000000712c00000, 0x0000000712c00000, 0x0000000712e00000|  0%| F|  |TAMS 0x0000000712c00000| PB 0x0000000712c00000| Untracked |  0
|  131|0x0000000712e00000, 0x0000000712e00000, 0x0000000713000000|  0%| F|  |TAMS 0x0000000712e00000| PB 0x0000000712e00000| Untracked |  0
|  132|0x0000000713000000, 0x0000000713000000, 0x0000000713200000|  0%| F|  |TAMS 0x0000000713000000| PB 0x0000000713000000| Untracked |  0
|  133|0x0000000713200000, 0x0000000713200000, 0x0000000713400000|  0%| F|  |TAMS 0x0000000713200000| PB 0x0000000713200000| Untracked |  0
|  134|0x0000000713400000, 0x0000000713400000, 0x0000000713600000|  0%| F|  |TAMS 0x0000000713400000| PB 0x0000000713400000| Untracked |  0
|  135|0x0000000713600000, 0x0000000713600000, 0x0000000713800000|  0%| F|  |TAMS 0x0000000713600000| PB 0x0000000713600000| Untracked |  0
|  136|0x0000000713800000, 0x0000000713800000, 0x0000000713a00000|  0%| F|  |TAMS 0x0000000713800000| PB 0x0000000713800000| Untracked |  0
|  137|0x0000000713a00000, 0x0000000713a00000, 0x0000000713c00000|  0%| F|  |TAMS 0x0000000713a00000| PB 0x0000000713a00000| Untracked |  0
|  138|0x0000000713c00000, 0x0000000713c00000, 0x0000000713e00000|  0%| F|  |TAMS 0x0000000713c00000| PB 0x0000000713c00000| Untracked |  0
|  139|0x0000000713e00000, 0x0000000713e00000, 0x0000000714000000|  0%| F|  |TAMS 0x0000000713e00000| PB 0x0000000713e00000| Untracked |  0
|  140|0x0000000714000000, 0x0000000714000000, 0x0000000714200000|  0%| F|  |TAMS 0x0000000714000000| PB 0x0000000714000000| Untracked |  0
|  141|0x0000000714200000, 0x0000000714200000, 0x0000000714400000|  0%| F|  |TAMS 0x0000000714200000| PB 0x0000000714200000| Untracked |  0
|  142|0x0000000714400000, 0x0000000714400000, 0x0000000714600000|  0%| F|  |TAMS 0x0000000714400000| PB 0x0000000714400000| Untracked |  0
|  143|0x0000000714600000, 0x0000000714600000, 0x0000000714800000|  0%| F|  |TAMS 0x0000000714600000| PB 0x0000000714600000| Untracked |  0
|  144|0x0000000714800000, 0x0000000714800000, 0x0000000714a00000|  0%| F|  |TAMS 0x0000000714800000| PB 0x0000000714800000| Untracked |  0
|  145|0x0000000714a00000, 0x0000000714a00000, 0x0000000714c00000|  0%| F|  |TAMS 0x0000000714a00000| PB 0x0000000714a00000| Untracked |  0
|  146|0x0000000714c00000, 0x0000000714c00000, 0x0000000714e00000|  0%| F|  |TAMS 0x0000000714c00000| PB 0x0000000714c00000| Untracked |  0
|  147|0x0000000714e00000, 0x0000000714e00000, 0x0000000715000000|  0%| F|  |TAMS 0x0000000714e00000| PB 0x0000000714e00000| Untracked |  0
|  148|0x0000000715000000, 0x0000000715000000, 0x0000000715200000|  0%| F|  |TAMS 0x0000000715000000| PB 0x0000000715000000| Untracked |  0
|  149|0x0000000715200000, 0x0000000715200000, 0x0000000715400000|  0%| F|  |TAMS 0x0000000715200000| PB 0x0000000715200000| Untracked |  0
|  150|0x0000000715400000, 0x0000000715400000, 0x0000000715600000|  0%| F|  |TAMS 0x0000000715400000| PB 0x0000000715400000| Untracked |  0
|  151|0x0000000715600000, 0x00000007156e01c8, 0x0000000715800000| 43%| E|CS|TAMS 0x0000000715600000| PB 0x0000000715600000| Complete  |  0
|  152|0x0000000715800000, 0x0000000715a00000, 0x0000000715a00000|100%| E|CS|TAMS 0x0000000715800000| PB 0x0000000715800000| Complete  |  0
|  153|0x0000000715a00000, 0x0000000715c00000, 0x0000000715c00000|100%| E|CS|TAMS 0x0000000715a00000| PB 0x0000000715a00000| Complete  |  1
|  154|0x0000000715c00000, 0x0000000715e00000, 0x0000000715e00000|100%| E|CS|TAMS 0x0000000715c00000| PB 0x0000000715c00000| Complete  |  0
|  155|0x0000000715e00000, 0x0000000716000000, 0x0000000716000000|100%| E|CS|TAMS 0x0000000715e00000| PB 0x0000000715e00000| Complete  |  0
|  156|0x0000000716000000, 0x0000000716200000, 0x0000000716200000|100%| E|CS|TAMS 0x0000000716000000| PB 0x0000000716000000| Complete  |  0
|  157|0x0000000716200000, 0x0000000716400000, 0x0000000716400000|100%| E|CS|TAMS 0x0000000716200000| PB 0x0000000716200000| Complete  |  0
|  158|0x0000000716400000, 0x0000000716600000, 0x0000000716600000|100%| E|CS|TAMS 0x0000000716400000| PB 0x0000000716400000| Complete  |  0
|  159|0x0000000716600000, 0x0000000716800000, 0x0000000716800000|100%| E|CS|TAMS 0x0000000716600000| PB 0x0000000716600000| Complete  |  0
| 2026|0x00000007ffc00000, 0x00000007ffe00000, 0x00000007ffe00000|100%| E|CS|TAMS 0x00000007ffc00000| PB 0x00000007ffc00000| Complete  |  0
| 2027|0x00000007ffe00000, 0x00000007fff27e90, 0x0000000800000000| 57%| O|  |TAMS 0x00000007ffe00000| PB 0x00000007ffe00000| Untracked |  0

Card table byte_map: [0x000001cc73ee0000,0x000001cc746d0000] _byte_map_base: 0x000001cc706cc000
Refinement table byte_map: [0x000001cc736f0000,0x000001cc73ee0000] _byte_map_base: 0x000001cc6fedc000

Marking Bits: (CMBitMap*) 0x000001cc69f7d690
 Bits: [0x000001cc746d0000, 0x000001cc78630000)

Polling page: 0x000001cc681a0000

Metaspace:
Metaspace        used 28999K, committed 29376K, reserved 1114112K
 class space     used 3412K, committed 3584K, reserved 1048576K

Usage:
  Non-class:     24.99 MB used.
      Class:      3.33 MB used.
       Both:     28.32 MB used.

Virtual space:
  Non-class space:       64.00 MB reserved,      25.19 MB ( 39%) committed,  1 nodes.
      Class space:        1.00 GB reserved,       3.50 MB ( <1%) committed,  1 nodes.
             Both:        1.06 GB reserved,      28.69 MB (  3%) committed. 

Chunk freelists:
   Non-Class:  6.39 MB
       Class:  12.47 MB
        Both:  18.86 MB

MaxMetaspaceSize: unlimited
CompressedClassSpaceSize: 1.00 GB
Initial GC threshold: 21.00 MB
Current GC threshold: 35.44 MB
CDS: on
 - commit_granule_bytes: 65536.
 - commit_granule_words: 8192.
 - virtual_space_node_default_size: 8388608.
 - enlarge_chunks_in_place: 1.
UseCompressedClassPointers 1, UseCompactObjectHeaders 0
Narrow klass pointer bits 32, Max shift 3
Narrow klass base: 0x0000000028000000, Narrow klass shift: 0
Encoding Range: [0x0000000028000000 - 0x0000000128000000), (4294967296 bytes)
Klass Range:    [0x0000000028000000 - 0x0000000069000000), (1090519040 bytes)
Klass ID Range:  [8 - 1090519033) (1090519025)
Protection zone: [0x0000000028000000 - 0x0000000028010000), (65536 bytes)


Internal statistics:

num_allocs_failed_limit: 3.
num_arena_births: 260.
num_arena_deaths: 0.
num_vsnodes_births: 2.
num_vsnodes_deaths: 0.
num_space_committed: 459.
num_space_uncommitted: 0.
num_chunks_returned_to_freelist: 3.
num_chunks_taken_from_freelist: 1340.
num_chunk_merges: 3.
num_chunk_splits: 927.
num_chunks_enlarged: 740.
num_inconsistent_stats: 0.

CodeHeap 'non-profiled nmethods': size=120064Kb used=2727Kb max_used=2727Kb free=117336Kb
 bounds [0x000001cc07ae0000, 0x000001cc07d90000, 0x000001cc0f020000]
CodeHeap 'profiled nmethods': size=120064Kb used=14416Kb max_used=14416Kb free=105647Kb
 bounds [0x000001cc00000000, 0x000001cc00e20000, 0x000001cc07540000]
CodeHeap 'non-nmethods': size=5760Kb used=1466Kb max_used=1506Kb free=4293Kb
 bounds [0x000001cc07540000, 0x000001cc077b0000, 0x000001cc07ae0000]
CodeCache: size=245888Kb, used=18609Kb, max_used=18649Kb, free=227276Kb
 total_blobs=9349, nmethods=8792, adapters=457, full_count=0
Compilation: enabled, stopped_count=0, restarted_count=0

Compilation events (20 events):
Event: 10.374 Thread 0x000001cc7b02a220 8678       3       com.sun.tools.javac.code.Types::unboxedType (85 bytes)
Event: 10.374 Thread 0x000001cc0f366ab0 nmethod 7607 0x000001cc07d7ed88 code [0x000001cc07d7ee80, 0x000001cc07d7eee8]
Event: 10.375 Thread 0x000001cc0f366ab0 7877       4       com.sun.tools.javac.tree.JCTree$JCExpressionStatement::getTag (4 bytes)
Event: 10.375 Thread 0x000001cc0f366ab0 nmethod 7877 0x000001cc07d7f088 code [0x000001cc07d7f180, 0x000001cc07d7f1f0]
Event: 10.375 Thread 0x000001cc0f366ab0 8295       4       com.sun.tools.javac.code.Type$ArrayType::accept (9 bytes)
Event: 10.375 Thread 0x000001cc7b02a220 nmethod 8678 0x000001cc00dd3d08 code [0x000001cc00dd3e00, 0x000001cc00dd4690]
Event: 10.375 Thread 0x000001cc7b02a220 8676       3       com.sun.tools.javac.comp.DeferredAttr$DeferredTypeMap::<init> (46 bytes)
Event: 10.376 Thread 0x000001cc0f366ab0 nmethod 8295 0x000001cc07d7f388 code [0x000001cc07d7f480, 0x000001cc07d7f518]
Event: 10.376 Thread 0x000001cc0f366ab0 8679       4       com.sun.tools.javac.comp.Check::checkType (168 bytes)
Event: 10.376 Thread 0x000001cc7b02a220 nmethod 8676 0x000001cc00dd4708 code [0x000001cc00dd4800, 0x000001cc00dd4db0]
Event: 10.376 Thread 0x000001cc7b02a220 8677       2       com.sun.tools.javac.comp.Check::checkType (12 bytes)
Event: 10.376 Thread 0x000001cc7b02a220 nmethod 8677 0x000001cc00dd4e08 code [0x000001cc00dd4f00, 0x000001cc00dd5020]
Event: 10.381 Thread 0x000001cc7b02a220 8682       2       com.sun.tools.javac.code.Types$MembersClosureCache$MembersScope$$Lambda/0x000000002936de80::test (12 bytes)
Event: 10.381 Thread 0x000001cc7b02a220 nmethod 8682 0x000001cc00dd5108 code [0x000001cc00dd5200, 0x000001cc00dd5428]
Event: 10.381 Thread 0x000001cc7b02a220 8683       2       com.sun.tools.javac.code.Types$MembersClosureCache$MembersScope::lambda$combine$0 (30 bytes)
Event: 10.382 Thread 0x000001cc7b02a220 nmethod 8683 0x000001cc00dd5488 code [0x000001cc00dd5580, 0x000001cc00dd5740]
Event: 10.383 Thread 0x000001cc7b02a220 8684       3       com.sun.tools.javac.comp.Resolve$AbstractMethodCheck::reportMC (174 bytes)
Event: 10.385 Thread 0x000001cc7b02a220 nmethod 8684 0x000001cc00dd5788 code [0x000001cc00dd5880, 0x000001cc00dd6a48]
Event: 10.391 Thread 0x000001cc7b02a220 8687       2       com.sun.tools.javac.code.Scope::getSymbols (8 bytes)
Event: 10.392 Thread 0x000001cc7b02a220 nmethod 8687 0x000001cc00dd6a88 code [0x000001cc00dd6b80, 0x000001cc00dd6cb8]

GC Heap Usage History (20 events):
Event: 1.256 {heap Before GC invocations=5 (full 0):
 garbage-first heap   total reserved 4153344K, committed 36864K, used 16218K [0x0000000702800000, 0x0000000800000000)
  region size 2M, 5 eden (10M), 1 survivor (2M), 4 old (8M), 0 humongous (0M), 8 free (16M)
}
Event: 1.260 {heap After GC invocations=6 (full 0):
 garbage-first heap   total reserved 4153344K, committed 36864K, used 6375K [0x0000000702800000, 0x0000000800000000)
  region size 2M, 0 eden (0M), 1 survivor (2M), 4 old (8M), 0 humongous (0M), 13 free (26M)
}
Event: 1.633 {heap Before GC invocations=6 (full 0):
 garbage-first heap   total reserved 4153344K, committed 36864K, used 18663K [0x0000000702800000, 0x0000000800000000)
  region size 2M, 6 eden (12M), 1 survivor (2M), 4 old (8M), 0 humongous (0M), 7 free (14M)
}
Event: 1.638 {heap After GC invocations=7 (full 0):
 garbage-first heap   total reserved 4153344K, committed 36864K, used 7047K [0x0000000702800000, 0x0000000800000000)
  region size 2M, 0 eden (0M), 1 survivor (2M), 4 old (8M), 0 humongous (0M), 13 free (26M)
}
Event: 2.202 {heap Before GC invocations=7 (full 0):
 garbage-first heap   total reserved 4153344K, committed 36864K, used 23431K [0x0000000702800000, 0x0000000800000000)
  region size 2M, 8 eden (16M), 1 survivor (2M), 4 old (8M), 0 humongous (0M), 5 free (10M)
}
Event: 2.212 {heap After GC invocations=8 (full 0):
 garbage-first heap   total reserved 4153344K, committed 36864K, used 9011K [0x0000000702800000, 0x0000000800000000)
  region size 2M, 0 eden (0M), 2 survivor (4M), 4 old (8M), 0 humongous (0M), 12 free (24M)
}
Event: 2.782 {heap Before GC invocations=8 (full 0):
 garbage-first heap   total reserved 4153344K, committed 36864K, used 25395K [0x0000000702800000, 0x0000000800000000)
  region size 2M, 8 eden (16M), 2 survivor (4M), 4 old (8M), 0 humongous (0M), 4 free (8M)
}
Event: 2.797 {heap After GC invocations=9 (full 0):
 garbage-first heap   total reserved 4153344K, committed 36864K, used 10580K [0x0000000702800000, 0x0000000800000000)
  region size 2M, 0 eden (0M), 2 survivor (4M), 4 old (8M), 0 humongous (0M), 12 free (24M)
}
Event: 3.185 {heap Before GC invocations=9 (full 0):
 garbage-first heap   total reserved 4153344K, committed 36864K, used 26964K [0x0000000702800000, 0x0000000800000000)
  region size 2M, 8 eden (16M), 2 survivor (4M), 4 old (8M), 0 humongous (0M), 4 free (8M)
}
Event: 3.201 {heap After GC invocations=10 (full 0):
 garbage-first heap   total reserved 4153344K, committed 110592K, used 12881K [0x0000000702800000, 0x0000000800000000)
  region size 2M, 0 eden (0M), 2 survivor (4M), 5 old (10M), 0 humongous (0M), 47 free (94M)
}
Event: 4.864 {heap Before GC invocations=10 (full 0):
 garbage-first heap   total reserved 4153344K, committed 110592K, used 74321K [0x0000000702800000, 0x0000000800000000)
  region size 2M, 30 eden (60M), 2 survivor (4M), 5 old (10M), 0 humongous (0M), 17 free (34M)
}
Event: 4.882 {heap After GC invocations=11 (full 0):
 garbage-first heap   total reserved 4153344K, committed 110592K, used 16404K [0x0000000702800000, 0x0000000800000000)
  region size 2M, 0 eden (0M), 4 survivor (8M), 5 old (10M), 0 humongous (0M), 45 free (90M)
}
Event: 6.137 {heap Before GC invocations=11 (full 0):
 garbage-first heap   total reserved 4153344K, committed 110592K, used 57364K [0x0000000702800000, 0x0000000800000000)
  region size 2M, 19 eden (38M), 4 survivor (8M), 5 old (10M), 2 humongous (4M), 24 free (48M)
}
Event: 6.164 {heap After GC invocations=12 (full 0):
 garbage-first heap   total reserved 4153344K, committed 110592K, used 25887K [0x0000000702800000, 0x0000000800000000)
  region size 2M, 0 eden (0M), 4 survivor (8M), 8 old (16M), 2 humongous (4M), 40 free (80M)
}
Event: 7.630 {heap Before GC invocations=13 (full 0):
 garbage-first heap   total reserved 4153344K, committed 110592K, used 83231K [0x0000000702800000, 0x0000000800000000)
  region size 2M, 28 eden (56M), 4 survivor (8M), 8 old (16M), 2 humongous (4M), 12 free (24M)
}
Event: 7.674 {heap After GC invocations=14 (full 0):
 garbage-first heap   total reserved 4153344K, committed 110592K, used 40095K [0x0000000702800000, 0x0000000800000000)
  region size 2M, 0 eden (0M), 4 survivor (8M), 15 old (30M), 1 humongous (2M), 34 free (68M)
}
Event: 8.407 {heap Before GC invocations=14 (full 0):
 garbage-first heap   total reserved 4153344K, committed 110592K, used 87199K [0x0000000702800000, 0x0000000800000000)
  region size 2M, 23 eden (46M), 4 survivor (8M), 15 old (30M), 1 humongous (2M), 11 free (22M)
}
Event: 8.452 {heap After GC invocations=15 (full 0):
 garbage-first heap   total reserved 4153344K, committed 110592K, used 48287K [0x0000000702800000, 0x0000000800000000)
  region size 2M, 0 eden (0M), 4 survivor (8M), 19 old (38M), 1 humongous (2M), 30 free (60M)
}
Event: 9.795 {heap Before GC invocations=15 (full 0):
 garbage-first heap   total reserved 4153344K, committed 110592K, used 89247K [0x0000000702800000, 0x0000000800000000)
  region size 2M, 20 eden (40M), 4 survivor (8M), 19 old (38M), 1 humongous (2M), 10 free (20M)
}
Event: 10.130 {heap After GC invocations=16 (full 0):
 garbage-first heap   total reserved 4153344K, committed 331776K, used 52383K [0x0000000702800000, 0x0000000800000000)
  region size 2M, 0 eden (0M), 2 survivor (4M), 23 old (46M), 1 humongous (2M), 136 free (272M)
}

Metaspace Usage History (20 events):
Event: 1.256 {metaspace Before GC invocations=5 (full 0):
 Metaspace       used 6654K, committed 6848K, reserved 1114112K
  class space    used 808K, committed 896K, reserved 1048576K
}
Event: 1.260 {metaspace After GC invocations=6 (full 0):
 Metaspace       used 6654K, committed 6848K, reserved 1114112K
  class space    used 808K, committed 896K, reserved 1048576K
}
Event: 1.633 {metaspace Before GC invocations=6 (full 0):
 Metaspace       used 8718K, committed 8896K, reserved 1114112K
  class space    used 1069K, committed 1152K, reserved 1048576K
}
Event: 1.638 {metaspace After GC invocations=7 (full 0):
 Metaspace       used 8718K, committed 8896K, reserved 1114112K
  class space    used 1069K, committed 1152K, reserved 1048576K
}
Event: 2.202 {metaspace Before GC invocations=7 (full 0):
 Metaspace       used 11793K, committed 11968K, reserved 1114112K
  class space    used 1509K, committed 1600K, reserved 1048576K
}
Event: 2.212 {metaspace After GC invocations=8 (full 0):
 Metaspace       used 11793K, committed 11968K, reserved 1114112K
  class space    used 1509K, committed 1600K, reserved 1048576K
}
Event: 2.782 {metaspace Before GC invocations=8 (full 0):
 Metaspace       used 14482K, committed 14720K, reserved 1114112K
  class space    used 1826K, committed 1920K, reserved 1048576K
}
Event: 2.797 {metaspace After GC invocations=9 (full 0):
 Metaspace       used 14482K, committed 14720K, reserved 1114112K
  class space    used 1826K, committed 1920K, reserved 1048576K
}
Event: 3.185 {metaspace Before GC invocations=9 (full 0):
 Metaspace       used 15191K, committed 15424K, reserved 1114112K
  class space    used 1888K, committed 1984K, reserved 1048576K
}
Event: 3.201 {metaspace After GC invocations=10 (full 0):
 Metaspace       used 15191K, committed 15424K, reserved 1114112K
  class space    used 1888K, committed 1984K, reserved 1048576K
}
Event: 4.864 {metaspace Before GC invocations=10 (full 0):
 Metaspace       used 16463K, committed 16768K, reserved 1114112K
  class space    used 2010K, committed 2112K, reserved 1048576K
}
Event: 4.882 {metaspace After GC invocations=11 (full 0):
 Metaspace       used 16463K, committed 16768K, reserved 1114112K
  class space    used 2010K, committed 2112K, reserved 1048576K
}
Event: 6.137 {metaspace Before GC invocations=11 (full 0):
 Metaspace       used 21223K, committed 21504K, reserved 1114112K
  class space    used 2587K, committed 2688K, reserved 1048576K
}
Event: 6.164 {metaspace After GC invocations=12 (full 0):
 Metaspace       used 21223K, committed 21504K, reserved 1114112K
  class space    used 2587K, committed 2688K, reserved 1048576K
}
Event: 7.630 {metaspace Before GC invocations=13 (full 0):
 Metaspace       used 26094K, committed 26496K, reserved 1114112K
  class space    used 3134K, committed 3328K, reserved 1048576K
}
Event: 7.674 {metaspace After GC invocations=14 (full 0):
 Metaspace       used 26094K, committed 26496K, reserved 1114112K
  class space    used 3134K, committed 3328K, reserved 1048576K
}
Event: 8.407 {metaspace Before GC invocations=14 (full 0):
 Metaspace       used 27127K, committed 27520K, reserved 1114112K
  class space    used 3244K, committed 3392K, reserved 1048576K
}
Event: 8.452 {metaspace After GC invocations=15 (full 0):
 Metaspace       used 27127K, committed 27520K, reserved 1114112K
  class space    used 3244K, committed 3392K, reserved 1048576K
}
Event: 9.795 {metaspace Before GC invocations=15 (full 0):
 Metaspace       used 28833K, committed 29248K, reserved 1114112K
  class space    used 3404K, committed 3584K, reserved 1048576K
}
Event: 10.130 {metaspace After GC invocations=16 (full 0):
 Metaspace       used 28833K, committed 29248K, reserved 1114112K
  class space    used 3404K, committed 3584K, reserved 1048576K
}

Dll operation events (14 events):
Event: 0.011 Attempting to load shared library C:\Program Files\Java\jdk-26.0.1\bin\java.dll
Event: 0.013 Loaded shared library C:\Program Files\Java\jdk-26.0.1\bin\java.dll
Event: 0.068 Attempting to load shared library C:\Program Files\Java\jdk-26.0.1\bin\net.dll
Event: 0.068 Loaded shared library C:\Program Files\Java\jdk-26.0.1\bin\net.dll
Event: 0.070 Attempting to load shared library C:\Program Files\Java\jdk-26.0.1\bin\nio.dll
Event: 0.071 Loaded shared library C:\Program Files\Java\jdk-26.0.1\bin\nio.dll
Event: 0.075 Attempting to load shared library C:\Program Files\Java\jdk-26.0.1\bin\zip.dll
Event: 0.076 Loaded shared library C:\Program Files\Java\jdk-26.0.1\bin\zip.dll
Event: 0.227 Attempting to load shared library C:\Program Files\NetBeans-30\netbeans\java\maven\lib\jansi-native\Windows\x86_64\jansi.dll
Event: 0.229 Attempting to load shared library C:\Program Files\Java\jdk-26.0.1\bin\jimage.dll
Event: 0.229 Loaded shared library C:\Program Files\Java\jdk-26.0.1\bin\jimage.dll
Event: 0.240 Loaded shared library C:\Program Files\NetBeans-30\netbeans\java\maven\lib\jansi-native\Windows\x86_64\jansi.dll
Event: 0.261 Attempting to load shared library C:\Program Files\Java\jdk-26.0.1\bin\verify.dll
Event: 0.261 Loaded shared library C:\Program Files\Java\jdk-26.0.1\bin\verify.dll

Deoptimization events (20 events):
Event: 9.621 Thread 0x000001cc69f2f600 DEOPT PACKING pc=0x000001cc07d3f95c sp=0x00000077018fb420
Event: 9.621 Thread 0x000001cc69f2f600 DEOPT UNPACKING pc=0x000001cc07662e02 sp=0x00000077018fb348 mode 2
Event: 9.644 Thread 0x000001cc69f2f600 Uncommon trap: trap_request=0xffffffde fr.pc=0x000001cc07c1d824 relative=0x0000000000000224
Event: 9.644 Thread 0x000001cc69f2f600 Uncommon trap: reason=class_check action=maybe_recompile pc=0x000001cc07c1d824 method=java.lang.AbstractStringBuilder.append(Ljava/lang/CharSequence;II)Ljava/lang/AbstractStringBuilder; @ 10 c2
Event: 9.644 Thread 0x000001cc69f2f600 DEOPT PACKING pc=0x000001cc07c1d824 sp=0x00000077018fc990
Event: 9.644 Thread 0x000001cc69f2f600 DEOPT UNPACKING pc=0x000001cc07662e02 sp=0x00000077018fc920 mode 2
Event: 9.654 Thread 0x000001cc69f2f600 Uncommon trap: trap_request=0xffffffde fr.pc=0x000001cc07b12160 relative=0x00000000000001e0
Event: 9.654 Thread 0x000001cc69f2f600 Uncommon trap: reason=class_check action=maybe_recompile pc=0x000001cc07b12160 method=java.lang.String.equals(Ljava/lang/Object;)Z @ 8 c2
Event: 9.654 Thread 0x000001cc69f2f600 DEOPT PACKING pc=0x000001cc07b12160 sp=0x00000077018fd5f0
Event: 9.654 Thread 0x000001cc69f2f600 DEOPT UNPACKING pc=0x000001cc07662e02 sp=0x00000077018fd578 mode 2
Event: 9.654 Thread 0x000001cc69f2f600 Uncommon trap: trap_request=0xffffffde fr.pc=0x000001cc07b12160 relative=0x00000000000001e0
Event: 9.654 Thread 0x000001cc69f2f600 Uncommon trap: reason=class_check action=maybe_recompile pc=0x000001cc07b12160 method=java.lang.String.equals(Ljava/lang/Object;)Z @ 8 c2
Event: 9.654 Thread 0x000001cc69f2f600 DEOPT PACKING pc=0x000001cc07b12160 sp=0x00000077018fd5d0
Event: 9.654 Thread 0x000001cc69f2f600 DEOPT UNPACKING pc=0x000001cc07662e02 sp=0x00000077018fd558 mode 2
Event: 10.181 Thread 0x000001cc69f2f600 Uncommon trap: trap_request=0xffffff6e fr.pc=0x000001cc07d6c10c relative=0x000000000000038c
Event: 10.181 Thread 0x000001cc69f2f600 Uncommon trap: reason=predicate action=maybe_recompile pc=0x000001cc07d6c10c method=com.sun.tools.javac.util.Utf8NameTable$NameImpl.compareTo(Lcom/sun/tools/javac/util/Name;)I @ 58 c2
Event: 10.181 Thread 0x000001cc69f2f600 DEOPT PACKING pc=0x000001cc07d6c10c sp=0x00000077018fbbe0
Event: 10.181 Thread 0x000001cc69f2f600 DEOPT UNPACKING pc=0x000001cc07662e02 sp=0x00000077018fbb30 mode 2
Event: 10.374 Thread 0x000001cc69f2f600 DEOPT PACKING pc=0x000001cc00c50abe sp=0x00000077018fbf90
Event: 10.374 Thread 0x000001cc69f2f600 DEOPT UNPACKING pc=0x000001cc07591a02 sp=0x00000077018fb478 mode 0

Classes loaded (20 events):
Event: 8.307 Loading class java/util/stream/ReduceOps$1
Event: 8.308 Loading class java/util/stream/ReduceOps$1 done
Event: 8.309 Loading class java/util/stream/ReduceOps$1ReducingSink
Event: 8.310 Loading class java/util/stream/ReduceOps$1ReducingSink done
Event: 8.381 Loading class java/util/EnumMap$EntrySet
Event: 8.382 Loading class java/util/EnumMap$EntrySet done
Event: 8.382 Loading class java/util/EnumMap$EntryIterator
Event: 8.382 Loading class java/util/EnumMap$EnumMapIterator
Event: 8.382 Loading class java/util/EnumMap$EnumMapIterator done
Event: 8.382 Loading class java/util/EnumMap$EntryIterator done
Event: 8.382 Loading class java/util/EnumMap$EntryIterator$Entry
Event: 8.383 Loading class java/util/EnumMap$EntryIterator$Entry done
Event: 8.486 Loading class java/util/function/ToIntBiFunction
Event: 8.487 Loading class java/util/function/ToIntBiFunction done
Event: 8.597 Loading class java/nio/file/Path$1
Event: 8.598 Loading class java/nio/file/Path$1 done
Event: 9.121 Loading class java/io/DataOutputStream
Event: 9.121 Loading class java/io/DataOutputStream done
Event: 9.295 Loading class java/lang/MatchException
Event: 9.295 Loading class java/lang/MatchException done

Classes unloaded (0 events):
No events

Classes redefined (0 events):
No events

Internal exceptions (20 events):
Event: 9.725 Thread 0x000001cc69f2f600 Exception <a 'sun/nio/fs/WindowsException'{0x0000000706d60ed0}> (0x0000000706d60ed0) 
thrown [s\open\src\hotspot\share\prims\jni.cpp, line 514]
Event: 9.744 Thread 0x000001cc69f2f600 Exception <a 'sun/nio/fs/WindowsException'{0x0000000706a25758}> (0x0000000706a25758) 
thrown [s\open\src\hotspot\share\prims\jni.cpp, line 514]
Event: 9.744 Thread 0x000001cc69f2f600 Exception <a 'sun/nio/fs/WindowsException'{0x0000000706a25f08}> (0x0000000706a25f08) 
thrown [s\open\src\hotspot\share\prims\jni.cpp, line 514]
Event: 9.744 Thread 0x000001cc69f2f600 Exception <a 'sun/nio/fs/WindowsException'{0x0000000706a264d8}> (0x0000000706a264d8) 
thrown [s\open\src\hotspot\share\prims\jni.cpp, line 514]
Event: 9.744 Thread 0x000001cc69f2f600 Exception <a 'sun/nio/fs/WindowsException'{0x0000000706a26c58}> (0x0000000706a26c58) 
thrown [s\open\src\hotspot\share\prims\jni.cpp, line 514]
Event: 9.745 Thread 0x000001cc69f2f600 Exception <a 'sun/nio/fs/WindowsException'{0x0000000706a273c0}> (0x0000000706a273c0) 
thrown [s\open\src\hotspot\share\prims\jni.cpp, line 514]
Event: 9.749 Thread 0x000001cc69f2f600 Exception <a 'sun/nio/fs/WindowsException'{0x0000000706a3d548}> (0x0000000706a3d548) 
thrown [s\open\src\hotspot\share\prims\jni.cpp, line 514]
Event: 9.751 Thread 0x000001cc69f2f600 Exception <a 'sun/nio/fs/WindowsException'{0x0000000706a45e88}> (0x0000000706a45e88) 
thrown [s\open\src\hotspot\share\prims\jni.cpp, line 514]
Event: 10.203 Thread 0x000001cc69f2f600 Exception <a 'sun/nio/fs/WindowsException'{0x00000007167a5690}> (0x00000007167a5690) 
thrown [s\open\src\hotspot\share\prims\jni.cpp, line 514]
Event: 10.203 Thread 0x000001cc69f2f600 Exception <a 'sun/nio/fs/WindowsException'{0x00000007167afdf0}> (0x00000007167afdf0) 
thrown [s\open\src\hotspot\share\prims\jni.cpp, line 514]
Event: 10.204 Thread 0x000001cc69f2f600 Exception <a 'sun/nio/fs/WindowsException'{0x00000007167cac00}> (0x00000007167cac00) 
thrown [s\open\src\hotspot\share\prims\jni.cpp, line 514]
Event: 10.227 Thread 0x000001cc69f2f600 Exception <a 'sun/nio/fs/WindowsException'{0x00000007164abcd0}> (0x00000007164abcd0) 
thrown [s\open\src\hotspot\share\prims\jni.cpp, line 514]
Event: 10.227 Thread 0x000001cc69f2f600 Exception <a 'sun/nio/fs/WindowsException'{0x00000007164afdc0}> (0x00000007164afdc0) 
thrown [s\open\src\hotspot\share\prims\jni.cpp, line 514]
Event: 10.228 Thread 0x000001cc69f2f600 Exception <a 'sun/nio/fs/WindowsException'{0x00000007164b8a70}> (0x00000007164b8a70) 
thrown [s\open\src\hotspot\share\prims\jni.cpp, line 514]
Event: 10.265 Thread 0x000001cc69f2f600 Exception <a 'sun/nio/fs/WindowsException'{0x000000071628fd18}> (0x000000071628fd18) 
thrown [s\open\src\hotspot\share\prims\jni.cpp, line 514]
Event: 10.265 Thread 0x000001cc69f2f600 Exception <a 'sun/nio/fs/WindowsException'{0x0000000716296838}> (0x0000000716296838) 
thrown [s\open\src\hotspot\share\prims\jni.cpp, line 514]
Event: 10.266 Thread 0x000001cc69f2f600 Exception <a 'sun/nio/fs/WindowsException'{0x00000007162a6b50}> (0x00000007162a6b50) 
thrown [s\open\src\hotspot\share\prims\jni.cpp, line 514]
Event: 10.316 Thread 0x000001cc69f2f600 Exception <a 'sun/nio/fs/WindowsException'{0x000000071601f720}> (0x000000071601f720) 
thrown [s\open\src\hotspot\share\prims\jni.cpp, line 514]
Event: 10.316 Thread 0x000001cc69f2f600 Exception <a 'sun/nio/fs/WindowsException'{0x0000000716022500}> (0x0000000716022500) 
thrown [s\open\src\hotspot\share\prims\jni.cpp, line 514]
Event: 10.317 Thread 0x000001cc69f2f600 Exception <a 'sun/nio/fs/WindowsException'{0x00000007160271e0}> (0x00000007160271e0) 
thrown [s\open\src\hotspot\share\prims\jni.cpp, line 514]

VM Operations (20 events):
Event: 8.336 Executing non-safepoint VM operation: HandshakeAllThreads (Deoptimize)
Event: 8.337 Executing non-safepoint VM operation: HandshakeAllThreads (Deoptimize) done
Event: 8.345 Executing non-safepoint VM operation: HandshakeAllThreads (Deoptimize)
Event: 8.346 Executing non-safepoint VM operation: HandshakeAllThreads (Deoptimize) done
Event: 8.407 Executing safepoint VM operation: G1CollectForAllocation (G1 Evacuation Pause)
Event: 8.452 Executing safepoint VM operation: G1CollectForAllocation (G1 Evacuation Pause) done
Event: 8.468 Executing non-safepoint VM operation: HandshakeAllThreads (Deoptimize)
Event: 8.468 Executing non-safepoint VM operation: HandshakeAllThreads (Deoptimize) done
Event: 8.486 Executing non-safepoint VM operation: HandshakeAllThreads (Deoptimize)
Event: 8.486 Executing non-safepoint VM operation: HandshakeAllThreads (Deoptimize) done
Event: 8.615 Executing non-safepoint VM operation: HandshakeAllThreads (Deoptimize)
Event: 8.615 Executing non-safepoint VM operation: HandshakeAllThreads (Deoptimize) done
Event: 8.617 Executing non-safepoint VM operation: HandshakeAllThreads (Deoptimize)
Event: 8.617 Executing non-safepoint VM operation: HandshakeAllThreads (Deoptimize) done
Event: 8.804 Executing non-safepoint VM operation: HandshakeAllThreads (Deoptimize)
Event: 8.804 Executing non-safepoint VM operation: HandshakeAllThreads (Deoptimize) done
Event: 9.795 Executing safepoint VM operation: G1CollectForAllocation (G1 Evacuation Pause)
Event: 10.130 Executing safepoint VM operation: G1CollectForAllocation (G1 Evacuation Pause) done
Event: 10.396 Executing non-safepoint VM operation: HandshakeAllThreads (Deoptimize)
Event: 10.396 Executing non-safepoint VM operation: HandshakeAllThreads (Deoptimize) done

Memory protections (0 events):
No events

Nmethod flushes (0 events):
No events

Events (17 events):
Event: 0.031 Thread 0x000001cc69f2f600 Thread added: 0x000001cc69f2f600
Event: 0.049 Thread 0x000001cc69f2f600 Thread added: 0x000001cc7b00ba00
Event: 0.049 Thread 0x000001cc69f2f600 Thread added: 0x000001cc7b00d1c0
Event: 0.050 Thread 0x000001cc69f2f600 Thread added: 0x000001cc7b00dbd0
Event: 0.050 Thread 0x000001cc69f2f600 Thread added: 0x000001cc7b0108d0
Event: 0.050 Thread 0x000001cc69f2f600 Thread added: 0x000001cc7b013c60
Event: 0.050 Thread 0x000001cc69f2f600 Thread added: 0x000001cc7b016550
Event: 0.050 Thread 0x000001cc69f2f600 Thread added: 0x000001cc7b01a870
Event: 0.050 Thread 0x000001cc69f2f600 Thread added: 0x000001cc7b02a220
Event: 0.062 Thread 0x000001cc69f2f600 Thread added: 0x000001cc0f137bf0
Event: 0.064 Thread 0x000001cc69f2f600 Thread added: 0x000001cc0f13abc0
Event: 0.224 Thread 0x000001cc69f2f600 Thread added: 0x000001cc0f3e0310
Event: 0.457 Thread 0x000001cc7b02a220 Thread added: 0x000001cc0f5e4920
Event: 0.472 Thread 0x000001cc0f3e0310 Thread exited: 0x000001cc0f3e0310
Event: 6.230 Thread 0x000001cc0f5e4920 Thread exited: 0x000001cc0f5e4920
Event: 10.131 Thread 0x000001cc7b01a870 Thread added: 0x000001cc0f366ab0
Event: 10.131 Thread 0x000001cc7b01a870 Thread added: 0x000001cc0f3672b0


Dynamic libraries:
0x00007ff67bcb0000 - 0x00007ff67bcbe000 	C:\Program Files\Java\jdk-26.0.1\bin\java.exe
0x00007ff96e280000 - 0x00007ff96e4e6000 	C:\WINDOWS\SYSTEM32\ntdll.dll
0x00007ff96c340000 - 0x00007ff96c409000 	C:\WINDOWS\System32\KERNEL32.DLL
0x00007ff96b840000 - 0x00007ff96bc3e000 	C:\WINDOWS\System32\KERNELBASE.dll
0x00007ff96b6e0000 - 0x00007ff96b82c000 	C:\WINDOWS\System32\ucrtbase.dll
0x00007ff93ade0000 - 0x00007ff93adf7000 	C:\Program Files\Java\jdk-26.0.1\bin\jli.dll
0x00007ff93adc0000 - 0x00007ff93adde000 	C:\Program Files\Java\jdk-26.0.1\bin\VCRUNTIME140.dll
0x00007ff96db70000 - 0x00007ff96dd37000 	C:\WINDOWS\System32\USER32.dll
0x00007ff96bc50000 - 0x00007ff96bc77000 	C:\WINDOWS\System32\win32u.dll
0x00007ff96a880000 - 0x00007ff96ab12000 	C:\WINDOWS\WinSxS\amd64_microsoft.windows.common-controls_6595b64144ccf1df_6.0.26100.8875_none_3e0d5d42e32fe9dd\COMCTL32.dll
0x00007ff96c810000 - 0x00007ff96c83b000 	C:\WINDOWS\System32\GDI32.dll
0x00007ff96d3c0000 - 0x00007ff96d469000 	C:\WINDOWS\System32\msvcrt.dll
0x00007ff96bdc0000 - 0x00007ff96beea000 	C:\WINDOWS\System32\gdi32full.dll
0x00007ff96bd10000 - 0x00007ff96bdb3000 	C:\WINDOWS\System32\msvcp_win.dll
0x00007ff96da70000 - 0x00007ff96daa2000 	C:\WINDOWS\System32\IMM32.DLL
0x00007ff93adb0000 - 0x00007ff93adbc000 	C:\Program Files\Java\jdk-26.0.1\bin\vcruntime140_1.dll
0x00007ff93ad20000 - 0x00007ff93adad000 	C:\Program Files\Java\jdk-26.0.1\bin\msvcp140.dll
0x00007ff939a80000 - 0x00007ff93a94e000 	C:\Program Files\Java\jdk-26.0.1\bin\server\jvm.dll
0x00007ff96dab0000 - 0x00007ff96db67000 	C:\WINDOWS\System32\ADVAPI32.dll
0x00007ff96c410000 - 0x00007ff96c4ba000 	C:\WINDOWS\System32\sechost.dll
0x00007ff96c220000 - 0x00007ff96c338000 	C:\WINDOWS\System32\RPCRT4.dll
0x00007ff96c4c0000 - 0x00007ff96c540000 	C:\WINDOWS\System32\WS2_32.dll
0x00007ff96b300000 - 0x00007ff96b35e000 	C:\WINDOWS\SYSTEM32\POWRPROF.dll
0x00007ff9557a0000 - 0x00007ff9557d6000 	C:\WINDOWS\SYSTEM32\WINMM.dll
0x00007ff969aa0000 - 0x00007ff969aab000 	C:\WINDOWS\SYSTEM32\VERSION.dll
0x00007ff96b2e0000 - 0x00007ff96b2f4000 	C:\WINDOWS\SYSTEM32\UMPDC.dll
0x00007ff96a4c0000 - 0x00007ff96a4db000 	C:\WINDOWS\SYSTEM32\kernel.appcore.dll
0x00007ff939010000 - 0x00007ff93901a000 	C:\Program Files\Java\jdk-26.0.1\bin\jimage.dll
0x00007ff96ac30000 - 0x00007ff96ae72000 	C:\WINDOWS\SYSTEM32\DBGHELP.DLL
0x00007ff96d580000 - 0x00007ff96d903000 	C:\WINDOWS\System32\combase.dll
0x00007ff96c9f0000 - 0x00007ff96cac9000 	C:\WINDOWS\System32\OLEAUT32.dll
0x00007ff96ab20000 - 0x00007ff96ab5b000 	C:\WINDOWS\SYSTEM32\dbgcore.DLL
0x00007ff96bef0000 - 0x00007ff96bf9c000 	C:\WINDOWS\System32\bcryptPrimitives.dll
0x00007ff93abc0000 - 0x00007ff93abdf000 	C:\Program Files\Java\jdk-26.0.1\bin\java.dll
0x00007ff96c550000 - 0x00007ff96c6e9000 	C:\WINDOWS\System32\ole32.dll
0x00007ff96cad0000 - 0x00007ff96d262000 	C:\WINDOWS\System32\SHELL32.dll
0x00007ff967db0000 - 0x00007ff968642000 	C:\WINDOWS\SYSTEM32\windows.storage.dll
0x00007ff96d470000 - 0x00007ff96d567000 	C:\WINDOWS\System32\SHCORE.dll
0x00007ff96dd40000 - 0x00007ff96dda7000 	C:\WINDOWS\System32\shlwapi.dll
0x00007ff96b3c0000 - 0x00007ff96b3e9000 	C:\WINDOWS\SYSTEM32\profapi.dll
0x00007ff9370d0000 - 0x00007ff9370e2000 	C:\Program Files\Java\jdk-26.0.1\bin\net.dll
0x00007ff9695f0000 - 0x00007ff96965c000 	C:\WINDOWS\system32\mswsock.dll
0x00007ff937000000 - 0x00007ff937016000 	C:\Program Files\Java\jdk-26.0.1\bin\nio.dll
0x00007ff936e30000 - 0x00007ff936e47000 	C:\Program Files\Java\jdk-26.0.1\bin\zip.dll
0x00007ff95eef0000 - 0x00007ff95ef14000 	C:\Program Files\NetBeans-30\netbeans\java\maven\lib\jansi-native\Windows\x86_64\jansi.dll
0x00007ff934550000 - 0x00007ff934560000 	C:\Program Files\Java\jdk-26.0.1\bin\verify.dll

JVMTI agents: none

dbghelp: loaded successfully - version: 4.0.5 - missing functions: none
symbol engine: initialized successfully - sym options: 0x614 - pdb path: .;C:\Program Files\Java\jdk-26.0.1\bin;C:\WINDOWS\SYSTEM32;C:\WINDOWS\WinSxS\amd64_microsoft.windows.common-controls_6595b64144ccf1df_6.0.26100.8875_none_3e0d5d42e32fe9dd;C:\Program Files\Java\jdk-26.0.1\bin\server;C:\Program Files\NetBeans-30\netbeans\java\maven\lib\jansi-native\Windows\x86_64

VM Arguments:
jvm_args: --enable-native-access=ALL-UNNAMED -Dclassworlds.conf=C:\Program Files\NetBeans-30\netbeans\java\maven\bin\m2.conf -Dmaven.home=C:\Program Files\NetBeans-30\netbeans\java\maven -Dlibrary.jansi.path=C:\Program Files\NetBeans-30\netbeans\java\maven\lib\jansi-native -Dmaven.multiModuleProjectDirectory=D:\NEOTEMP\CODE\SHIPSHUK\BULBULLER\bb-rest-api\v2_maven\bb-rest-api 
java_command: org.codehaus.plexus.classworlds.launcher.Launcher -Dmaven.ext.class.path=C:\Program Files\NetBeans-30\netbeans\java\maven-nblib\netbeans-eventspy.jar --no-transfer-progress clean install -f pom-all.xml
java_class_path (initial): C:\Program Files\NetBeans-30\netbeans\java\maven\boot\plexus-classworlds-2.9.0.jar
Launcher Type: SUN_STANDARD

[Global flags]
     bool AOTAdapterCaching                        = false                                  {diagnostic} {ergonomic}
     bool AOTInvokeDynamicLinking                  = false                                  {diagnostic} {ergonomic}
     bool AOTRecordTraining                        = false                                  {diagnostic} {ergonomic}
     bool AOTReplayTraining                        = false                                  {diagnostic} {ergonomic}
     bool AOTStubCaching                           = false                                  {diagnostic} {ergonomic}
     intx CICompilerCount                          = 4                                         {product} {ergonomic}
     uint ConcGCThreads                            = 2                                         {product} {ergonomic}
     uint G1ConcRefinementThreads                  = 8                                         {product} {ergonomic}
     uint G1EagerReclaimRemSetThreshold            = 16                                   {experimental} {ergonomic}
   size_t G1HeapRegionSize                         = 2097152                                   {product} {ergonomic}
     uint G1RemSetArrayOfCardsEntries              = 16                                   {experimental} {ergonomic}
     uint G1RemSetHowlMaxNumBuckets                = 8                                    {experimental} {ergonomic}
     uint G1RemSetHowlNumBuckets                   = 8                                    {experimental} {ergonomic}
   size_t InitialHeapSize                          = 8388608                                   {product} {ergonomic}
     bool IntelJccErratumMitigation                = true                              {ARCH diagnostic} {ergonomic}
   size_t MarkStackSize                            = 4194304                                   {product} {ergonomic}
   size_t MarkStackSizeMax                         = 536870912                                 {product} {ergonomic}
   size_t MaxHeapSize                              = 4253024256                                {product} {ergonomic}
   size_t MaxNewSize                               = 2550136832                                {product} {ergonomic}
 uint64_t MaxRAM                                   = 17007267840                               {product} {ergonomic}
   size_t MinHeapDeltaBytes                        = 2097152                                   {product} {ergonomic}
   size_t MinHeapSize                              = 8388608                                   {product} {ergonomic}
   size_t NonNMethodCodeHeapSize                   = 5898240                                {pd product} {ergonomic}
   size_t NonProfiledCodeHeapSize                  = 122945536                              {pd product} {ergonomic}
   size_t ProfiledCodeHeapSize                     = 122945536                              {pd product} {ergonomic}
   size_t ReservedCodeCacheSize                    = 251789312                              {pd product} {ergonomic}
     bool SegmentedCodeCache                       = true                                      {product} {ergonomic}
   size_t SoftMaxHeapSize                          = 4253024256                             {manageable} {ergonomic}
     bool UseCompressedOops                        = true                           {product lp64_product} {ergonomic}
     bool UseCondCardMark                          = true                                      {product} {ergonomic}
     bool UseFastUnorderedTimeStamps               = true                                 {experimental} {ergonomic}
     bool UseG1GC                                  = true                                      {product} {ergonomic}
     bool UseLargePagesIndividualAllocation        = false                                  {pd product} {ergonomic}
      int X86ICacheSync                            = 2                                 {ARCH diagnostic} {ergonomic}

Logging:
Log output configuration:
 #0: stdout all=warning uptime,level,tags foldmultilines=false
 #1: stderr all=off uptime,level,tags foldmultilines=false

Release file:
IMPLEMENTOR="Oracle Corporation" 
JAVA_RUNTIME_VERSION="26.0.1+8-34" 
JAVA_VERSION="26.0.1" 
JAVA_VERSION_DATE="2026-04-21" 
LIBC="default" 
MODULES="java.base java.compiler java.datatransfer java.xml java.prefs java.desktop java.instrument java.logging java.management java.security.sasl java.naming java.rmi java.management.rmi java.net.http java.scripting java.security.jgss java.transaction.xa java.sql java.sql.rowset java.xml.crypto java.se java.smartcardio jdk.accessibility jdk.internal.jvmstat jdk.attach jdk.charsets jdk.internal.opt jdk.zipfs jdk.compiler jdk.crypto.cryptoki jdk.crypto.ec jdk.crypto.mscapi jdk.dynalink jdk.internal.ed jdk.editpad jdk.internal.vm.ci jdk.graal.compiler jdk.graal.compiler.management jdk.hotspot.agent jdk.httpserver jdk.incubator.vector jdk.internal.le jdk.internal.md jdk.jartool jdk.javadoc jdk.jcmd jdk.management jdk.management.agent jdk.jconsole jdk.jdeps jdk.jdwp.agent jdk.jdi jdk.jfr jdk.jlink jdk.jpackage jdk.jshell jdk.jstatd jdk.localedata jdk.management.jfr jdk.naming.dns jdk.naming.rmi jdk.net jdk.nio.mapmode jdk.sctp jdk.security.auth jdk.security.jgss jdk.unsupported jdk.unsupported.desktop jdk.xml.dom" 
OS_ARCH="x86_64" 
OS_NAME="Windows" 
SOURCE=".:git:fcc00fc4aee7" 

Environment Variables:
JAVA_HOME=C:\Program Files\Java\jdk-26.0.1
PATH=%JAVA_HOME%\bin;C:\Windows\system32;C:\Windows;C:\Windows\System32\Wbem;C:\Windows\System32\WindowsPowerShell\v1.0\;C:\Windows\System32\OpenSSH\;C:\Program Files (x86)\NVIDIA Corporation\PhysX\Common;C:\Program Files\NVIDIA Corporation\NVIDIA NvDLISR;C:\Program Files\Java\jdk-26.0.1\bin;C:\Program Files\NetBeans-25\netbeans\extide\ant\bin;C:\Program Files\Common Files\Oracle\Java\javapath;C:\Program Files\OpenSSL-Win64\bin;C:\WINDOWS\system32;C:\WINDOWS;C:\WINDOWS\System32\Wbem;C:\WINDOWS\System32\WindowsPowerShell\v1.0\;C:\WINDOWS\System32\OpenSSH\;C:\Program Files\PuTTY\;C:\Users\Administrator\AppData\Local\Muse Hub\lib;C:\src\flutter\bin;C:\Program Files\Git\cmd;C:\Program Files\nodejs\;C:\Users\Administrator\AppData\Local\Programs\Python\Python313\Scripts\;C:\Users\Administrator\AppData\Local\Programs\Python\Python313\;C:\Program Files\MySQL\MySQL Shell 8.0\bin\;C:\Users\Administrator\AppData\Local\Microsoft\WindowsApps;C:\Users\Administrator\AppData\Local\Programs\Microsoft VS Code\bin;C:\Users\Administrator\AppData\Local\Muse Hub\lib;C:\Users\Administrator\AppData\Roaming\npm;C:\maven-3.9.16\bin;;C:\Program Files\NetBeans-30\netbeans\bin\
USERNAME=Administrator
OS=Windows_NT
PROCESSOR_IDENTIFIER=Intel64 Family 6 Model 142 Stepping 12, GenuineIntel
TMP=C:\Users\ADMINI~1\AppData\Local\Temp
TEMP=C:\Users\ADMINI~1\AppData\Local\Temp




Compilation memory statistics disabled.

Periodic native trim disabled

---------------  S Y S T E M  ---------------

OS:
 Windows 11 , 64 bit Build 26100 (10.0.26100.8875)
OS uptime: 5 days 2:35 hours
Hyper-V role detected

CPU: total 8 (initial active 8) (4 cores per cpu, 2 threads per core) family 6 model 142 stepping 12 microcode 0xde, cx8, cmov, fxsr, ht, mmx, 3dnowpref, sse, sse2, sse3, ssse3, sse4.1, sse4.2, popcnt, lzcnt, tsc, tscinvbit, avx, avx2, aes, erms, clmul, bmi1, bmi2, adx, fma, vzeroupper, clflush, clflushopt, hv, rdtscp, f16c
Processor Information for the first 8 processors :
  Max Mhz: 2304, Current Mhz: 1803, Mhz Limit: 1797

Memory: 4k page, system-wide physical 16219M (563M free)
TotalPageFile size 32219M (AvailPageFile size 8M)
current process WorkingSet (physical memory assigned to process): 269M, peak: 269M
current process commit charge ("private bytes"): 502M, peak: 516M

vm_info: OpenJDK 64-Bit Server VM (26.0.1+8-34) for windows-amd64 JRE (26.0.1+8-34), built on 2026-03-10T17:24:10Z with MS VC++ 17.13 (VS2022)

END.
