#
# There is insufficient memory for the Java Runtime Environment to continue.
# Native memory allocation (malloc) failed to allocate 6029720 bytes. Error detail: Chunk::new
# Possible reasons:
#   The system is out of physical RAM or swap space
#   This process is running with CompressedOops enabled, and the Java Heap may be blocking the growth of the native heap
# Possible solutions:
#   Reduce memory load on the system
#   Increase physical memory or swap space
#   Check if swap backing store is full
#   Decrease Java heap size (-Xmx/-Xms)
#   Decrease number of Java threads
#   Decrease Java thread stack sizes (-Xss)
#   Set larger code cache with -XX:ReservedCodeCacheSize=
#   JVM is running with Zero Based Compressed Oops mode in which the Java heap is
#     placed in the first 32GB address space. The Java Heap base address is the
#     maximum limit for the native heap growth. Please use -XX:HeapBaseMinAddress
#     to set the Java Heap base and to place the Java Heap above 32GB virtual address.
# This output file may be truncated or incomplete.
#
#  Out of Memory Error (arena.cpp:193), pid=15540, tid=28444
#
# JRE version: OpenJDK Runtime Environment (26.0.1+8) (build 26.0.1+8-34)
# Java VM: OpenJDK 64-Bit Server VM (26.0.1+8-34, mixed mode, sharing, tiered, compressed oops, compressed class ptrs, g1 gc, windows-amd64)
# No core dump will be written. Minidumps are not enabled by default on client versions of Windows
#

---------------  S U M M A R Y ------------

Command Line: --enable-native-access=ALL-UNNAMED -Dclassworlds.conf=C:\Program Files\NetBeans-30\netbeans\java\maven\bin\m2.conf -Dmaven.home=C:\Program Files\NetBeans-30\netbeans\java\maven -Dlibrary.jansi.path=C:\Program Files\NetBeans-30\netbeans\java\maven\lib\jansi-native -Dmaven.multiModuleProjectDirectory=D:\NEOTEMP\CODE\SHIPSHUK\BULBULLER\bb-rest-api\v2_maven\bb-rest-api org.codehaus.plexus.classworlds.launcher.Launcher -Dmaven.ext.class.path=C:\Program Files\NetBeans-30\netbeans\java\maven-nblib\netbeans-eventspy.jar --no-transfer-progress clean install -f pom-all.xml

Host: Intel(R) Core(TM) i7-10510U CPU @ 1.80GHz, 8 cores, 15G,  Windows 11 , 64 bit Build 26100 (10.0.26100.8875)
Time: Tue Aug 11 18:38:16 2026 Turkey Standard Time elapsed time: 47.914287 seconds (0d 0h 0m 47s)

---------------  T H R E A D  ---------------

Current thread (0x0000023a07bb69a0):  JavaThread "C2 CompilerThread0" daemon [_thread_in_native, id=28444, stack(0x00000057fcf00000,0x00000057fd000000) (1024K)]


Current CompileTask:
C2:47914 12733       4       com.sun.tools.javac.code.ClassFinder::includeClassFile (307 bytes)

Stack: [0x00000057fcf00000,0x00000057fd000000]
Native frames: (J=compiled Java code, j=interpreted, Vv=VM code, C=native code)
V  [jvm.dll+0x7d5879]  (no source info available)
V  [jvm.dll+0x7a37dd]  (no source info available)
V  [jvm.dll+0x9b0c10]  (no source info available)
V  [jvm.dll+0x9b3061]  (no source info available)
V  [jvm.dll+0x9b3773]  (no source info available)
V  [jvm.dll+0x30df76]  (no source info available)
V  [jvm.dll+0x11d8a6]  (no source info available)
V  [jvm.dll+0x11dbce]  (no source info available)
V  [jvm.dll+0x1afbe6]  (no source info available)
V  [jvm.dll+0x3ca822]  (no source info available)
V  [jvm.dll+0x7de462]  (no source info available)
V  [jvm.dll+0x2d1647]  (no source info available)
V  [jvm.dll+0x2d05bf]  (no source info available)
V  [jvm.dll+0x246820]  (no source info available)
V  [jvm.dll+0x2e06dc]  (no source info available)
V  [jvm.dll+0x2de8bd]  (no source info available)
V  [jvm.dll+0x4a3ff1]  (no source info available)
V  [jvm.dll+0x94f649]  (no source info available)
V  [jvm.dll+0x7d7358]  (no source info available)
C  [ucrtbase.dll+0x2cd30]  (no source info available)
C  [KERNEL32.DLL+0x2e957]  (no source info available)
C  [ntdll.dll+0xaad6c]  (no source info available)

Lock stack of current Java thread (top to bottom):


---------------  P R O C E S S  ---------------

Threads class SMR info:
_java_thread_list=0x0000023a108724b0, length=12, elements={
0x0000023a657b32c0, 0x0000023a07ba26e0, 0x0000023a07ba3130, 0x0000023a07ba7330,
0x0000023a07ba96c0, 0x0000023a07bb2890, 0x0000023a07bb5580, 0x0000023a07bb69a0,
0x0000023a07be5ef0, 0x0000023a0c0e5390, 0x0000023a0c0e6530, 0x0000023a1055a210
}

Java Threads: ( => current thread )
  0x0000023a657b32c0 JavaThread "main"                              [_thread_in_native, id=14640, stack(0x00000057fc000000,0x00000057fc100000) (1024K)]
  0x0000023a07ba26e0 JavaThread "Reference Handler"          daemon [_thread_blocked, id=22624, stack(0x00000057fc900000,0x00000057fca00000) (1024K)]
  0x0000023a07ba3130 JavaThread "Finalizer"                  daemon [_thread_blocked, id=7384, stack(0x00000057fca00000,0x00000057fcb00000) (1024K)]
  0x0000023a07ba7330 JavaThread "Signal Dispatcher"          daemon [_thread_blocked, id=21248, stack(0x00000057fcb00000,0x00000057fcc00000) (1024K)]
  0x0000023a07ba96c0 JavaThread "Attach Listener"            daemon [_thread_blocked, id=12148, stack(0x00000057fcc00000,0x00000057fcd00000) (1024K)]
  0x0000023a07bb2890 JavaThread "Service Thread"             daemon [_thread_blocked, id=26948, stack(0x00000057fcd00000,0x00000057fce00000) (1024K)]
  0x0000023a07bb5580 JavaThread "Monitor Deflation Thread"   daemon [_thread_blocked, id=7508, stack(0x00000057fce00000,0x00000057fcf00000) (1024K)]
=>0x0000023a07bb69a0 JavaThread "C2 CompilerThread0"         daemon [_thread_in_native, id=28444, stack(0x00000057fcf00000,0x00000057fd000000) (1024K)]
  0x0000023a07be5ef0 JavaThread "C1 CompilerThread0"         daemon [_thread_blocked, id=30704, stack(0x00000057fd000000,0x00000057fd100000) (1024K)]
  0x0000023a0c0e5390 JavaThread "Notification Thread"        daemon [_thread_blocked, id=1460, stack(0x00000057fd100000,0x00000057fd200000) (1024K)]
  0x0000023a0c0e6530 JavaThread "Common-Cleaner"             daemon [_thread_blocked, id=5388, stack(0x00000057fd200000,0x00000057fd300000) (1024K)]
  0x0000023a1055a210 JavaThread "C2 CompilerThread1"         daemon [_thread_in_native, id=16760, stack(0x00000057fd600000,0x00000057fd700000) (1024K)]
Total: 12

Other Threads:
  0x0000023a07b91db0 VMThread "VM Thread"                           [id=13076, stack(0x00000057fc800000,0x00000057fc900000) (1024K)]
  0x0000023a07b7aa00 WatcherThread "VM Periodic Task Thread"        [id=29416, stack(0x00000057fc700000,0x00000057fc800000) (1024K)]
  0x0000023a67a4ce50 WorkerThread "GC Thread#0"                     [id=13216, stack(0x00000057fc100000,0x00000057fc200000) (1024K)]
  0x0000023a0c41d220 WorkerThread "GC Thread#1"                     [id=10428, stack(0x00000057fd400000,0x00000057fd500000) (1024K)]
  0x0000023a0cbbc7e0 WorkerThread "GC Thread#2"                     [id=14012, stack(0x00000057fd300000,0x00000057fd400000) (1024K)]
  0x0000023a0cd69bb0 WorkerThread "GC Thread#3"                     [id=10448, stack(0x00000057fd800000,0x00000057fd900000) (1024K)]
  0x0000023a0ccf9d60 WorkerThread "GC Thread#4"                     [id=17076, stack(0x00000057fd900000,0x00000057fda00000) (1024K)]
  0x0000023a0d10f900 WorkerThread "GC Thread#5"                     [id=11300, stack(0x00000057fd700000,0x00000057fd800000) (1024K)]
  0x0000023a0d0fec70 WorkerThread "GC Thread#6"                     [id=6616, stack(0x00000057fda00000,0x00000057fdb00000) (1024K)]
  0x0000023a0d3b92b0 WorkerThread "GC Thread#7"                     [id=22184, stack(0x00000057fdc00000,0x00000057fdd00000) (1024K)]
  0x0000023a67a65b50 ConcurrentGCThread "G1 Main Marker"            [id=19504, stack(0x00000057fc200000,0x00000057fc300000) (1024K)]
  0x0000023a67a675c0 WorkerThread "G1 Conc#0"                       [id=7816, stack(0x00000057fc300000,0x00000057fc400000) (1024K)]
  0x0000023a0ca4e400 WorkerThread "G1 Conc#1"                       [id=10900, stack(0x00000057fd500000,0x00000057fd600000) (1024K)]
  0x0000023a67aa9450 WorkerThread "G1 Refinement Workers#0"         [id=28460, stack(0x00000057fc500000,0x00000057fc600000) (1024K)]
  0x0000023a67aa8a90 ConcurrentGCThread "G1 Refine Control"         [id=9292, stack(0x00000057fc400000,0x00000057fc500000) (1024K)]
  0x0000023a67aacc20 ConcurrentGCThread "G1 Service"                [id=15916, stack(0x00000057fc600000,0x00000057fc700000) (1024K)]
Total: 16

Threads with active compile tasks:
C2 CompilerThread0  49061 12733       4       com.sun.tools.javac.code.ClassFinder::includeClassFile (307 bytes)
C2 CompilerThread1  49062 12734   !   4       com.sun.tools.javac.jvm.ClassReader::readMethod (555 bytes)
Total: 2

VM state: not at safepoint (normal execution)

VM Mutex/Monitor currently owned by a thread: None

Heap address: 0x0000000702800000, size: 4056 MB, Compressed Oops mode: Zero based, Oop shift amount: 3

CDS archive(s) mapped at: [0x0000000088000000-0x0000000088de0000-0x0000000088de0000), size 14548992, SharedBaseAddress: 0x0000000088000000, ArchiveRelocationMode: 1.
Compressed class space mapped at: 0x0000000089000000-0x00000000c9000000, reserved size: 1073741824
UseCompressedClassPointers 1, UseCompactObjectHeaders 0
Narrow klass pointer bits 32, Max shift 3
Narrow klass base: 0x0000000088000000, Narrow klass shift: 0
Encoding Range: [0x0000000088000000 - 0x0000000188000000), (4294967296 bytes)
Klass Range:    [0x0000000088000000 - 0x00000000c9000000), (1090519040 bytes)
Klass ID Range:  [8 - 1090519033) (1090519025)
Protection zone: [0x0000000088000000 - 0x0000000088010000), (65536 bytes)

GC Precious Log:
 CardTable entry size: 512
 Card Set container configuration: InlinePtr #cards 4 size 8 Array Of Cards #cards 16 size 48 Howl #buckets 8 coarsen threshold 3686 Howl Bitmap #cards 512 size 80 coarsen threshold 460 Card regions per heap region 1 cards per card region 4096
 CPUs: 8 total, 8 available
 Memory: 16219M
 Large Page Support: Disabled
 NUMA Support: Disabled
 Compressed Oops: Enabled (Zero based)
 Heap Region Size: 2M
 Heap Min Capacity: 8M
 Heap Initial Capacity: 8M
 Heap Max Capacity: 4056M
 Pre-touch: Disabled
 Parallel Workers: 8
 Concurrent Workers: 2
 Concurrent Refinement Workers: 8
 Periodic GC: Disabled

Heap:
 garbage-first heap   total reserved 4153344K, committed 387072K, used 125521K [0x0000000702800000, 0x0000000800000000)
  region size 2M, 1 eden (2M), 14 survivor (28M), 39 old (78M), 9 humongous (18M), 126 free (252M)

Heap Regions: E=young(eden), S=young(survivor), O=old, HS=humongous(starts), HC=humongous(continues), CS=collection set, F=free, TAMS=top-at-mark-start, PB=parsable bottom
|    0|0x0000000702800000, 0x0000000702a00000, 0x0000000702a00000|100%| O|  |TAMS 0x0000000702800000| PB 0x0000000702800000| Untracked |  0
|    1|0x0000000702a00000, 0x0000000702c00000, 0x0000000702c00000|100%| O|  |TAMS 0x0000000702a00000| PB 0x0000000702a00000| Untracked |  0
|    2|0x0000000702c00000, 0x0000000702e00000, 0x0000000702e00000|100%| O|  |TAMS 0x0000000702c00000| PB 0x0000000702c00000| Untracked |  0
|    3|0x0000000702e00000, 0x0000000703000000, 0x0000000703000000|100%| O|  |TAMS 0x0000000702e00000| PB 0x0000000702e00000| Untracked |  0
|    4|0x0000000703000000, 0x0000000703200000, 0x0000000703200000|100%| O|  |TAMS 0x0000000703000000| PB 0x0000000703000000| Untracked |  0
|    5|0x0000000703200000, 0x0000000703400000, 0x0000000703400000|100%|HS|  |TAMS 0x0000000703200000| PB 0x0000000703200000| Complete  |  0
|    6|0x0000000703400000, 0x0000000703600000, 0x0000000703600000|100%| O|  |TAMS 0x0000000703400000| PB 0x0000000703400000| Untracked |  0
|    7|0x0000000703600000, 0x0000000703800000, 0x0000000703800000|100%| O|  |TAMS 0x0000000703600000| PB 0x0000000703600000| Untracked |  0
|    8|0x0000000703800000, 0x0000000703a00000, 0x0000000703a00000|100%| O|  |TAMS 0x0000000703800000| PB 0x0000000703800000| Untracked |  0
|    9|0x0000000703a00000, 0x0000000703c00000, 0x0000000703c00000|100%| O|  |TAMS 0x0000000703a00000| PB 0x0000000703a00000| Untracked |  0
|   10|0x0000000703c00000, 0x0000000703e00000, 0x0000000703e00000|100%| O|  |TAMS 0x0000000703c00000| PB 0x0000000703c00000| Untracked |  0
|   11|0x0000000703e00000, 0x0000000704000000, 0x0000000704000000|100%| O|  |TAMS 0x0000000703e00000| PB 0x0000000703e00000| Untracked |  0
|   12|0x0000000704000000, 0x0000000704200000, 0x0000000704200000|100%| O|  |TAMS 0x0000000704000000| PB 0x0000000704000000| Untracked |  0
|   13|0x0000000704200000, 0x0000000704400000, 0x0000000704400000|100%| O|  |TAMS 0x0000000704200000| PB 0x0000000704200000| Untracked |  0
|   14|0x0000000704400000, 0x0000000704600000, 0x0000000704600000|100%| O|  |TAMS 0x0000000704400000| PB 0x0000000704400000| Untracked |  0
|   15|0x0000000704600000, 0x0000000704800000, 0x0000000704800000|100%| O|  |TAMS 0x0000000704600000| PB 0x0000000704600000| Untracked |  0
|   16|0x0000000704800000, 0x0000000704a00000, 0x0000000704a00000|100%| O|  |TAMS 0x0000000704800000| PB 0x0000000704800000| Untracked |  0
|   17|0x0000000704a00000, 0x0000000704c00000, 0x0000000704c00000|100%| O|  |TAMS 0x0000000704a00000| PB 0x0000000704a00000| Untracked |  0
|   18|0x0000000704c00000, 0x0000000704e00000, 0x0000000704e00000|100%| O|  |TAMS 0x0000000704c00000| PB 0x0000000704c00000| Untracked |  0
|   19|0x0000000704e00000, 0x0000000705000000, 0x0000000705000000|100%| O|  |TAMS 0x0000000704e00000| PB 0x0000000704e00000| Untracked |  0
|   20|0x0000000705000000, 0x0000000705200000, 0x0000000705200000|100%| O|  |TAMS 0x0000000705000000| PB 0x0000000705000000| Untracked |  0
|   21|0x0000000705200000, 0x0000000705400000, 0x0000000705400000|100%| O|  |TAMS 0x0000000705200000| PB 0x0000000705200000| Untracked |  0
|   22|0x0000000705400000, 0x0000000705600000, 0x0000000705600000|100%| O|  |TAMS 0x0000000705400000| PB 0x0000000705400000| Untracked |  0
|   23|0x0000000705600000, 0x0000000705600000, 0x0000000705800000|  0%| F|  |TAMS 0x0000000705600000| PB 0x0000000705600000| Untracked |  0
|   24|0x0000000705800000, 0x0000000705a00000, 0x0000000705a00000|100%| O|  |TAMS 0x0000000705800000| PB 0x0000000705800000| Untracked |  0
|   25|0x0000000705a00000, 0x0000000705c00000, 0x0000000705c00000|100%| O|  |TAMS 0x0000000705a00000| PB 0x0000000705a00000| Untracked |  0
|   26|0x0000000705c00000, 0x0000000705e00000, 0x0000000705e00000|100%|HS|  |TAMS 0x0000000705c00000| PB 0x0000000705c00000| Complete  |  0
|   27|0x0000000705e00000, 0x0000000706000000, 0x0000000706000000|100%|HS|  |TAMS 0x0000000705e00000| PB 0x0000000705e00000| Complete  |  0
|   28|0x0000000706000000, 0x0000000706200000, 0x0000000706200000|100%| O|  |TAMS 0x0000000706000000| PB 0x0000000706000000| Untracked |  0
|   29|0x0000000706200000, 0x0000000706400000, 0x0000000706400000|100%|HS|  |TAMS 0x0000000706200000| PB 0x0000000706200000| Complete  |  0
|   30|0x0000000706400000, 0x0000000706600000, 0x0000000706600000|100%| O|  |TAMS 0x0000000706400000| PB 0x0000000706400000| Untracked |  0
|   31|0x0000000706600000, 0x0000000706800000, 0x0000000706800000|100%|HS|  |TAMS 0x0000000706600000| PB 0x0000000706600000| Complete  |  0
|   32|0x0000000706800000, 0x0000000706a00000, 0x0000000706a00000|100%| O|  |TAMS 0x0000000706800000| PB 0x0000000706800000| Untracked |  0
|   33|0x0000000706a00000, 0x0000000706c00000, 0x0000000706c00000|100%| O|  |TAMS 0x0000000706a00000| PB 0x0000000706a00000| Untracked |  0
|   34|0x0000000706c00000, 0x0000000706e00000, 0x0000000706e00000|100%| O|  |TAMS 0x0000000706c00000| PB 0x0000000706c00000| Untracked |  0
|   35|0x0000000706e00000, 0x0000000707000000, 0x0000000707000000|100%| O|  |TAMS 0x0000000706e00000| PB 0x0000000706e00000| Untracked |  0
|   36|0x0000000707000000, 0x0000000707200000, 0x0000000707200000|100%| O|  |TAMS 0x0000000707000000| PB 0x0000000707000000| Untracked |  0
|   37|0x0000000707200000, 0x0000000707400000, 0x0000000707400000|100%| O|  |TAMS 0x0000000707200000| PB 0x0000000707200000| Untracked |  0
|   38|0x0000000707400000, 0x0000000707600000, 0x0000000707600000|100%| O|  |TAMS 0x0000000707400000| PB 0x0000000707400000| Untracked |  0
|   39|0x0000000707600000, 0x0000000707800000, 0x0000000707800000|100%| O|  |TAMS 0x0000000707600000| PB 0x0000000707600000| Untracked |  0
|   40|0x0000000707800000, 0x0000000707a00000, 0x0000000707a00000|100%|HS|  |TAMS 0x0000000707800000| PB 0x0000000707800000| Complete  |  0
|   41|0x0000000707a00000, 0x0000000707c00000, 0x0000000707c00000|100%| O|  |TAMS 0x0000000707a00000| PB 0x0000000707a00000| Untracked |  0
|   42|0x0000000707c00000, 0x0000000707e00000, 0x0000000707e00000|100%| O|  |TAMS 0x0000000707c00000| PB 0x0000000707c00000| Untracked |  0
|   43|0x0000000707e00000, 0x0000000708000000, 0x0000000708000000|100%|HS|  |TAMS 0x0000000707e00000| PB 0x0000000707e00000| Complete  |  0
|   44|0x0000000708000000, 0x0000000708200000, 0x0000000708200000|100%|HS|  |TAMS 0x0000000708000000| PB 0x0000000708000000| Complete  |  0
|   45|0x0000000708200000, 0x0000000708400000, 0x0000000708400000|100%|HS|  |TAMS 0x0000000708200000| PB 0x0000000708200000| Complete  |  0
|   46|0x0000000708400000, 0x0000000708600000, 0x0000000708600000|100%| O|  |TAMS 0x0000000708400000| PB 0x0000000708400000| Untracked |  0
|   47|0x0000000708600000, 0x0000000708694618, 0x0000000708800000| 28%| O|  |TAMS 0x0000000708600000| PB 0x0000000708600000| Untracked |  0
|   48|0x0000000708800000, 0x0000000708800000, 0x0000000708a00000|  0%| F|  |TAMS 0x0000000708800000| PB 0x0000000708800000| Untracked |  0
|   49|0x0000000708a00000, 0x0000000708a00000, 0x0000000708c00000|  0%| F|  |TAMS 0x0000000708a00000| PB 0x0000000708a00000| Untracked |  0
|   50|0x0000000708c00000, 0x0000000708c00000, 0x0000000708e00000|  0%| F|  |TAMS 0x0000000708c00000| PB 0x0000000708c00000| Untracked |  0
|   51|0x0000000708e00000, 0x0000000708e00000, 0x0000000709000000|  0%| F|  |TAMS 0x0000000708e00000| PB 0x0000000708e00000| Untracked |  0
|   52|0x0000000709000000, 0x0000000709000000, 0x0000000709200000|  0%| F|  |TAMS 0x0000000709000000| PB 0x0000000709000000| Untracked |  0
|   53|0x0000000709200000, 0x0000000709200000, 0x0000000709400000|  0%| F|  |TAMS 0x0000000709200000| PB 0x0000000709200000| Untracked |  0
|   54|0x0000000709400000, 0x0000000709400000, 0x0000000709600000|  0%| F|  |TAMS 0x0000000709400000| PB 0x0000000709400000| Untracked |  0
|   55|0x0000000709600000, 0x0000000709600000, 0x0000000709800000|  0%| F|  |TAMS 0x0000000709600000| PB 0x0000000709600000| Untracked |  0
|   56|0x0000000709800000, 0x0000000709800000, 0x0000000709a00000|  0%| F|  |TAMS 0x0000000709800000| PB 0x0000000709800000| Untracked |  0
|   57|0x0000000709a00000, 0x0000000709a00000, 0x0000000709c00000|  0%| F|  |TAMS 0x0000000709a00000| PB 0x0000000709a00000| Untracked |  0
|   58|0x0000000709c00000, 0x0000000709c00000, 0x0000000709e00000|  0%| F|  |TAMS 0x0000000709c00000| PB 0x0000000709c00000| Untracked |  0
|   59|0x0000000709e00000, 0x0000000709e00000, 0x000000070a000000|  0%| F|  |TAMS 0x0000000709e00000| PB 0x0000000709e00000| Untracked |  0
|   60|0x000000070a000000, 0x000000070a000000, 0x000000070a200000|  0%| F|  |TAMS 0x000000070a000000| PB 0x000000070a000000| Untracked |  0
|   61|0x000000070a200000, 0x000000070a200000, 0x000000070a400000|  0%| F|  |TAMS 0x000000070a200000| PB 0x000000070a200000| Untracked |  0
|   62|0x000000070a400000, 0x000000070a400000, 0x000000070a600000|  0%| F|  |TAMS 0x000000070a400000| PB 0x000000070a400000| Untracked |  0
|   63|0x000000070a600000, 0x000000070a600000, 0x000000070a800000|  0%| F|  |TAMS 0x000000070a600000| PB 0x000000070a600000| Untracked |  0
|   64|0x000000070a800000, 0x000000070a800000, 0x000000070aa00000|  0%| F|  |TAMS 0x000000070a800000| PB 0x000000070a800000| Untracked |  0
|   65|0x000000070aa00000, 0x000000070aa00000, 0x000000070ac00000|  0%| F|  |TAMS 0x000000070aa00000| PB 0x000000070aa00000| Untracked |  0
|   66|0x000000070ac00000, 0x000000070ac00000, 0x000000070ae00000|  0%| F|  |TAMS 0x000000070ac00000| PB 0x000000070ac00000| Untracked |  0
|   67|0x000000070ae00000, 0x000000070ae00000, 0x000000070b000000|  0%| F|  |TAMS 0x000000070ae00000| PB 0x000000070ae00000| Untracked |  0
|   68|0x000000070b000000, 0x000000070b000000, 0x000000070b200000|  0%| F|  |TAMS 0x000000070b000000| PB 0x000000070b000000| Untracked |  0
|   69|0x000000070b200000, 0x000000070b200000, 0x000000070b400000|  0%| F|  |TAMS 0x000000070b200000| PB 0x000000070b200000| Untracked |  0
|   70|0x000000070b400000, 0x000000070b400000, 0x000000070b600000|  0%| F|  |TAMS 0x000000070b400000| PB 0x000000070b400000| Untracked |  0
|   71|0x000000070b600000, 0x000000070b600000, 0x000000070b800000|  0%| F|  |TAMS 0x000000070b600000| PB 0x000000070b600000| Untracked |  0
|   72|0x000000070b800000, 0x000000070b800000, 0x000000070ba00000|  0%| F|  |TAMS 0x000000070b800000| PB 0x000000070b800000| Untracked |  0
|   73|0x000000070ba00000, 0x000000070ba00000, 0x000000070bc00000|  0%| F|  |TAMS 0x000000070ba00000| PB 0x000000070ba00000| Untracked |  0
|   74|0x000000070bc00000, 0x000000070bc00000, 0x000000070be00000|  0%| F|  |TAMS 0x000000070bc00000| PB 0x000000070bc00000| Untracked |  0
|   75|0x000000070be00000, 0x000000070be00000, 0x000000070c000000|  0%| F|  |TAMS 0x000000070be00000| PB 0x000000070be00000| Untracked |  0
|   76|0x000000070c000000, 0x000000070c000000, 0x000000070c200000|  0%| F|  |TAMS 0x000000070c000000| PB 0x000000070c000000| Untracked |  0
|   77|0x000000070c200000, 0x000000070c400000, 0x000000070c400000|100%| S|CS|TAMS 0x000000070c200000| PB 0x000000070c200000| Complete  |  0
|   78|0x000000070c400000, 0x000000070c600000, 0x000000070c600000|100%| S|CS|TAMS 0x000000070c400000| PB 0x000000070c400000| Complete  |  0
|   79|0x000000070c600000, 0x000000070c800000, 0x000000070c800000|100%| S|CS|TAMS 0x000000070c600000| PB 0x000000070c600000| Complete  |  0
|   80|0x000000070c800000, 0x000000070ca00000, 0x000000070ca00000|100%| S|CS|TAMS 0x000000070c800000| PB 0x000000070c800000| Complete  |  0
|   81|0x000000070ca00000, 0x000000070cc00000, 0x000000070cc00000|100%| S|CS|TAMS 0x000000070ca00000| PB 0x000000070ca00000| Complete  |  0
|   82|0x000000070cc00000, 0x000000070ce00000, 0x000000070ce00000|100%| S|CS|TAMS 0x000000070cc00000| PB 0x000000070cc00000| Complete  |  0
|   83|0x000000070ce00000, 0x000000070d000000, 0x000000070d000000|100%| S|CS|TAMS 0x000000070ce00000| PB 0x000000070ce00000| Complete  |  0
|   84|0x000000070d000000, 0x000000070d200000, 0x000000070d200000|100%| S|CS|TAMS 0x000000070d000000| PB 0x000000070d000000| Complete  |  0
|   85|0x000000070d200000, 0x000000070d400000, 0x000000070d400000|100%| S|CS|TAMS 0x000000070d200000| PB 0x000000070d200000| Complete  |  0
|   86|0x000000070d400000, 0x000000070d600000, 0x000000070d600000|100%| S|CS|TAMS 0x000000070d400000| PB 0x000000070d400000| Complete  |  0
|   87|0x000000070d600000, 0x000000070d800000, 0x000000070d800000|100%| S|CS|TAMS 0x000000070d600000| PB 0x000000070d600000| Complete  |  0
|   88|0x000000070d800000, 0x000000070da00000, 0x000000070da00000|100%| S|CS|TAMS 0x000000070d800000| PB 0x000000070d800000| Complete  |  0
|   89|0x000000070da00000, 0x000000070dc00000, 0x000000070dc00000|100%| S|CS|TAMS 0x000000070da00000| PB 0x000000070da00000| Complete  |  0
|   90|0x000000070dc00000, 0x000000070de00000, 0x000000070de00000|100%| S|CS|TAMS 0x000000070dc00000| PB 0x000000070dc00000| Complete  |  0
|   91|0x000000070de00000, 0x000000070de00000, 0x000000070e000000|  0%| F|  |TAMS 0x000000070de00000| PB 0x000000070de00000| Untracked |  0
|   92|0x000000070e000000, 0x000000070e000000, 0x000000070e200000|  0%| F|  |TAMS 0x000000070e000000| PB 0x000000070e000000| Untracked |  0
|   93|0x000000070e200000, 0x000000070e200000, 0x000000070e400000|  0%| F|  |TAMS 0x000000070e200000| PB 0x000000070e200000| Untracked |  0
|   94|0x000000070e400000, 0x000000070e400000, 0x000000070e600000|  0%| F|  |TAMS 0x000000070e400000| PB 0x000000070e400000| Untracked |  0
|   95|0x000000070e600000, 0x000000070e600000, 0x000000070e800000|  0%| F|  |TAMS 0x000000070e600000| PB 0x000000070e600000| Untracked |  0
|   96|0x000000070e800000, 0x000000070e800000, 0x000000070ea00000|  0%| F|  |TAMS 0x000000070e800000| PB 0x000000070e800000| Untracked |  0
|   97|0x000000070ea00000, 0x000000070ea00000, 0x000000070ec00000|  0%| F|  |TAMS 0x000000070ea00000| PB 0x000000070ea00000| Untracked |  0
|   98|0x000000070ec00000, 0x000000070ec00000, 0x000000070ee00000|  0%| F|  |TAMS 0x000000070ec00000| PB 0x000000070ec00000| Untracked |  0
|   99|0x000000070ee00000, 0x000000070ee00000, 0x000000070f000000|  0%| F|  |TAMS 0x000000070ee00000| PB 0x000000070ee00000| Untracked |  0
|  100|0x000000070f000000, 0x000000070f000000, 0x000000070f200000|  0%| F|  |TAMS 0x000000070f000000| PB 0x000000070f000000| Untracked |  0
|  101|0x000000070f200000, 0x000000070f200000, 0x000000070f400000|  0%| F|  |TAMS 0x000000070f200000| PB 0x000000070f200000| Untracked |  0
|  102|0x000000070f400000, 0x000000070f400000, 0x000000070f600000|  0%| F|  |TAMS 0x000000070f400000| PB 0x000000070f400000| Untracked |  0
|  103|0x000000070f600000, 0x000000070f600000, 0x000000070f800000|  0%| F|  |TAMS 0x000000070f600000| PB 0x000000070f600000| Untracked |  0
|  104|0x000000070f800000, 0x000000070f800000, 0x000000070fa00000|  0%| F|  |TAMS 0x000000070f800000| PB 0x000000070f800000| Untracked |  0
|  105|0x000000070fa00000, 0x000000070fa00000, 0x000000070fc00000|  0%| F|  |TAMS 0x000000070fa00000| PB 0x000000070fa00000| Untracked |  0
|  106|0x000000070fc00000, 0x000000070fc00000, 0x000000070fe00000|  0%| F|  |TAMS 0x000000070fc00000| PB 0x000000070fc00000| Untracked |  0
|  107|0x000000070fe00000, 0x000000070fe00000, 0x0000000710000000|  0%| F|  |TAMS 0x000000070fe00000| PB 0x000000070fe00000| Untracked |  0
|  108|0x0000000710000000, 0x0000000710000000, 0x0000000710200000|  0%| F|  |TAMS 0x0000000710000000| PB 0x0000000710000000| Untracked |  0
|  109|0x0000000710200000, 0x0000000710200000, 0x0000000710400000|  0%| F|  |TAMS 0x0000000710200000| PB 0x0000000710200000| Untracked |  0
|  110|0x0000000710400000, 0x0000000710400000, 0x0000000710600000|  0%| F|  |TAMS 0x0000000710400000| PB 0x0000000710400000| Untracked |  0
|  111|0x0000000710600000, 0x0000000710600000, 0x0000000710800000|  0%| F|  |TAMS 0x0000000710600000| PB 0x0000000710600000| Untracked |  0
|  112|0x0000000710800000, 0x0000000710800000, 0x0000000710a00000|  0%| F|  |TAMS 0x0000000710800000| PB 0x0000000710800000| Untracked |  0
|  113|0x0000000710a00000, 0x0000000710a00000, 0x0000000710c00000|  0%| F|  |TAMS 0x0000000710a00000| PB 0x0000000710a00000| Untracked |  0
|  114|0x0000000710c00000, 0x0000000710c00000, 0x0000000710e00000|  0%| F|  |TAMS 0x0000000710c00000| PB 0x0000000710c00000| Untracked |  0
|  115|0x0000000710e00000, 0x0000000710e00000, 0x0000000711000000|  0%| F|  |TAMS 0x0000000710e00000| PB 0x0000000710e00000| Untracked |  0
|  116|0x0000000711000000, 0x0000000711000000, 0x0000000711200000|  0%| F|  |TAMS 0x0000000711000000| PB 0x0000000711000000| Untracked |  0
|  117|0x0000000711200000, 0x0000000711200000, 0x0000000711400000|  0%| F|  |TAMS 0x0000000711200000| PB 0x0000000711200000| Untracked |  0
|  118|0x0000000711400000, 0x0000000711400000, 0x0000000711600000|  0%| F|  |TAMS 0x0000000711400000| PB 0x0000000711400000| Untracked |  0
|  119|0x0000000711600000, 0x0000000711600000, 0x0000000711800000|  0%| F|  |TAMS 0x0000000711600000| PB 0x0000000711600000| Untracked |  0
|  120|0x0000000711800000, 0x0000000711800000, 0x0000000711a00000|  0%| F|  |TAMS 0x0000000711800000| PB 0x0000000711800000| Untracked |  0
|  121|0x0000000711a00000, 0x0000000711a00000, 0x0000000711c00000|  0%| F|  |TAMS 0x0000000711a00000| PB 0x0000000711a00000| Untracked |  0
|  122|0x0000000711c00000, 0x0000000711c00000, 0x0000000711e00000|  0%| F|  |TAMS 0x0000000711c00000| PB 0x0000000711c00000| Untracked |  0
|  123|0x0000000711e00000, 0x0000000711e00000, 0x0000000712000000|  0%| F|  |TAMS 0x0000000711e00000| PB 0x0000000711e00000| Untracked |  0
|  124|0x0000000712000000, 0x0000000712000000, 0x0000000712200000|  0%| F|  |TAMS 0x0000000712000000| PB 0x0000000712000000| Untracked |  0
|  125|0x0000000712200000, 0x0000000712200000, 0x0000000712400000|  0%| F|  |TAMS 0x0000000712200000| PB 0x0000000712200000| Untracked |  0
|  126|0x0000000712400000, 0x0000000712400000, 0x0000000712600000|  0%| F|  |TAMS 0x0000000712400000| PB 0x0000000712400000| Untracked |  0
|  127|0x0000000712600000, 0x0000000712600000, 0x0000000712800000|  0%| F|  |TAMS 0x0000000712600000| PB 0x0000000712600000| Untracked |  0
|  128|0x0000000712800000, 0x0000000712800000, 0x0000000712a00000|  0%| F|  |TAMS 0x0000000712800000| PB 0x0000000712800000| Untracked |  0
|  129|0x0000000712a00000, 0x0000000712a00000, 0x0000000712c00000|  0%| F|  |TAMS 0x0000000712a00000| PB 0x0000000712a00000| Untracked |  0
|  130|0x0000000712c00000, 0x0000000712c00000, 0x0000000712e00000|  0%| F|  |TAMS 0x0000000712c00000| PB 0x0000000712c00000| Untracked |  0
|  131|0x0000000712e00000, 0x0000000712e00000, 0x0000000713000000|  0%| F|  |TAMS 0x0000000712e00000| PB 0x0000000712e00000| Untracked |  0
|  132|0x0000000713000000, 0x0000000713000000, 0x0000000713200000|  0%| F|  |TAMS 0x0000000713000000| PB 0x0000000713000000| Untracked |  0
|  133|0x0000000713200000, 0x0000000713200000, 0x0000000713400000|  0%| F|  |TAMS 0x0000000713200000| PB 0x0000000713200000| Untracked |  0
|  134|0x0000000713400000, 0x0000000713400000, 0x0000000713600000|  0%| F|  |TAMS 0x0000000713400000| PB 0x0000000713400000| Untracked |  0
|  135|0x0000000713600000, 0x0000000713600000, 0x0000000713800000|  0%| F|  |TAMS 0x0000000713600000| PB 0x0000000713600000| Untracked |  0
|  136|0x0000000713800000, 0x0000000713800000, 0x0000000713a00000|  0%| F|  |TAMS 0x0000000713800000| PB 0x0000000713800000| Untracked |  0
|  137|0x0000000713a00000, 0x0000000713a00000, 0x0000000713c00000|  0%| F|  |TAMS 0x0000000713a00000| PB 0x0000000713a00000| Untracked |  0
|  138|0x0000000713c00000, 0x0000000713c00000, 0x0000000713e00000|  0%| F|  |TAMS 0x0000000713c00000| PB 0x0000000713c00000| Untracked |  0
|  139|0x0000000713e00000, 0x0000000713e00000, 0x0000000714000000|  0%| F|  |TAMS 0x0000000713e00000| PB 0x0000000713e00000| Untracked |  0
|  140|0x0000000714000000, 0x0000000714000000, 0x0000000714200000|  0%| F|  |TAMS 0x0000000714000000| PB 0x0000000714000000| Untracked |  0
|  141|0x0000000714200000, 0x0000000714200000, 0x0000000714400000|  0%| F|  |TAMS 0x0000000714200000| PB 0x0000000714200000| Untracked |  0
|  142|0x0000000714400000, 0x0000000714400000, 0x0000000714600000|  0%| F|  |TAMS 0x0000000714400000| PB 0x0000000714400000| Untracked |  0
|  143|0x0000000714600000, 0x0000000714600000, 0x0000000714800000|  0%| F|  |TAMS 0x0000000714600000| PB 0x0000000714600000| Untracked |  0
|  144|0x0000000714800000, 0x0000000714800000, 0x0000000714a00000|  0%| F|  |TAMS 0x0000000714800000| PB 0x0000000714800000| Untracked |  0
|  145|0x0000000714a00000, 0x0000000714a00000, 0x0000000714c00000|  0%| F|  |TAMS 0x0000000714a00000| PB 0x0000000714a00000| Untracked |  0
|  146|0x0000000714c00000, 0x0000000714c00000, 0x0000000714e00000|  0%| F|  |TAMS 0x0000000714c00000| PB 0x0000000714c00000| Untracked |  0
|  147|0x0000000714e00000, 0x0000000714e00000, 0x0000000715000000|  0%| F|  |TAMS 0x0000000714e00000| PB 0x0000000714e00000| Untracked |  0
|  148|0x0000000715000000, 0x0000000715000000, 0x0000000715200000|  0%| F|  |TAMS 0x0000000715000000| PB 0x0000000715000000| Untracked |  0
|  149|0x0000000715200000, 0x0000000715200000, 0x0000000715400000|  0%| F|  |TAMS 0x0000000715200000| PB 0x0000000715200000| Untracked |  0
|  150|0x0000000715400000, 0x0000000715400000, 0x0000000715600000|  0%| F|  |TAMS 0x0000000715400000| PB 0x0000000715400000| Untracked |  0
|  151|0x0000000715600000, 0x0000000715600000, 0x0000000715800000|  0%| F|  |TAMS 0x0000000715600000| PB 0x0000000715600000| Untracked |  0
|  152|0x0000000715800000, 0x0000000715800000, 0x0000000715a00000|  0%| F|  |TAMS 0x0000000715800000| PB 0x0000000715800000| Untracked |  0
|  153|0x0000000715a00000, 0x0000000715a00000, 0x0000000715c00000|  0%| F|  |TAMS 0x0000000715a00000| PB 0x0000000715a00000| Untracked |  0
|  154|0x0000000715c00000, 0x0000000715c00000, 0x0000000715e00000|  0%| F|  |TAMS 0x0000000715c00000| PB 0x0000000715c00000| Untracked |  0
|  155|0x0000000715e00000, 0x0000000715e00000, 0x0000000716000000|  0%| F|  |TAMS 0x0000000715e00000| PB 0x0000000715e00000| Untracked |  0
|  156|0x0000000716000000, 0x0000000716000000, 0x0000000716200000|  0%| F|  |TAMS 0x0000000716000000| PB 0x0000000716000000| Untracked |  0
|  157|0x0000000716200000, 0x0000000716200000, 0x0000000716400000|  0%| F|  |TAMS 0x0000000716200000| PB 0x0000000716200000| Untracked |  0
|  158|0x0000000716400000, 0x0000000716400000, 0x0000000716600000|  0%| F|  |TAMS 0x0000000716400000| PB 0x0000000716400000| Untracked |  0
|  159|0x0000000716600000, 0x0000000716600000, 0x0000000716800000|  0%| F|  |TAMS 0x0000000716600000| PB 0x0000000716600000| Untracked |  0
|  160|0x0000000716800000, 0x0000000716800000, 0x0000000716a00000|  0%| F|  |TAMS 0x0000000716800000| PB 0x0000000716800000| Untracked |  0
|  161|0x0000000716a00000, 0x0000000716a00000, 0x0000000716c00000|  0%| F|  |TAMS 0x0000000716a00000| PB 0x0000000716a00000| Untracked |  0
|  162|0x0000000716c00000, 0x0000000716c00000, 0x0000000716e00000|  0%| F|  |TAMS 0x0000000716c00000| PB 0x0000000716c00000| Untracked |  0
|  163|0x0000000716e00000, 0x0000000716e00000, 0x0000000717000000|  0%| F|  |TAMS 0x0000000716e00000| PB 0x0000000716e00000| Untracked |  0
|  164|0x0000000717000000, 0x0000000717000000, 0x0000000717200000|  0%| F|  |TAMS 0x0000000717000000| PB 0x0000000717000000| Untracked |  0
|  165|0x0000000717200000, 0x0000000717200000, 0x0000000717400000|  0%| F|  |TAMS 0x0000000717200000| PB 0x0000000717200000| Untracked |  0
|  166|0x0000000717400000, 0x0000000717400000, 0x0000000717600000|  0%| F|  |TAMS 0x0000000717400000| PB 0x0000000717400000| Untracked |  0
|  167|0x0000000717600000, 0x0000000717600000, 0x0000000717800000|  0%| F|  |TAMS 0x0000000717600000| PB 0x0000000717600000| Untracked |  0
|  168|0x0000000717800000, 0x0000000717800000, 0x0000000717a00000|  0%| F|  |TAMS 0x0000000717800000| PB 0x0000000717800000| Untracked |  0
|  169|0x0000000717a00000, 0x0000000717a00000, 0x0000000717c00000|  0%| F|  |TAMS 0x0000000717a00000| PB 0x0000000717a00000| Untracked |  0
|  170|0x0000000717c00000, 0x0000000717c00000, 0x0000000717e00000|  0%| F|  |TAMS 0x0000000717c00000| PB 0x0000000717c00000| Untracked |  0
|  171|0x0000000717e00000, 0x0000000717e00000, 0x0000000718000000|  0%| F|  |TAMS 0x0000000717e00000| PB 0x0000000717e00000| Untracked |  0
|  172|0x0000000718000000, 0x0000000718000000, 0x0000000718200000|  0%| F|  |TAMS 0x0000000718000000| PB 0x0000000718000000| Untracked |  0
|  173|0x0000000718200000, 0x0000000718200000, 0x0000000718400000|  0%| F|  |TAMS 0x0000000718200000| PB 0x0000000718200000| Untracked |  0
|  174|0x0000000718400000, 0x0000000718400000, 0x0000000718600000|  0%| F|  |TAMS 0x0000000718400000| PB 0x0000000718400000| Untracked |  0
|  175|0x0000000718600000, 0x0000000718600000, 0x0000000718800000|  0%| F|  |TAMS 0x0000000718600000| PB 0x0000000718600000| Untracked |  0
|  176|0x0000000718800000, 0x0000000718800000, 0x0000000718a00000|  0%| F|  |TAMS 0x0000000718800000| PB 0x0000000718800000| Untracked |  0
|  177|0x0000000718a00000, 0x0000000718a00000, 0x0000000718c00000|  0%| F|  |TAMS 0x0000000718a00000| PB 0x0000000718a00000| Untracked |  0
|  178|0x0000000718c00000, 0x0000000718c00000, 0x0000000718e00000|  0%| F|  |TAMS 0x0000000718c00000| PB 0x0000000718c00000| Untracked |  0
|  179|0x0000000718e00000, 0x0000000718e00000, 0x0000000719000000|  0%| F|  |TAMS 0x0000000718e00000| PB 0x0000000718e00000| Untracked |  0
|  180|0x0000000719000000, 0x0000000719000000, 0x0000000719200000|  0%| F|  |TAMS 0x0000000719000000| PB 0x0000000719000000| Untracked |  0
|  181|0x0000000719200000, 0x0000000719200000, 0x0000000719400000|  0%| F|  |TAMS 0x0000000719200000| PB 0x0000000719200000| Untracked |  0
|  182|0x0000000719400000, 0x0000000719400000, 0x0000000719600000|  0%| F|  |TAMS 0x0000000719400000| PB 0x0000000719400000| Untracked |  0
|  183|0x0000000719600000, 0x0000000719600000, 0x0000000719800000|  0%| F|  |TAMS 0x0000000719600000| PB 0x0000000719600000| Untracked |  0
|  184|0x0000000719800000, 0x0000000719800000, 0x0000000719a00000|  0%| F|  |TAMS 0x0000000719800000| PB 0x0000000719800000| Untracked |  0
|  185|0x0000000719a00000, 0x0000000719a00000, 0x0000000719c00000|  0%| F|  |TAMS 0x0000000719a00000| PB 0x0000000719a00000| Untracked |  0
| 2025|0x00000007ffa00000, 0x00000007ffc00000, 0x00000007ffc00000|100%| O|  |TAMS 0x00000007ffa00000| PB 0x00000007ffa00000| Untracked |  0
| 2026|0x00000007ffc00000, 0x00000007ffc00000, 0x00000007ffe00000|  0%| F|  |TAMS 0x00000007ffc00000| PB 0x00000007ffc00000| Untracked |  0
| 2027|0x00000007ffe00000, 0x0000000800000000, 0x0000000800000000|100%| E|CS|TAMS 0x00000007ffe00000| PB 0x00000007ffe00000| Complete  |  1

Card table byte_map: [0x0000023a00fe0000,0x0000023a017d0000] _byte_map_base: 0x00000239fd7cc000
Refinement table byte_map: [0x0000023a007f0000,0x0000023a00fe0000] _byte_map_base: 0x00000239fcfdc000

Marking Bits: (CMBitMap*) 0x0000023a67a4d5d0
 Bits: [0x0000023a017d0000, 0x0000023a05730000)

Polling page: 0x0000023a671d0000

Metaspace:
Metaspace        used 35323K, committed 35776K, reserved 1114112K
 class space     used 3989K, committed 4160K, reserved 1048576K

Usage:
  Non-class:     30.60 MB used.
      Class:      3.90 MB used.
       Both:     34.50 MB used.

Virtual space:
  Non-class space:       64.00 MB reserved,      30.88 MB ( 48%) committed,  1 nodes.
      Class space:        1.00 GB reserved,       4.06 MB ( <1%) committed,  1 nodes.
             Both:        1.06 GB reserved,      34.94 MB (  3%) committed. 

Chunk freelists:
   Non-Class:  1008.00 KB
       Class:  11.94 MB
        Both:  12.93 MB

MaxMetaspaceSize: unlimited
CompressedClassSpaceSize: 1.00 GB
Initial GC threshold: 21.00 MB
Current GC threshold: 35.75 MB
CDS: on
 - commit_granule_bytes: 65536.
 - commit_granule_words: 8192.
 - virtual_space_node_default_size: 8388608.
 - enlarge_chunks_in_place: 1.
UseCompressedClassPointers 1, UseCompactObjectHeaders 0
Narrow klass pointer bits 32, Max shift 3
Narrow klass base: 0x0000000088000000, Narrow klass shift: 0
Encoding Range: [0x0000000088000000 - 0x0000000188000000), (4294967296 bytes)
Klass Range:    [0x0000000088000000 - 0x00000000c9000000), (1090519040 bytes)
Klass ID Range:  [8 - 1090519033) (1090519025)
Protection zone: [0x0000000088000000 - 0x0000000088010000), (65536 bytes)


Internal statistics:

num_allocs_failed_limit: 6.
num_arena_births: 344.
num_arena_deaths: 0.
num_vsnodes_births: 2.
num_vsnodes_deaths: 0.
num_space_committed: 559.
num_space_uncommitted: 0.
num_chunks_returned_to_freelist: 6.
num_chunks_taken_from_freelist: 1684.
num_chunk_merges: 3.
num_chunk_splits: 1150.
num_chunks_enlarged: 907.
num_inconsistent_stats: 0.

CodeHeap 'non-profiled nmethods': size=120064Kb used=6815Kb max_used=6815Kb free=113248Kb
 bounds [0x0000023a78180000, 0x0000023a78830000, 0x0000023a7f6c0000]
CodeHeap 'profiled nmethods': size=120064Kb used=22634Kb max_used=22634Kb free=97429Kb
 bounds [0x0000023a706a0000, 0x0000023a71cc0000, 0x0000023a77be0000]
CodeHeap 'non-nmethods': size=5760Kb used=1484Kb max_used=1559Kb free=4275Kb
 bounds [0x0000023a77be0000, 0x0000023a77e50000, 0x0000023a78180000]
CodeCache: size=245888Kb, used=30933Kb, max_used=31008Kb, free=214952Kb
 total_blobs=13253, nmethods=12657, adapters=498, full_count=0
Compilation: enabled, stopped_count=0, restarted_count=0

Compilation events (20 events):
Event: 45.678 Thread 0x0000023a07bb69a0 nmethod 12721 0x0000023a78825508 code [0x0000023a78825600, 0x0000023a788265d8]
Event: 46.417 Thread 0x0000023a07be5ef0 12728  s!   3       com.sun.tools.javac.file.JavacFileManager::getContainer (211 bytes)
Event: 46.422 Thread 0x0000023a07be5ef0 nmethod 12728 0x0000023a71caee08 code [0x0000023a71caef00, 0x0000023a71cb0718]
Event: 46.572 Thread 0x0000023a07bb69a0 12729   !   4       sun.nio.ch.FileChannelImpl::readInternal (278 bytes)
Event: 46.619 Thread 0x0000023a07bb69a0 nmethod 12729 0x0000023a78826608 code [0x0000023a78826700, 0x0000023a78827208]
Event: 46.620 Thread 0x0000023a07bb69a0 12731       4       com.sun.tools.javac.file.PathFileObject::forDirectoryPath (12 bytes)
Event: 46.631 Thread 0x0000023a07bb69a0 nmethod 12731 0x0000023a78827288 code [0x0000023a78827380, 0x0000023a78827838]
Event: 46.631 Thread 0x0000023a07bb69a0 12730       4       com.sun.tools.javac.tree.JCTree$Visitor::visitMethodDef (6 bytes)
Event: 46.633 Thread 0x0000023a07bb69a0 nmethod 12730 0x0000023a78827888 code [0x0000023a78827980, 0x0000023a78827a88]
Event: 46.667 Thread 0x0000023a07bb69a0 12732       4       com.sun.tools.javac.code.Symbol$TypeSymbol::formFlatName (92 bytes)
Event: 46.680 Thread 0x0000023a07bb69a0 nmethod 12732 0x0000023a78827b88 code [0x0000023a78827c80, 0x0000023a78827e88]
Event: 46.692 Thread 0x0000023a07bb69a0 12733       4       com.sun.tools.javac.code.ClassFinder::includeClassFile (307 bytes)
Event: 46.857 Thread 0x0000023a07be5ef0 12740       3       com.sun.tools.javac.code.Types::isSubtype (183 bytes)
Event: 46.863 Thread 0x0000023a07be5ef0 nmethod 12740 0x0000023a71cb0788 code [0x0000023a71cb0880, 0x0000023a71cb3d38]
Event: 46.863 Thread 0x0000023a07be5ef0 12741       3       com.sun.tools.javac.code.Types::intersect (326 bytes)
Event: 46.869 Thread 0x0000023a07be5ef0 nmethod 12741 0x0000023a71cb3d88 code [0x0000023a71cb3e80, 0x0000023a71cb7398]
Event: 46.870 Thread 0x0000023a07be5ef0 12742       3       com.sun.tools.javac.code.Types$Subst::visitClassType (10 bytes)
Event: 46.871 Thread 0x0000023a07be5ef0 nmethod 12742 0x0000023a71cb7408 code [0x0000023a71cb7500, 0x0000023a71cb7708]
Event: 46.881 Thread 0x0000023a07be5ef0 12744       3       com.sun.tools.javac.comp.Infer$IncorporationBinaryOpKey::equals (65 bytes)
Event: 46.883 Thread 0x0000023a07be5ef0 nmethod 12744 0x0000023a71cb7788 code [0x0000023a71cb7880, 0x0000023a71cb8370]

GC Heap Usage History (20 events):
Event: 4.077 {heap After GC invocations=12 (full 0):
 garbage-first heap   total reserved 4153344K, committed 129024K, used 19848K [0x0000000702800000, 0x0000000800000000)
  region size 2M, 0 eden (0M), 4 survivor (8M), 6 old (12M), 0 humongous (0M), 53 free (106M)
}
Event: 5.013 {heap Before GC invocations=12 (full 0):
 garbage-first heap   total reserved 4153344K, committed 129024K, used 48520K [0x0000000702800000, 0x0000000800000000)
  region size 2M, 13 eden (26M), 4 survivor (8M), 6 old (12M), 2 humongous (4M), 38 free (76M)
}
Event: 5.041 {heap After GC invocations=13 (full 0):
 garbage-first heap   total reserved 4153344K, committed 129024K, used 29163K [0x0000000702800000, 0x0000000800000000)
  region size 2M, 0 eden (0M), 5 survivor (10M), 8 old (16M), 2 humongous (4M), 48 free (96M)
}
Event: 7.586 {heap Before GC invocations=14 (full 0):
 garbage-first heap   total reserved 4153344K, committed 129024K, used 94699K [0x0000000702800000, 0x0000000800000000)
  region size 2M, 32 eden (64M), 5 survivor (10M), 8 old (16M), 2 humongous (4M), 16 free (32M)
}
Event: 7.641 {heap After GC invocations=15 (full 0):
 garbage-first heap   total reserved 4153344K, committed 129024K, used 46526K [0x0000000702800000, 0x0000000800000000)
  region size 2M, 0 eden (0M), 5 survivor (10M), 17 old (34M), 1 humongous (2M), 40 free (80M)
}
Event: 9.698 {heap Before GC invocations=15 (full 0):
 garbage-first heap   total reserved 4153344K, committed 129024K, used 101822K [0x0000000702800000, 0x0000000800000000)
  region size 2M, 27 eden (54M), 5 survivor (10M), 17 old (34M), 1 humongous (2M), 13 free (26M)
}
Event: 9.738 {heap After GC invocations=16 (full 0):
 garbage-first heap   total reserved 4153344K, committed 129024K, used 52123K [0x0000000702800000, 0x0000000800000000)
  region size 2M, 0 eden (0M), 4 survivor (8M), 21 old (42M), 1 humongous (2M), 37 free (74M)
}
Event: 12.381 {heap Before GC invocations=16 (full 0):
 garbage-first heap   total reserved 4153344K, committed 129024K, used 103323K [0x0000000702800000, 0x0000000800000000)
  region size 2M, 25 eden (50M), 4 survivor (8M), 21 old (42M), 1 humongous (2M), 12 free (24M)
}
Event: 12.422 {heap After GC invocations=17 (full 0):
 garbage-first heap   total reserved 4153344K, committed 387072K, used 57658K [0x0000000702800000, 0x0000000800000000)
  region size 2M, 0 eden (0M), 3 survivor (6M), 25 old (50M), 1 humongous (2M), 160 free (320M)
}
Event: 18.339 {heap Before GC invocations=17 (full 0):
 garbage-first heap   total reserved 4153344K, committed 387072K, used 287034K [0x0000000702800000, 0x0000000800000000)
  region size 2M, 110 eden (220M), 3 survivor (6M), 25 old (50M), 4 humongous (8M), 47 free (94M)
}
Event: 18.376 {heap After GC invocations=18 (full 0):
 garbage-first heap   total reserved 4153344K, committed 387072K, used 90567K [0x0000000702800000, 0x0000000800000000)
  region size 2M, 0 eden (0M), 15 survivor (30M), 26 old (52M), 4 humongous (8M), 144 free (288M)
}
Event: 22.811 {heap Before GC invocations=18 (full 0):
 garbage-first heap   total reserved 4153344K, committed 387072K, used 297415K [0x0000000702800000, 0x0000000800000000)
  region size 2M, 98 eden (196M), 15 survivor (30M), 26 old (52M), 7 humongous (14M), 43 free (86M)
}
Event: 22.843 {heap After GC invocations=19 (full 0):
 garbage-first heap   total reserved 4153344K, committed 387072K, used 100693K [0x0000000702800000, 0x0000000800000000)
  region size 2M, 0 eden (0M), 14 survivor (28M), 31 old (62M), 5 humongous (10M), 139 free (278M)
}
Event: 27.809 {heap Before GC invocations=19 (full 0):
 garbage-first heap   total reserved 4153344K, committed 387072K, used 307541K [0x0000000702800000, 0x0000000800000000)
  region size 2M, 99 eden (198M), 14 survivor (28M), 31 old (62M), 7 humongous (14M), 38 free (76M)
}
Event: 27.850 {heap After GC invocations=20 (full 0):
 garbage-first heap   total reserved 4153344K, committed 387072K, used 108067K [0x0000000702800000, 0x0000000800000000)
  region size 2M, 0 eden (0M), 15 survivor (30M), 33 old (66M), 5 humongous (10M), 136 free (272M)
}
Event: 34.189 {heap Before GC invocations=20 (full 0):
 garbage-first heap   total reserved 4153344K, committed 387072K, used 310819K [0x0000000702800000, 0x0000000800000000)
  region size 2M, 98 eden (196M), 15 survivor (30M), 33 old (66M), 6 humongous (12M), 37 free (74M)
}
Event: 34.212 {heap After GC invocations=21 (full 0):
 garbage-first heap   total reserved 4153344K, committed 387072K, used 104094K [0x0000000702800000, 0x0000000800000000)
  region size 2M, 0 eden (0M), 12 survivor (24M), 35 old (70M), 5 humongous (10M), 137 free (274M)
}
Event: 40.021 {heap Before GC invocations=21 (full 0):
 garbage-first heap   total reserved 4153344K, committed 387072K, used 315038K [0x0000000702800000, 0x0000000800000000)
  region size 2M, 101 eden (202M), 12 survivor (24M), 35 old (70M), 7 humongous (14M), 34 free (68M)
}
Event: 40.039 {heap After GC invocations=22 (full 0):
 garbage-first heap   total reserved 4153344K, committed 387072K, used 113037K [0x0000000702800000, 0x0000000800000000)
  region size 2M, 0 eden (0M), 12 survivor (24M), 37 old (74M), 7 humongous (14M), 133 free (266M)
}
Event: 46.933 {heap Before GC invocations=22 (full 0):
 garbage-first heap   total reserved 4153344K, committed 387072K, used 317837K [0x0000000702800000, 0x0000000800000000)
  region size 2M, 97 eden (194M), 12 survivor (24M), 37 old (74M), 10 humongous (20M), 33 free (66M)
}

Metaspace Usage History (20 events):
Event: 4.077 {metaspace After GC invocations=12 (full 0):
 Metaspace       used 16951K, committed 17152K, reserved 1114112K
  class space    used 2040K, committed 2112K, reserved 1048576K
}
Event: 5.013 {metaspace Before GC invocations=12 (full 0):
 Metaspace       used 21283K, committed 21504K, reserved 1114112K
  class space    used 2597K, committed 2688K, reserved 1048576K
}
Event: 5.041 {metaspace After GC invocations=13 (full 0):
 Metaspace       used 21283K, committed 21504K, reserved 1114112K
  class space    used 2597K, committed 2688K, reserved 1048576K
}
Event: 7.586 {metaspace Before GC invocations=14 (full 0):
 Metaspace       used 26313K, committed 26688K, reserved 1114112K
  class space    used 3148K, committed 3328K, reserved 1048576K
}
Event: 7.641 {metaspace After GC invocations=15 (full 0):
 Metaspace       used 26313K, committed 26688K, reserved 1114112K
  class space    used 3148K, committed 3328K, reserved 1048576K
}
Event: 9.698 {metaspace Before GC invocations=15 (full 0):
 Metaspace       used 28210K, committed 28608K, reserved 1114112K
  class space    used 3346K, committed 3520K, reserved 1048576K
}
Event: 9.738 {metaspace After GC invocations=16 (full 0):
 Metaspace       used 28210K, committed 28608K, reserved 1114112K
  class space    used 3346K, committed 3520K, reserved 1048576K
}
Event: 12.381 {metaspace Before GC invocations=16 (full 0):
 Metaspace       used 29171K, committed 29568K, reserved 1114112K
  class space    used 3434K, committed 3584K, reserved 1048576K
}
Event: 12.422 {metaspace After GC invocations=17 (full 0):
 Metaspace       used 29171K, committed 29568K, reserved 1114112K
  class space    used 3434K, committed 3584K, reserved 1048576K
}
Event: 18.339 {metaspace Before GC invocations=17 (full 0):
 Metaspace       used 33890K, committed 34368K, reserved 1114112K
  class space    used 3971K, committed 4160K, reserved 1048576K
}
Event: 18.376 {metaspace After GC invocations=18 (full 0):
 Metaspace       used 33890K, committed 34368K, reserved 1114112K
  class space    used 3971K, committed 4160K, reserved 1048576K
}
Event: 22.811 {metaspace Before GC invocations=18 (full 0):
 Metaspace       used 34219K, committed 34624K, reserved 1114112K
  class space    used 3972K, committed 4160K, reserved 1048576K
}
Event: 22.843 {metaspace After GC invocations=19 (full 0):
 Metaspace       used 34219K, committed 34624K, reserved 1114112K
  class space    used 3972K, committed 4160K, reserved 1048576K
}
Event: 27.809 {metaspace Before GC invocations=19 (full 0):
 Metaspace       used 34705K, committed 35200K, reserved 1114112K
  class space    used 3981K, committed 4160K, reserved 1048576K
}
Event: 27.850 {metaspace After GC invocations=20 (full 0):
 Metaspace       used 34705K, committed 35200K, reserved 1114112K
  class space    used 3981K, committed 4160K, reserved 1048576K
}
Event: 34.189 {metaspace Before GC invocations=20 (full 0):
 Metaspace       used 34993K, committed 35456K, reserved 1114112K
  class space    used 3981K, committed 4160K, reserved 1048576K
}
Event: 34.212 {metaspace After GC invocations=21 (full 0):
 Metaspace       used 34993K, committed 35456K, reserved 1114112K
  class space    used 3981K, committed 4160K, reserved 1048576K
}
Event: 40.021 {metaspace Before GC invocations=21 (full 0):
 Metaspace       used 35210K, committed 35648K, reserved 1114112K
  class space    used 3988K, committed 4160K, reserved 1048576K
}
Event: 40.039 {metaspace After GC invocations=22 (full 0):
 Metaspace       used 35210K, committed 35648K, reserved 1114112K
  class space    used 3988K, committed 4160K, reserved 1048576K
}
Event: 46.933 {metaspace Before GC invocations=22 (full 0):
 Metaspace       used 35319K, committed 35776K, reserved 1114112K
  class space    used 3989K, committed 4160K, reserved 1048576K
}

Dll operation events (14 events):
Event: 0.011 Attempting to load shared library C:\Program Files\Java\jdk-26.0.1\bin\java.dll
Event: 0.013 Loaded shared library C:\Program Files\Java\jdk-26.0.1\bin\java.dll
Event: 0.069 Attempting to load shared library C:\Program Files\Java\jdk-26.0.1\bin\net.dll
Event: 0.069 Loaded shared library C:\Program Files\Java\jdk-26.0.1\bin\net.dll
Event: 0.071 Attempting to load shared library C:\Program Files\Java\jdk-26.0.1\bin\nio.dll
Event: 0.071 Loaded shared library C:\Program Files\Java\jdk-26.0.1\bin\nio.dll
Event: 0.076 Attempting to load shared library C:\Program Files\Java\jdk-26.0.1\bin\zip.dll
Event: 0.076 Loaded shared library C:\Program Files\Java\jdk-26.0.1\bin\zip.dll
Event: 0.229 Attempting to load shared library C:\Program Files\NetBeans-30\netbeans\java\maven\lib\jansi-native\Windows\x86_64\jansi.dll
Event: 0.229 Attempting to load shared library C:\Program Files\Java\jdk-26.0.1\bin\jimage.dll
Event: 0.229 Loaded shared library C:\Program Files\Java\jdk-26.0.1\bin\jimage.dll
Event: 0.230 Loaded shared library C:\Program Files\NetBeans-30\netbeans\java\maven\lib\jansi-native\Windows\x86_64\jansi.dll
Event: 0.244 Attempting to load shared library C:\Program Files\Java\jdk-26.0.1\bin\verify.dll
Event: 0.245 Loaded shared library C:\Program Files\Java\jdk-26.0.1\bin\verify.dll

Deoptimization events (20 events):
Event: 40.299 Thread 0x0000023a657b32c0 DEOPT PACKING pc=0x0000023a787bd080 sp=0x00000057fc0fb360
Event: 40.299 Thread 0x0000023a657b32c0 DEOPT UNPACKING pc=0x0000023a77d02e02 sp=0x00000057fc0fb2b0 mode 2
Event: 40.362 Thread 0x0000023a657b32c0 Uncommon trap: trap_request=0xffffff45 fr.pc=0x0000023a786b56a0 relative=0x0000000000001020
Event: 40.362 Thread 0x0000023a657b32c0 Uncommon trap: reason=unstable_if action=reinterpret pc=0x0000023a786b56a0 method=com.sun.tools.javac.code.Types.isAssignable(Lcom/sun/tools/javac/code/Type;Lcom/sun/tools/javac/code/Type;Lcom/sun/tools/javac/util/Warner;)Z @ 117 c2
Event: 40.362 Thread 0x0000023a657b32c0 DEOPT PACKING pc=0x0000023a786b56a0 sp=0x00000057fc0fc640
Event: 40.362 Thread 0x0000023a657b32c0 DEOPT UNPACKING pc=0x0000023a77d02e02 sp=0x00000057fc0fc5f8 mode 2
Event: 40.377 Thread 0x0000023a657b32c0 DEOPT PACKING pc=0x0000023a714b132d sp=0x00000057fc0fcd90
Event: 40.377 Thread 0x0000023a657b32c0 DEOPT UNPACKING pc=0x0000023a77c31a02 sp=0x00000057fc0fc268 mode 0
Event: 42.576 Thread 0x0000023a657b32c0 DEOPT PACKING pc=0x0000023a7142f125 sp=0x00000057fc0fd5d0
Event: 42.576 Thread 0x0000023a657b32c0 DEOPT UNPACKING pc=0x0000023a77c31a02 sp=0x00000057fc0fcab0 mode 0
Event: 44.663 Thread 0x0000023a657b32c0 DEOPT PACKING pc=0x0000023a70cd032a sp=0x00000057fc0fd9a0
Event: 44.663 Thread 0x0000023a657b32c0 DEOPT UNPACKING pc=0x0000023a77c31a02 sp=0x00000057fc0fce48 mode 0
Event: 46.847 Thread 0x0000023a657b32c0 Uncommon trap: trap_request=0xffffff45 fr.pc=0x0000023a784b7538 relative=0x00000000000007b8
Event: 46.847 Thread 0x0000023a657b32c0 Uncommon trap: reason=unstable_if action=reinterpret pc=0x0000023a784b7538 method=com.sun.tools.javac.code.Types$Subst.visitClassType(Lcom/sun/tools/javac/code/Type$ClassType;Ljava/lang/Void;)Lcom/sun/tools/javac/code/Type; @ 4 c2
Event: 46.848 Thread 0x0000023a657b32c0 DEOPT PACKING pc=0x0000023a784b7538 sp=0x00000057fc0fbc80
Event: 46.848 Thread 0x0000023a657b32c0 DEOPT UNPACKING pc=0x0000023a77d02e02 sp=0x00000057fc0fbbe8 mode 2
Event: 46.856 Thread 0x0000023a657b32c0 Uncommon trap: trap_request=0xffffff45 fr.pc=0x0000023a784fede4 relative=0x00000000000016e4
Event: 46.856 Thread 0x0000023a657b32c0 Uncommon trap: reason=unstable_if action=reinterpret pc=0x0000023a784fede4 method=com.sun.tools.javac.code.Types.isSubtype(Lcom/sun/tools/javac/code/Type;Lcom/sun/tools/javac/code/Type;Z)Z @ 103 c2
Event: 46.856 Thread 0x0000023a657b32c0 DEOPT PACKING pc=0x0000023a784fede4 sp=0x00000057fc0faf00
Event: 46.856 Thread 0x0000023a657b32c0 DEOPT UNPACKING pc=0x0000023a77d02e02 sp=0x00000057fc0faf10 mode 2

Classes loaded (20 events):
Event: 14.468 Loading class java/util/concurrent/locks/AbstractQueuedSynchronizer$ExclusiveNode
Event: 14.468 Loading class java/util/concurrent/locks/AbstractQueuedSynchronizer$Node
Event: 14.468 Loading class java/util/concurrent/locks/AbstractQueuedSynchronizer$Node done
Event: 14.468 Loading class java/util/concurrent/locks/AbstractQueuedSynchronizer$ExclusiveNode done
Event: 14.492 Loading class java/util/concurrent/ConcurrentLinkedQueue$Itr
Event: 14.493 Loading class java/util/concurrent/ConcurrentLinkedQueue$Itr done
Event: 14.516 Loading class java/util/concurrent/locks/AbstractQueuedSynchronizer$ConditionNode
Event: 14.516 Loading class java/util/concurrent/locks/AbstractQueuedSynchronizer$ConditionNode done
Event: 14.530 Loading class java/util/function/IntUnaryOperator
Event: 14.530 Loading class java/util/function/IntUnaryOperator done
Event: 14.555 Loading class java/util/concurrent/ConcurrentLinkedDeque$Itr
Event: 14.555 Loading class java/util/concurrent/ConcurrentLinkedDeque$AbstractItr
Event: 14.555 Loading class java/util/concurrent/ConcurrentLinkedDeque$AbstractItr done
Event: 14.555 Loading class java/util/concurrent/ConcurrentLinkedDeque$Itr done
Event: 14.569 Loading class java/nio/BufferMismatch
Event: 14.569 Loading class java/nio/BufferMismatch done
Event: 25.983 Loading class java/nio/file/attribute/PosixFilePermission
Event: 25.983 Loading class java/nio/file/attribute/PosixFilePermission done
Event: 25.985 Loading class sun/nio/ch/SocketOutputStream
Event: 25.985 Loading class sun/nio/ch/SocketOutputStream done

Classes unloaded (0 events):
No events

Classes redefined (0 events):
No events

Internal exceptions (20 events):
Event: 46.679 Thread 0x0000023a657b32c0 Exception <a 'sun/nio/fs/WindowsException'{0x000000070e4a8db0}> (0x000000070e4a8db0) 
thrown [s\open\src\hotspot\share\prims\jni.cpp, line 514]
Event: 46.680 Thread 0x0000023a657b32c0 Exception <a 'sun/nio/fs/WindowsException'{0x000000070e4c0a20}> (0x000000070e4c0a20) 
thrown [s\open\src\hotspot\share\prims\jni.cpp, line 514]
Event: 46.681 Thread 0x0000023a657b32c0 Exception <a 'sun/nio/fs/WindowsException'{0x000000070e4c8040}> (0x000000070e4c8040) 
thrown [s\open\src\hotspot\share\prims\jni.cpp, line 514]
Event: 46.681 Thread 0x0000023a657b32c0 Exception <a 'sun/nio/fs/WindowsException'{0x000000070e4d0880}> (0x000000070e4d0880) 
thrown [s\open\src\hotspot\share\prims\jni.cpp, line 514]
Event: 46.682 Thread 0x0000023a657b32c0 Exception <a 'sun/nio/fs/WindowsException'{0x000000070e4d1610}> (0x000000070e4d1610) 
thrown [s\open\src\hotspot\share\prims\jni.cpp, line 514]
Event: 46.682 Thread 0x0000023a657b32c0 Exception <a 'sun/nio/fs/WindowsException'{0x000000070e4d3050}> (0x000000070e4d3050) 
thrown [s\open\src\hotspot\share\prims\jni.cpp, line 514]
Event: 46.683 Thread 0x0000023a657b32c0 Exception <a 'sun/nio/fs/WindowsException'{0x000000070e4d9858}> (0x000000070e4d9858) 
thrown [s\open\src\hotspot\share\prims\jni.cpp, line 514]
Event: 46.683 Thread 0x0000023a657b32c0 Exception <a 'sun/nio/fs/WindowsException'{0x000000070e4e8bb8}> (0x000000070e4e8bb8) 
thrown [s\open\src\hotspot\share\prims\jni.cpp, line 514]
Event: 46.688 Thread 0x0000023a657b32c0 Exception <a 'sun/nio/fs/WindowsException'{0x000000070e529ad0}> (0x000000070e529ad0) 
thrown [s\open\src\hotspot\share\prims\jni.cpp, line 514]
Event: 46.689 Thread 0x0000023a657b32c0 Exception <a 'sun/nio/fs/WindowsException'{0x000000070e52aad0}> (0x000000070e52aad0) 
thrown [s\open\src\hotspot\share\prims\jni.cpp, line 514]
Event: 46.689 Thread 0x0000023a657b32c0 Exception <a 'sun/nio/fs/WindowsException'{0x000000070e52b868}> (0x000000070e52b868) 
thrown [s\open\src\hotspot\share\prims\jni.cpp, line 514]
Event: 46.690 Thread 0x0000023a657b32c0 Exception <a 'sun/nio/fs/WindowsException'{0x000000070e52d3b8}> (0x000000070e52d3b8) 
thrown [s\open\src\hotspot\share\prims\jni.cpp, line 514]
Event: 46.690 Thread 0x0000023a657b32c0 Exception <a 'sun/nio/fs/WindowsException'{0x000000070e52e408}> (0x000000070e52e408) 
thrown [s\open\src\hotspot\share\prims\jni.cpp, line 514]
Event: 46.690 Thread 0x0000023a657b32c0 Exception <a 'sun/nio/fs/WindowsException'{0x000000070e52f218}> (0x000000070e52f218) 
thrown [s\open\src\hotspot\share\prims\jni.cpp, line 514]
Event: 46.691 Thread 0x0000023a657b32c0 Exception <a 'sun/nio/fs/WindowsException'{0x000000070e530ec0}> (0x000000070e530ec0) 
thrown [s\open\src\hotspot\share\prims\jni.cpp, line 514]
Event: 46.691 Thread 0x0000023a657b32c0 Exception <a 'sun/nio/fs/WindowsException'{0x000000070e553b78}> (0x000000070e553b78) 
thrown [s\open\src\hotspot\share\prims\jni.cpp, line 514]
Event: 46.694 Thread 0x0000023a657b32c0 Exception <a 'sun/nio/fs/WindowsException'{0x000000070e5b4478}> (0x000000070e5b4478) 
thrown [s\open\src\hotspot\share\prims\jni.cpp, line 514]
Event: 46.818 Thread 0x0000023a657b32c0 Exception <a 'sun/nio/fs/WindowsException'{0x000000070de8b0c8}> (0x000000070de8b0c8) 
thrown [s\open\src\hotspot\share\prims\jni.cpp, line 514]
Event: 46.820 Thread 0x0000023a657b32c0 Exception <a 'sun/nio/fs/WindowsException'{0x000000070de8c5e8}> (0x000000070de8c5e8) 
thrown [s\open\src\hotspot\share\prims\jni.cpp, line 514]
Event: 46.821 Thread 0x0000023a657b32c0 Exception <a 'sun/nio/fs/WindowsException'{0x000000070de8dd08}> (0x000000070de8dd08) 
thrown [s\open\src\hotspot\share\prims\jni.cpp, line 514]

VM Operations (20 events):
Event: 14.453 Executing non-safepoint VM operation: HandshakeAllThreads (Deoptimize) done
Event: 14.455 Executing non-safepoint VM operation: HandshakeAllThreads (Deoptimize)
Event: 14.455 Executing non-safepoint VM operation: HandshakeAllThreads (Deoptimize) done
Event: 14.545 Executing non-safepoint VM operation: HandshakeAllThreads (Deoptimize)
Event: 14.545 Executing non-safepoint VM operation: HandshakeAllThreads (Deoptimize) done
Event: 14.547 Executing non-safepoint VM operation: HandshakeAllThreads (Deoptimize)
Event: 14.547 Executing non-safepoint VM operation: HandshakeAllThreads (Deoptimize) done
Event: 14.730 Executing non-safepoint VM operation: HandshakeAllThreads (Deoptimize)
Event: 14.730 Executing non-safepoint VM operation: HandshakeAllThreads (Deoptimize) done
Event: 18.339 Executing safepoint VM operation: G1CollectForAllocation (G1 Evacuation Pause)
Event: 18.376 Executing safepoint VM operation: G1CollectForAllocation (G1 Evacuation Pause) done
Event: 22.811 Executing safepoint VM operation: G1CollectForAllocation (G1 Evacuation Pause)
Event: 22.843 Executing safepoint VM operation: G1CollectForAllocation (G1 Evacuation Pause) done
Event: 27.809 Executing safepoint VM operation: G1CollectForAllocation (G1 Evacuation Pause)
Event: 27.850 Executing safepoint VM operation: G1CollectForAllocation (G1 Evacuation Pause) done
Event: 34.189 Executing safepoint VM operation: G1CollectForAllocation (G1 Evacuation Pause)
Event: 34.213 Executing safepoint VM operation: G1CollectForAllocation (G1 Evacuation Pause) done
Event: 40.020 Executing safepoint VM operation: G1CollectForAllocation (G1 Evacuation Pause)
Event: 40.039 Executing safepoint VM operation: G1CollectForAllocation (G1 Evacuation Pause) done
Event: 46.933 Executing safepoint VM operation: G1CollectForAllocation (G1 Evacuation Pause)

Memory protections (0 events):
No events

Nmethod flushes (20 events):
Event: 5.083 Thread 0x0000023a07b91db0 flushing  nmethod 0x0000023a706c1188
Event: 5.083 Thread 0x0000023a07b91db0 flushing  nmethod 0x0000023a706c2f88
Event: 5.083 Thread 0x0000023a07b91db0 flushing  nmethod 0x0000023a706c4208
Event: 5.084 Thread 0x0000023a07b91db0 flushing  nmethod 0x0000023a706f6488
Event: 5.084 Thread 0x0000023a07b91db0 flushing  nmethod 0x0000023a70749c08
Event: 5.084 Thread 0x0000023a07b91db0 flushing  nmethod 0x0000023a706a0008
Event: 5.084 Thread 0x0000023a07b91db0 flushing  nmethod 0x0000023a706a0308
Event: 5.084 Thread 0x0000023a07b91db0 flushing  nmethod 0x0000023a706a0608
Event: 5.084 Thread 0x0000023a07b91db0 flushing  nmethod 0x0000023a706a0f08
Event: 5.084 Thread 0x0000023a07b91db0 flushing  nmethod 0x0000023a706a1208
Event: 5.084 Thread 0x0000023a07b91db0 flushing  nmethod 0x0000023a706a1c08
Event: 5.084 Thread 0x0000023a07b91db0 flushing  nmethod 0x0000023a706a1f08
Event: 5.084 Thread 0x0000023a07b91db0 flushing  nmethod 0x0000023a706b4d08
Event: 5.084 Thread 0x0000023a07b91db0 flushing  nmethod 0x0000023a706b9388
Event: 5.084 Thread 0x0000023a07b91db0 flushing  nmethod 0x0000023a706d8408
Event: 5.084 Thread 0x0000023a07b91db0 flushing  nmethod 0x0000023a706d9a08
Event: 5.084 Thread 0x0000023a07b91db0 flushing  nmethod 0x0000023a706d9d08
Event: 5.084 Thread 0x0000023a07b91db0 flushing  nmethod 0x0000023a706da308
Event: 5.084 Thread 0x0000023a07b91db0 flushing  nmethod 0x0000023a706da908
Event: 5.084 Thread 0x0000023a07b91db0 flushing  nmethod 0x0000023a706dda88

Events (20 events):
Event: 40.701 Thread 0x0000023a10f66f80 Thread exited: 0x0000023a10f66f80
Event: 41.809 Thread 0x0000023a657b32c0 Thread added: 0x0000023a07baf6f0
Event: 41.810 Thread 0x0000023a657b32c0 Thread added: 0x0000023a11402010
Event: 41.810 Thread 0x0000023a657b32c0 Thread added: 0x0000023a114008a0
Event: 41.815 Thread 0x0000023a114008a0 Thread exited: 0x0000023a114008a0
Event: 41.815 Thread 0x0000023a11402010 Thread exited: 0x0000023a11402010
Event: 41.815 Thread 0x0000023a07baf6f0 Thread exited: 0x0000023a07baf6f0
Event: 41.963 Thread 0x0000023a0da77100 Thread exited: 0x0000023a0da77100
Event: 41.973 Thread 0x0000023a07be5ef0 Thread added: 0x0000023a0da77100
Event: 42.094 Thread 0x0000023a0da77100 Thread exited: 0x0000023a0da77100
Event: 42.444 Thread 0x0000023a07be5ef0 Thread added: 0x0000023a0da79140
Event: 43.502 Thread 0x0000023a657b32c0 Thread added: 0x0000023a0f5d9aa0
Event: 43.502 Thread 0x0000023a657b32c0 Thread added: 0x0000023a0f5da270
Event: 43.514 Thread 0x0000023a657b32c0 Thread added: 0x0000023a0f5de8c0
Event: 43.514 Thread 0x0000023a657b32c0 Thread added: 0x0000023a0f5dc1b0
Event: 43.528 Thread 0x0000023a0f5de8c0 Thread exited: 0x0000023a0f5de8c0
Event: 43.529 Thread 0x0000023a0f5dc1b0 Thread exited: 0x0000023a0f5dc1b0
Event: 43.529 Thread 0x0000023a0f5d9aa0 Thread exited: 0x0000023a0f5d9aa0
Event: 43.529 Thread 0x0000023a0f5da270 Thread exited: 0x0000023a0f5da270
Event: 43.908 Thread 0x0000023a0da79140 Thread exited: 0x0000023a0da79140


Dynamic libraries:
0x00007ff7008e0000 - 0x00007ff7008ee000 	C:\Program Files\Java\jdk-26.0.1\bin\java.exe
0x00007ffa12600000 - 0x00007ffa12866000 	C:\WINDOWS\SYSTEM32\ntdll.dll
0x00007ffa11790000 - 0x00007ffa11859000 	C:\WINDOWS\System32\KERNEL32.DLL
0x00007ffa0fb00000 - 0x00007ffa0fefe000 	C:\WINDOWS\System32\KERNELBASE.dll
0x00007ffa0f9a0000 - 0x00007ffa0faec000 	C:\WINDOWS\System32\ucrtbase.dll
0x00007ff9deec0000 - 0x00007ff9deed7000 	C:\Program Files\Java\jdk-26.0.1\bin\jli.dll
0x00007ff9deee0000 - 0x00007ff9deefe000 	C:\Program Files\Java\jdk-26.0.1\bin\VCRUNTIME140.dll
0x00007ffa11580000 - 0x00007ffa11747000 	C:\WINDOWS\System32\USER32.dll
0x00007ff9f4790000 - 0x00007ff9f4a22000 	C:\WINDOWS\WinSxS\amd64_microsoft.windows.common-controls_6595b64144ccf1df_6.0.26100.8875_none_3e0d5d42e32fe9dd\COMCTL32.dll
0x00007ffa0f820000 - 0x00007ffa0f847000 	C:\WINDOWS\System32\win32u.dll
0x00007ffa11a40000 - 0x00007ffa11ae9000 	C:\WINDOWS\System32\msvcrt.dll
0x00007ffa10d10000 - 0x00007ffa10d3b000 	C:\WINDOWS\System32\GDI32.dll
0x00007ffa0ff10000 - 0x00007ffa1003a000 	C:\WINDOWS\System32\gdi32full.dll
0x00007ffa10100000 - 0x00007ffa101a3000 	C:\WINDOWS\System32\msvcp_win.dll
0x00007ffa11750000 - 0x00007ffa11782000 	C:\WINDOWS\System32\IMM32.DLL
0x00007ff9e0970000 - 0x00007ff9e097c000 	C:\Program Files\Java\jdk-26.0.1\bin\vcruntime140_1.dll
0x00007ff9deaa0000 - 0x00007ff9deb2d000 	C:\Program Files\Java\jdk-26.0.1\bin\msvcp140.dll
0x00007ff9ddbd0000 - 0x00007ff9dea9e000 	C:\Program Files\Java\jdk-26.0.1\bin\server\jvm.dll
0x00007ffa11010000 - 0x00007ffa110c7000 	C:\WINDOWS\System32\ADVAPI32.dll
0x00007ffa110d0000 - 0x00007ffa1117a000 	C:\WINDOWS\System32\sechost.dll
0x00007ffa12390000 - 0x00007ffa124a8000 	C:\WINDOWS\System32\RPCRT4.dll
0x00007ffa122f0000 - 0x00007ffa12370000 	C:\WINDOWS\System32\WS2_32.dll
0x00007ffa0f680000 - 0x00007ffa0f6de000 	C:\WINDOWS\SYSTEM32\POWRPROF.dll
0x00007ffa03a60000 - 0x00007ffa03a6b000 	C:\WINDOWS\SYSTEM32\VERSION.dll
0x00007ff9fa830000 - 0x00007ff9fa866000 	C:\WINDOWS\SYSTEM32\WINMM.dll
0x00007ffa0f660000 - 0x00007ffa0f674000 	C:\WINDOWS\SYSTEM32\UMPDC.dll
0x00007ffa0e4c0000 - 0x00007ffa0e4db000 	C:\WINDOWS\SYSTEM32\kernel.appcore.dll
0x00007ff9dd060000 - 0x00007ff9dd06a000 	C:\Program Files\Java\jdk-26.0.1\bin\jimage.dll
0x00007ffa09d80000 - 0x00007ffa09fc2000 	C:\WINDOWS\SYSTEM32\DBGHELP.DLL
0x00007ffa11180000 - 0x00007ffa11503000 	C:\WINDOWS\System32\combase.dll
0x00007ffa10430000 - 0x00007ffa10509000 	C:\WINDOWS\System32\OLEAUT32.dll
0x00007ff9e9980000 - 0x00007ff9e99bb000 	C:\WINDOWS\SYSTEM32\dbgcore.DLL
0x00007ffa0f8e0000 - 0x00007ffa0f98c000 	C:\WINDOWS\System32\bcryptPrimitives.dll
0x00007ff9dcf70000 - 0x00007ff9dcf8f000 	C:\Program Files\Java\jdk-26.0.1\bin\java.dll
0x00007ffa11fb0000 - 0x00007ffa12149000 	C:\WINDOWS\System32\ole32.dll
0x00007ffa10570000 - 0x00007ffa10d02000 	C:\WINDOWS\System32\SHELL32.dll
0x00007ffa0d2a0000 - 0x00007ffa0db32000 	C:\WINDOWS\SYSTEM32\windows.storage.dll
0x00007ffa10f00000 - 0x00007ffa10ff7000 	C:\WINDOWS\System32\SHCORE.dll
0x00007ffa11510000 - 0x00007ffa11577000 	C:\WINDOWS\System32\shlwapi.dll
0x00007ffa0f740000 - 0x00007ffa0f769000 	C:\WINDOWS\SYSTEM32\profapi.dll
0x00007ff9db510000 - 0x00007ff9db522000 	C:\Program Files\Java\jdk-26.0.1\bin\net.dll
0x00007ffa0ea50000 - 0x00007ffa0eabc000 	C:\WINDOWS\system32\mswsock.dll
0x00007ff9db4f0000 - 0x00007ff9db506000 	C:\Program Files\Java\jdk-26.0.1\bin\nio.dll
0x00007ff9db490000 - 0x00007ff9db4a7000 	C:\Program Files\Java\jdk-26.0.1\bin\zip.dll
0x00007ff9f5af0000 - 0x00007ff9f5b14000 	C:\Program Files\NetBeans-30\netbeans\java\maven\lib\jansi-native\Windows\x86_64\jansi.dll
0x00007ff9d6d90000 - 0x00007ff9d6da0000 	C:\Program Files\Java\jdk-26.0.1\bin\verify.dll

JVMTI agents: none

dbghelp: loaded successfully - version: 4.0.5 - missing functions: none
symbol engine: initialized successfully - sym options: 0x614 - pdb path: .;C:\Program Files\Java\jdk-26.0.1\bin;C:\WINDOWS\SYSTEM32;C:\WINDOWS\WinSxS\amd64_microsoft.windows.common-controls_6595b64144ccf1df_6.0.26100.8875_none_3e0d5d42e32fe9dd;C:\Program Files\Java\jdk-26.0.1\bin\server;C:\Program Files\NetBeans-30\netbeans\java\maven\lib\jansi-native\Windows\x86_64

VM Arguments:
jvm_args: --enable-native-access=ALL-UNNAMED -Dclassworlds.conf=C:\Program Files\NetBeans-30\netbeans\java\maven\bin\m2.conf -Dmaven.home=C:\Program Files\NetBeans-30\netbeans\java\maven -Dlibrary.jansi.path=C:\Program Files\NetBeans-30\netbeans\java\maven\lib\jansi-native -Dmaven.multiModuleProjectDirectory=D:\NEOTEMP\CODE\SHIPSHUK\BULBULLER\bb-rest-api\v2_maven\bb-rest-api 
java_command: org.codehaus.plexus.classworlds.launcher.Launcher -Dmaven.ext.class.path=C:\Program Files\NetBeans-30\netbeans\java\maven-nblib\netbeans-eventspy.jar --no-transfer-progress clean install -f pom-all.xml
java_class_path (initial): C:\Program Files\NetBeans-30\netbeans\java\maven\boot\plexus-classworlds-2.9.0.jar
Launcher Type: SUN_STANDARD

[Global flags]
     bool AOTAdapterCaching                        = false                                  {diagnostic} {ergonomic}
     bool AOTInvokeDynamicLinking                  = false                                  {diagnostic} {ergonomic}
     bool AOTRecordTraining                        = false                                  {diagnostic} {ergonomic}
     bool AOTReplayTraining                        = false                                  {diagnostic} {ergonomic}
     bool AOTStubCaching                           = false                                  {diagnostic} {ergonomic}
     intx CICompilerCount                          = 4                                         {product} {ergonomic}
     uint ConcGCThreads                            = 2                                         {product} {ergonomic}
     uint G1ConcRefinementThreads                  = 8                                         {product} {ergonomic}
     uint G1EagerReclaimRemSetThreshold            = 16                                   {experimental} {ergonomic}
   size_t G1HeapRegionSize                         = 2097152                                   {product} {ergonomic}
     uint G1RemSetArrayOfCardsEntries              = 16                                   {experimental} {ergonomic}
     uint G1RemSetHowlMaxNumBuckets                = 8                                    {experimental} {ergonomic}
     uint G1RemSetHowlNumBuckets                   = 8                                    {experimental} {ergonomic}
   size_t InitialHeapSize                          = 8388608                                   {product} {ergonomic}
     bool IntelJccErratumMitigation                = true                              {ARCH diagnostic} {ergonomic}
   size_t MarkStackSize                            = 4194304                                   {product} {ergonomic}
   size_t MarkStackSizeMax                         = 536870912                                 {product} {ergonomic}
   size_t MaxHeapSize                              = 4253024256                                {product} {ergonomic}
   size_t MaxNewSize                               = 2550136832                                {product} {ergonomic}
 uint64_t MaxRAM                                   = 17007267840                               {product} {ergonomic}
   size_t MinHeapDeltaBytes                        = 2097152                                   {product} {ergonomic}
   size_t MinHeapSize                              = 8388608                                   {product} {ergonomic}
   size_t NonNMethodCodeHeapSize                   = 5898240                                {pd product} {ergonomic}
   size_t NonProfiledCodeHeapSize                  = 122945536                              {pd product} {ergonomic}
   size_t ProfiledCodeHeapSize                     = 122945536                              {pd product} {ergonomic}
   size_t ReservedCodeCacheSize                    = 251789312                              {pd product} {ergonomic}
     bool SegmentedCodeCache                       = true                                      {product} {ergonomic}
   size_t SoftMaxHeapSize                          = 4253024256                             {manageable} {ergonomic}
     bool UseCompressedOops                        = true                           {product lp64_product} {ergonomic}
     bool UseCondCardMark                          = true                                      {product} {ergonomic}
     bool UseFastUnorderedTimeStamps               = true                                 {experimental} {ergonomic}
     bool UseG1GC                                  = true                                      {product} {ergonomic}
     bool UseLargePagesIndividualAllocation        = false                                  {pd product} {ergonomic}
      int X86ICacheSync                            = 2                                 {ARCH diagnostic} {ergonomic}

Logging:
Log output configuration:
 #0: stdout all=warning uptime,level,tags foldmultilines=false
 #1: stderr all=off uptime,level,tags foldmultilines=false

Release file:
IMPLEMENTOR="Oracle Corporation" 
JAVA_RUNTIME_VERSION="26.0.1+8-34" 
JAVA_VERSION="26.0.1" 
JAVA_VERSION_DATE="2026-04-21" 
LIBC="default" 
MODULES="java.base java.compiler java.datatransfer java.xml java.prefs java.desktop java.instrument java.logging java.management java.security.sasl java.naming java.rmi java.management.rmi java.net.http java.scripting java.security.jgss java.transaction.xa java.sql java.sql.rowset java.xml.crypto java.se java.smartcardio jdk.accessibility jdk.internal.jvmstat jdk.attach jdk.charsets jdk.internal.opt jdk.zipfs jdk.compiler jdk.crypto.cryptoki jdk.crypto.ec jdk.crypto.mscapi jdk.dynalink jdk.internal.ed jdk.editpad jdk.internal.vm.ci jdk.graal.compiler jdk.graal.compiler.management jdk.hotspot.agent jdk.httpserver jdk.incubator.vector jdk.internal.le jdk.internal.md jdk.jartool jdk.javadoc jdk.jcmd jdk.management jdk.management.agent jdk.jconsole jdk.jdeps jdk.jdwp.agent jdk.jdi jdk.jfr jdk.jlink jdk.jpackage jdk.jshell jdk.jstatd jdk.localedata jdk.management.jfr jdk.naming.dns jdk.naming.rmi jdk.net jdk.nio.mapmode jdk.sctp jdk.security.auth jdk.security.jgss jdk.unsupported jdk.unsupported.desktop jdk.xml.dom" 
OS_ARCH="x86_64" 
OS_NAME="Windows" 
SOURCE=".:git:fcc00fc4aee7" 

Environment Variables:
JAVA_HOME=C:\Program Files\Java\jdk-26.0.1
PATH=%JAVA_HOME%\bin;C:\Windows\system32;C:\Windows;C:\Windows\System32\Wbem;C:\Windows\System32\WindowsPowerShell\v1.0\;C:\Windows\System32\OpenSSH\;C:\Program Files (x86)\NVIDIA Corporation\PhysX\Common;C:\Program Files\NVIDIA Corporation\NVIDIA NvDLISR;C:\Program Files\Java\jdk-26.0.1\bin;C:\Program Files\NetBeans-25\netbeans\extide\ant\bin;C:\Program Files\Common Files\Oracle\Java\javapath;C:\Program Files\OpenSSL-Win64\bin;C:\WINDOWS\system32;C:\WINDOWS;C:\WINDOWS\System32\Wbem;C:\WINDOWS\System32\WindowsPowerShell\v1.0\;C:\WINDOWS\System32\OpenSSH\;C:\Program Files\PuTTY\;C:\Users\Administrator\AppData\Local\Muse Hub\lib;C:\src\flutter\bin;C:\Program Files\Git\cmd;C:\Program Files\nodejs\;C:\Users\Administrator\AppData\Local\Programs\Python\Python313\Scripts\;C:\Users\Administrator\AppData\Local\Programs\Python\Python313\;C:\Program Files\MySQL\MySQL Shell 8.0\bin\;C:\Users\Administrator\AppData\Local\Microsoft\WindowsApps;C:\Users\Administrator\AppData\Local\Programs\Microsoft VS Code\bin;C:\Users\Administrator\AppData\Local\Muse Hub\lib;C:\Users\Administrator\AppData\Roaming\npm;C:\maven-3.9.16\bin;;C:\Program Files\NetBeans-30\netbeans\bin\
USERNAME=Administrator
OS=Windows_NT
PROCESSOR_IDENTIFIER=Intel64 Family 6 Model 142 Stepping 12, GenuineIntel
TMP=C:\Users\ADMINI~1\AppData\Local\Temp
TEMP=C:\Users\ADMINI~1\AppData\Local\Temp




Compilation memory statistics disabled.

Periodic native trim disabled

---------------  S Y S T E M  ---------------

OS:
 Windows 11 , 64 bit Build 26100 (10.0.26100.8875)
OS uptime: 5 days 2:30 hours
Hyper-V role detected

CPU: total 8 (initial active 8) (4 cores per cpu, 2 threads per core) family 6 model 142 stepping 12 microcode 0xde, cx8, cmov, fxsr, ht, mmx, 3dnowpref, sse, sse2, sse3, ssse3, sse4.1, sse4.2, popcnt, lzcnt, tsc, tscinvbit, avx, avx2, aes, erms, clmul, bmi1, bmi2, adx, fma, vzeroupper, clflush, clflushopt, hv, rdtscp, f16c
Processor Information for the first 8 processors :
  Max Mhz: 2304, Current Mhz: 1803, Mhz Limit: 1797

Memory: 4k page, system-wide physical 16219M (405M free)
TotalPageFile size 32219M (AvailPageFile size 36M)
current process WorkingSet (physical memory assigned to process): 547M, peak: 575M
current process commit charge ("private bytes"): 582M, peak: 631M

vm_info: OpenJDK 64-Bit Server VM (26.0.1+8-34) for windows-amd64 JRE (26.0.1+8-34), built on 2026-03-10T17:24:10Z with MS VC++ 17.13 (VS2022)

END.
