#
# There is insufficient memory for the Java Runtime Environment to continue.
# Native memory allocation (malloc) failed to allocate 25690968 bytes. Error detail: Chunk::new
# Possible reasons:
#   The system is out of physical RAM or swap space
#   This process is running with CompressedOops enabled, and the Java Heap may be blocking the growth of the native heap
# Possible solutions:
#   Reduce memory load on the system
#   Increase physical memory or swap space
#   Check if swap backing store is full
#   Decrease Java heap size (-Xmx/-Xms)
#   Decrease number of Java threads
#   Decrease Java thread stack sizes (-Xss)
#   Set larger code cache with -XX:ReservedCodeCacheSize=
#   JVM is running with Zero Based Compressed Oops mode in which the Java heap is
#     placed in the first 32GB address space. The Java Heap base address is the
#     maximum limit for the native heap growth. Please use -XX:HeapBaseMinAddress
#     to set the Java Heap base and to place the Java Heap above 32GB virtual address.
# This output file may be truncated or incomplete.
#
#  Out of Memory Error (arena.cpp:193), pid=15700, tid=4112
#
# JRE version: OpenJDK Runtime Environment (26.0.1+8) (build 26.0.1+8-34)
# Java VM: OpenJDK 64-Bit Server VM (26.0.1+8-34, mixed mode, sharing, tiered, compressed oops, compressed class ptrs, g1 gc, windows-amd64)
# No core dump will be written. Minidumps are not enabled by default on client versions of Windows
#

---------------  S U M M A R Y ------------

Command Line: --enable-native-access=ALL-UNNAMED -Dclassworlds.conf=C:\Program Files\NetBeans-30\netbeans\java\maven\bin\m2.conf -Dmaven.home=C:\Program Files\NetBeans-30\netbeans\java\maven -Dlibrary.jansi.path=C:\Program Files\NetBeans-30\netbeans\java\maven\lib\jansi-native -Dmaven.multiModuleProjectDirectory=D:\NEOTEMP\CODE\SHIPSHUK\BULBULLER\bb-rest-api\v2_maven\bb-rest-api org.codehaus.plexus.classworlds.launcher.Launcher -Dmaven.ext.class.path=C:\Program Files\NetBeans-30\netbeans\java\maven-nblib\netbeans-eventspy.jar --no-transfer-progress clean install -f pom-all.xml

Host: Intel(R) Core(TM) i7-10510U CPU @ 1.80GHz, 8 cores, 15G,  Windows 11 , 64 bit Build 26100 (10.0.26100.8875)
Time: Tue Aug 11 17:38:15 2026 Turkey Standard Time elapsed time: 33.774289 seconds (0d 0h 0m 33s)

---------------  T H R E A D  ---------------

Current thread (0x0000018c801cd150):  JavaThread "C2 CompilerThread1" daemon [_thread_in_native, id=4112, stack(0x0000008beb500000,0x0000008beb600000) (1024K)]


Current CompileTask:
C2:33774 14270       4       org.codehaus.plexus.classworlds.realm.ClassRealm::loadClass (7 bytes)

Stack: [0x0000008beb500000,0x0000008beb600000]
Native frames: (J=compiled Java code, j=interpreted, Vv=VM code, C=native code)
V  [jvm.dll+0x7d5879]  (no source info available)
V  [jvm.dll+0x7a37dd]  (no source info available)
V  [jvm.dll+0x9b0c10]  (no source info available)
V  [jvm.dll+0x9b3061]  (no source info available)
V  [jvm.dll+0x9b3773]  (no source info available)
V  [jvm.dll+0x30df76]  (no source info available)
V  [jvm.dll+0x11d8a6]  (no source info available)
V  [jvm.dll+0x11dbce]  (no source info available)
V  [jvm.dll+0x1afbe6]  (no source info available)
V  [jvm.dll+0x3ca822]  (no source info available)
V  [jvm.dll+0x7de462]  (no source info available)
V  [jvm.dll+0x2d1647]  (no source info available)
V  [jvm.dll+0x2d05bf]  (no source info available)
V  [jvm.dll+0x246820]  (no source info available)
V  [jvm.dll+0x2e06dc]  (no source info available)
V  [jvm.dll+0x2de8bd]  (no source info available)
V  [jvm.dll+0x4a3ff1]  (no source info available)
V  [jvm.dll+0x94f649]  (no source info available)
V  [jvm.dll+0x7d7358]  (no source info available)
C  [ucrtbase.dll+0x2cd30]  (no source info available)
C  [KERNEL32.DLL+0x2e957]  (no source info available)
C  [ntdll.dll+0xaad6c]  (no source info available)

Lock stack of current Java thread (top to bottom):


---------------  P R O C E S S  ---------------

Threads class SMR info:
_java_thread_list=0x0000018cff561750, length=12, elements={
0x0000018cd48d3850, 0x0000018cf6e2a7f0, 0x0000018cf6e2b240, 0x0000018cf6e32510,
0x0000018cf6e33340, 0x0000018cf6e38220, 0x0000018cf6e40280, 0x0000018cf6e46ec0,
0x0000018cf6e5cfd0, 0x0000018cfb0b1330, 0x0000018cfb0b1cb0, 0x0000018c801cd150
}

Java Threads: ( => current thread )
  0x0000018cd48d3850 JavaThread "main"                              [_thread_in_vm, id=31216, stack(0x0000008beb700000,0x0000008beb800000) (1024K)]
  0x0000018cf6e2a7f0 JavaThread "Reference Handler"          daemon [_thread_blocked, id=11644, stack(0x0000008bec000000,0x0000008bec100000) (1024K)]
  0x0000018cf6e2b240 JavaThread "Finalizer"                  daemon [_thread_blocked, id=21616, stack(0x0000008bec100000,0x0000008bec200000) (1024K)]
  0x0000018cf6e32510 JavaThread "Signal Dispatcher"          daemon [_thread_blocked, id=2636, stack(0x0000008bec200000,0x0000008bec300000) (1024K)]
  0x0000018cf6e33340 JavaThread "Attach Listener"            daemon [_thread_blocked, id=15512, stack(0x0000008bec300000,0x0000008bec400000) (1024K)]
  0x0000018cf6e38220 JavaThread "Service Thread"             daemon [_thread_blocked, id=11940, stack(0x0000008bec400000,0x0000008bec500000) (1024K)]
  0x0000018cf6e40280 JavaThread "Monitor Deflation Thread"   daemon [_thread_blocked, id=26068, stack(0x0000008bec500000,0x0000008bec600000) (1024K)]
  0x0000018cf6e46ec0 JavaThread "C2 CompilerThread0"         daemon [_thread_in_native, id=16532, stack(0x0000008bec600000,0x0000008bec700000) (1024K)]
  0x0000018cf6e5cfd0 JavaThread "C1 CompilerThread0"         daemon [_thread_blocked, id=27788, stack(0x0000008bec700000,0x0000008bec800000) (1024K)]
  0x0000018cfb0b1330 JavaThread "Notification Thread"        daemon [_thread_blocked, id=13064, stack(0x0000008bec800000,0x0000008bec900000) (1024K)]
  0x0000018cfb0b1cb0 JavaThread "Common-Cleaner"             daemon [_thread_blocked, id=27928, stack(0x0000008bec900000,0x0000008beca00000) (1024K)]
=>0x0000018c801cd150 JavaThread "C2 CompilerThread1"         daemon [_thread_in_native, id=4112, stack(0x0000008beb500000,0x0000008beb600000) (1024K)]
Total: 12

Other Threads:
  0x0000018cf6e1a110 VMThread "VM Thread"                           [id=3248, stack(0x0000008bebf00000,0x0000008bec000000) (1024K)]
  0x0000018cf6e0d1d0 WatcherThread "VM Periodic Task Thread"        [id=3840, stack(0x0000008bebe00000,0x0000008bebf00000) (1024K)]
  0x0000018cd6d9cc00 WorkerThread "GC Thread#0"                     [id=2232, stack(0x0000008beb800000,0x0000008beb900000) (1024K)]
  0x0000018cfb58fa50 WorkerThread "GC Thread#1"                     [id=4760, stack(0x0000008becb00000,0x0000008becc00000) (1024K)]
  0x0000018cfbe584e0 WorkerThread "GC Thread#2"                     [id=19560, stack(0x0000008becd00000,0x0000008bece00000) (1024K)]
  0x0000018cfc03e440 WorkerThread "GC Thread#3"                     [id=14512, stack(0x0000008bece00000,0x0000008becf00000) (1024K)]
  0x0000018cfc3a2740 WorkerThread "GC Thread#4"                     [id=28696, stack(0x0000008becf00000,0x0000008bed000000) (1024K)]
  0x0000018cfc3a2b60 WorkerThread "GC Thread#5"                     [id=31232, stack(0x0000008bed000000,0x0000008bed100000) (1024K)]
  0x0000018cfc0dfdb0 WorkerThread "GC Thread#6"                     [id=16044, stack(0x0000008beca00000,0x0000008becb00000) (1024K)]
  0x0000018cfc0e35c0 WorkerThread "GC Thread#7"                     [id=25256, stack(0x0000008bed100000,0x0000008bed200000) (1024K)]
  0x0000018cd6db5900 ConcurrentGCThread "G1 Main Marker"            [id=31552, stack(0x0000008beb900000,0x0000008beba00000) (1024K)]
  0x0000018cd6db6480 WorkerThread "G1 Conc#0"                       [id=21628, stack(0x0000008beba00000,0x0000008bebb00000) (1024K)]
  0x0000018cfb86d610 WorkerThread "G1 Conc#1"                       [id=16032, stack(0x0000008bed200000,0x0000008bed300000) (1024K)]
  0x0000018cd6df2970 WorkerThread "G1 Refinement Workers#0"         [id=14960, stack(0x0000008bebc00000,0x0000008bebd00000) (1024K)]
  0x0000018cd6df1fb0 ConcurrentGCThread "G1 Refine Control"         [id=10004, stack(0x0000008bebb00000,0x0000008bebc00000) (1024K)]
  0x0000018cd6df4130 ConcurrentGCThread "G1 Service"                [id=22456, stack(0x0000008bebd00000,0x0000008bebe00000) (1024K)]
Total: 16

Threads with active compile tasks:
C2 CompilerThread0  33936 14263   !   4       com.google.inject.spi.InjectionPoint::getInjectionPoints (489 bytes)
C2 CompilerThread1  33936 14270       4       org.codehaus.plexus.classworlds.realm.ClassRealm::loadClass (7 bytes)
Total: 2

VM state: not at safepoint (normal execution)

VM Mutex/Monitor currently owned by a thread: None

Heap address: 0x0000000702800000, size: 4056 MB, Compressed Oops mode: Zero based, Oop shift amount: 3

CDS archive(s) mapped at: [0x000000003e000000-0x000000003ede0000-0x000000003ede0000), size 14548992, SharedBaseAddress: 0x000000003e000000, ArchiveRelocationMode: 1.
Compressed class space mapped at: 0x000000003f000000-0x000000007f000000, reserved size: 1073741824
UseCompressedClassPointers 1, UseCompactObjectHeaders 0
Narrow klass pointer bits 32, Max shift 3
Narrow klass base: 0x000000003e000000, Narrow klass shift: 0
Encoding Range: [0x000000003e000000 - 0x000000013e000000), (4294967296 bytes)
Klass Range:    [0x000000003e000000 - 0x000000007f000000), (1090519040 bytes)
Klass ID Range:  [8 - 1090519033) (1090519025)
Protection zone: [0x000000003e000000 - 0x000000003e010000), (65536 bytes)

GC Precious Log:
 CardTable entry size: 512
 Card Set container configuration: InlinePtr #cards 4 size 8 Array Of Cards #cards 16 size 48 Howl #buckets 8 coarsen threshold 3686 Howl Bitmap #cards 512 size 80 coarsen threshold 460 Card regions per heap region 1 cards per card region 4096
 CPUs: 8 total, 8 available
 Memory: 16219M
 Large Page Support: Disabled
 NUMA Support: Disabled
 Compressed Oops: Enabled (Zero based)
 Heap Region Size: 2M
 Heap Min Capacity: 8M
 Heap Initial Capacity: 8M
 Heap Max Capacity: 4056M
 Pre-touch: Disabled
 Parallel Workers: 8
 Concurrent Workers: 2
 Concurrent Refinement Workers: 8
 Periodic GC: Disabled

Heap:
 garbage-first heap   total reserved 4153344K, committed 331776K, used 244731K [0x0000000702800000, 0x0000000800000000)
  region size 2M, 48 eden (96M), 3 survivor (6M), 63 old (126M), 8 humongous (16M), 40 free (80M)

Heap Regions: E=young(eden), S=young(survivor), O=old, HS=humongous(starts), HC=humongous(continues), CS=collection set, F=free, TAMS=top-at-mark-start, PB=parsable bottom
|    0|0x0000000702800000, 0x0000000702a00000, 0x0000000702a00000|100%| O|  |TAMS 0x0000000702800000| PB 0x0000000702800000| Untracked |  0
|    1|0x0000000702a00000, 0x0000000702c00000, 0x0000000702c00000|100%| O|  |TAMS 0x0000000702a00000| PB 0x0000000702a00000| Untracked |  0
|    2|0x0000000702c00000, 0x0000000702e00000, 0x0000000702e00000|100%|HS|  |TAMS 0x0000000702c00000| PB 0x0000000702c00000| Complete  |  0
|    3|0x0000000702e00000, 0x0000000703000000, 0x0000000703000000|100%| O|  |TAMS 0x0000000702e00000| PB 0x0000000702e00000| Untracked |  0
|    4|0x0000000703000000, 0x0000000703200000, 0x0000000703200000|100%| O|  |TAMS 0x0000000703000000| PB 0x0000000703000000| Untracked |  0
|    5|0x0000000703200000, 0x0000000703400000, 0x0000000703400000|100%| O|  |TAMS 0x0000000703200000| PB 0x0000000703200000| Untracked |  0
|    6|0x0000000703400000, 0x0000000703600000, 0x0000000703600000|100%|HS|  |TAMS 0x0000000703400000| PB 0x0000000703400000| Complete  |  0
|    7|0x0000000703600000, 0x0000000703800000, 0x0000000703800000|100%| O|  |TAMS 0x0000000703600000| PB 0x0000000703600000| Untracked |  0
|    8|0x0000000703800000, 0x0000000703a00000, 0x0000000703a00000|100%| O|  |TAMS 0x0000000703800000| PB 0x0000000703800000| Untracked |  0
|    9|0x0000000703a00000, 0x0000000703c00000, 0x0000000703c00000|100%| O|Cm|TAMS 0x0000000703a00000| PB 0x0000000703a00000| Complete  |  0
|   10|0x0000000703c00000, 0x0000000703e00000, 0x0000000703e00000|100%| O|Cm|TAMS 0x0000000703c00000| PB 0x0000000703c00000| Complete  |  0
|   11|0x0000000703e00000, 0x0000000704000000, 0x0000000704000000|100%| O|Cm|TAMS 0x0000000703e00000| PB 0x0000000703e00000| Complete  |  0
|   12|0x0000000704000000, 0x0000000704000000, 0x0000000704200000|  0%| F|  |TAMS 0x0000000704000000| PB 0x0000000704000000| Untracked |  0
|   13|0x0000000704200000, 0x0000000704400000, 0x0000000704400000|100%| O|Cm|TAMS 0x0000000704200000| PB 0x0000000704200000| Complete  |  0
|   14|0x0000000704400000, 0x0000000704600000, 0x0000000704600000|100%| O|Cm|TAMS 0x0000000704400000| PB 0x0000000704400000| Complete  |  0
|   15|0x0000000704600000, 0x0000000704800000, 0x0000000704800000|100%| O|  |TAMS 0x0000000704600000| PB 0x0000000704600000| Untracked |  0
|   16|0x0000000704800000, 0x0000000704a00000, 0x0000000704a00000|100%| O|Cm|TAMS 0x0000000704800000| PB 0x0000000704800000| Complete  |  0
|   17|0x0000000704a00000, 0x0000000704c00000, 0x0000000704c00000|100%| O|Cm|TAMS 0x0000000704a00000| PB 0x0000000704a00000| Complete  |  0
|   18|0x0000000704c00000, 0x0000000704e00000, 0x0000000704e00000|100%| O|Cm|TAMS 0x0000000704c00000| PB 0x0000000704c00000| Complete  |  0
|   19|0x0000000704e00000, 0x0000000705000000, 0x0000000705000000|100%|HS|  |TAMS 0x0000000704e00000| PB 0x0000000704e00000| Complete  |  0
|   20|0x0000000705000000, 0x0000000705200000, 0x0000000705200000|100%| O|Cm|TAMS 0x0000000705000000| PB 0x0000000705000000| Complete  |  0
|   21|0x0000000705200000, 0x0000000705400000, 0x0000000705400000|100%| O|Cm|TAMS 0x0000000705200000| PB 0x0000000705200000| Complete  |  0
|   22|0x0000000705400000, 0x0000000705600000, 0x0000000705600000|100%| O|  |TAMS 0x0000000705400000| PB 0x0000000705400000| Untracked |  0
|   23|0x0000000705600000, 0x0000000705800000, 0x0000000705800000|100%| O|  |TAMS 0x0000000705600000| PB 0x0000000705600000| Untracked |  0
|   24|0x0000000705800000, 0x0000000705a00000, 0x0000000705a00000|100%| O|Cm|TAMS 0x0000000705800000| PB 0x0000000705800000| Complete  |  0
|   25|0x0000000705a00000, 0x0000000705c00000, 0x0000000705c00000|100%|HS|  |TAMS 0x0000000705a00000| PB 0x0000000705a00000| Complete  |  0
|   26|0x0000000705c00000, 0x0000000705e00000, 0x0000000705e00000|100%|HS|  |TAMS 0x0000000705c00000| PB 0x0000000705c00000| Complete  |  0
|   27|0x0000000705e00000, 0x0000000706000000, 0x0000000706000000|100%| O|  |TAMS 0x0000000705e00000| PB 0x0000000705e00000| Untracked |  0
|   28|0x0000000706000000, 0x0000000706200000, 0x0000000706200000|100%| O|  |TAMS 0x0000000706000000| PB 0x0000000706000000| Untracked |  0
|   29|0x0000000706200000, 0x0000000706400000, 0x0000000706400000|100%| O|Cm|TAMS 0x0000000706200000| PB 0x0000000706200000| Complete  |  0
|   30|0x0000000706400000, 0x0000000706600000, 0x0000000706600000|100%| O|Cm|TAMS 0x0000000706400000| PB 0x0000000706400000| Complete  |  0
|   31|0x0000000706600000, 0x0000000706800000, 0x0000000706800000|100%| O|Cm|TAMS 0x0000000706600000| PB 0x0000000706600000| Complete  |  0
|   32|0x0000000706800000, 0x0000000706a00000, 0x0000000706a00000|100%| O|Cm|TAMS 0x0000000706800000| PB 0x0000000706800000| Complete  |  0
|   33|0x0000000706a00000, 0x0000000706c00000, 0x0000000706c00000|100%| O|Cm|TAMS 0x0000000706a00000| PB 0x0000000706a00000| Complete  |  0
|   34|0x0000000706c00000, 0x0000000706e00000, 0x0000000706e00000|100%| O|Cm|TAMS 0x0000000706c00000| PB 0x0000000706c00000| Complete  |  0
|   35|0x0000000706e00000, 0x0000000706e00000, 0x0000000707000000|  0%| F|  |TAMS 0x0000000706e00000| PB 0x0000000706e00000| Untracked |  0
|   36|0x0000000707000000, 0x0000000707000000, 0x0000000707200000|  0%| F|  |TAMS 0x0000000707000000| PB 0x0000000707000000| Untracked |  0
|   37|0x0000000707200000, 0x0000000707400000, 0x0000000707400000|100%|HS|  |TAMS 0x0000000707200000| PB 0x0000000707200000| Complete  |  0
|   38|0x0000000707400000, 0x0000000707600000, 0x0000000707600000|100%| O|Cm|TAMS 0x0000000707400000| PB 0x0000000707400000| Complete  |  0
|   39|0x0000000707600000, 0x0000000707600000, 0x0000000707800000|  0%| F|  |TAMS 0x0000000707600000| PB 0x0000000707600000| Untracked |  0
|   40|0x0000000707800000, 0x0000000707a00000, 0x0000000707a00000|100%| O|Cm|TAMS 0x0000000707800000| PB 0x0000000707800000| Complete  |  0
|   41|0x0000000707a00000, 0x0000000707c00000, 0x0000000707c00000|100%| O|Cm|TAMS 0x0000000707a00000| PB 0x0000000707a00000| Complete  |  0
|   42|0x0000000707c00000, 0x0000000707e00000, 0x0000000707e00000|100%| O|  |TAMS 0x0000000707c00000| PB 0x0000000707c00000| Untracked |  0
|   43|0x0000000707e00000, 0x0000000708000000, 0x0000000708000000|100%| O|Cm|TAMS 0x0000000707e00000| PB 0x0000000707e00000| Complete  |  0
|   44|0x0000000708000000, 0x0000000708000000, 0x0000000708200000|  0%| F|  |TAMS 0x0000000708000000| PB 0x0000000708000000| Untracked |  0
|   45|0x0000000708200000, 0x0000000708200000, 0x0000000708400000|  0%| F|  |TAMS 0x0000000708200000| PB 0x0000000708200000| Untracked |  0
|   46|0x0000000708400000, 0x0000000708600000, 0x0000000708600000|100%| O|Cm|TAMS 0x0000000708400000| PB 0x0000000708400000| Complete  |  0
|   47|0x0000000708600000, 0x0000000708800000, 0x0000000708800000|100%| O|Cm|TAMS 0x0000000708600000| PB 0x0000000708600000| Complete  |  0
|   48|0x0000000708800000, 0x0000000708a00000, 0x0000000708a00000|100%| O|Cm|TAMS 0x0000000708800000| PB 0x0000000708800000| Complete  |  0
|   49|0x0000000708a00000, 0x0000000708c00000, 0x0000000708c00000|100%| O|Cm|TAMS 0x0000000708a00000| PB 0x0000000708a00000| Complete  |  0
|   50|0x0000000708c00000, 0x0000000708c00000, 0x0000000708e00000|  0%| F|  |TAMS 0x0000000708c00000| PB 0x0000000708c00000| Untracked |  0
|   51|0x0000000708e00000, 0x0000000709000000, 0x0000000709000000|100%| O|Cm|TAMS 0x0000000708e00000| PB 0x0000000708e00000| Complete  |  0
|   52|0x0000000709000000, 0x0000000709000000, 0x0000000709200000|  0%| F|  |TAMS 0x0000000709000000| PB 0x0000000709000000| Untracked |  0
|   53|0x0000000709200000, 0x0000000709400000, 0x0000000709400000|100%| O|Cm|TAMS 0x0000000709200000| PB 0x0000000709200000| Complete  |  0
|   54|0x0000000709400000, 0x0000000709600000, 0x0000000709600000|100%| O|  |TAMS 0x0000000709400000| PB 0x0000000709400000| Untracked |  0
|   55|0x0000000709600000, 0x0000000709800000, 0x0000000709800000|100%| O|Cm|TAMS 0x0000000709600000| PB 0x0000000709600000| Complete  |  0
|   56|0x0000000709800000, 0x0000000709a00000, 0x0000000709a00000|100%| O|Cm|TAMS 0x0000000709800000| PB 0x0000000709800000| Complete  |  0
|   57|0x0000000709a00000, 0x0000000709c00000, 0x0000000709c00000|100%| O|Cm|TAMS 0x0000000709a00000| PB 0x0000000709a00000| Complete  |  0
|   58|0x0000000709c00000, 0x0000000709c00000, 0x0000000709e00000|  0%| F|  |TAMS 0x0000000709c00000| PB 0x0000000709c00000| Untracked |  0
|   59|0x0000000709e00000, 0x0000000709e00000, 0x000000070a000000|  0%| F|  |TAMS 0x0000000709e00000| PB 0x0000000709e00000| Untracked |  0
|   60|0x000000070a000000, 0x000000070a200000, 0x000000070a200000|100%| O|Cm|TAMS 0x000000070a000000| PB 0x000000070a000000| Complete  |  0
|   61|0x000000070a200000, 0x000000070a400000, 0x000000070a400000|100%| O|Cm|TAMS 0x000000070a200000| PB 0x000000070a200000| Complete  |  0
|   62|0x000000070a400000, 0x000000070a600000, 0x000000070a600000|100%| O|Cm|TAMS 0x000000070a400000| PB 0x000000070a400000| Complete  |  0
|   63|0x000000070a600000, 0x000000070a800000, 0x000000070a800000|100%|HS|  |TAMS 0x000000070a600000| PB 0x000000070a600000| Complete  |  0
|   64|0x000000070a800000, 0x000000070aa00000, 0x000000070aa00000|100%|HS|  |TAMS 0x000000070a800000| PB 0x000000070a800000| Complete  |  0
|   65|0x000000070aa00000, 0x000000070ac00000, 0x000000070ac00000|100%| O|  |TAMS 0x000000070aa00000| PB 0x000000070aa00000| Untracked |  0
|   66|0x000000070ac00000, 0x000000070ae00000, 0x000000070ae00000|100%| O|  |TAMS 0x000000070ac00000| PB 0x000000070ac00000| Untracked |  0
|   67|0x000000070ae00000, 0x000000070b000000, 0x000000070b000000|100%| O|  |TAMS 0x000000070ae00000| PB 0x000000070ae00000| Untracked |  0
|   68|0x000000070b000000, 0x000000070b200000, 0x000000070b200000|100%| O|Cm|TAMS 0x000000070b000000| PB 0x000000070b000000| Complete  |  0
|   69|0x000000070b200000, 0x000000070b400000, 0x000000070b400000|100%| O|  |TAMS 0x000000070b200000| PB 0x000000070b200000| Untracked |  0
|   70|0x000000070b400000, 0x000000070b600000, 0x000000070b600000|100%| O|  |TAMS 0x000000070b400000| PB 0x000000070b400000| Untracked |  0
|   71|0x000000070b600000, 0x000000070b800000, 0x000000070b800000|100%| O|  |TAMS 0x000000070b600000| PB 0x000000070b600000| Untracked |  0
|   72|0x000000070b800000, 0x000000070ba00000, 0x000000070ba00000|100%| O|  |TAMS 0x000000070b800000| PB 0x000000070b800000| Untracked |  0
|   73|0x000000070ba00000, 0x000000070bc00000, 0x000000070bc00000|100%| O|  |TAMS 0x000000070ba00000| PB 0x000000070ba00000| Untracked |  0
|   74|0x000000070bc00000, 0x000000070be00000, 0x000000070be00000|100%| O|  |TAMS 0x000000070bc00000| PB 0x000000070bc00000| Untracked |  0
|   75|0x000000070be00000, 0x000000070c000000, 0x000000070c000000|100%| O|  |TAMS 0x000000070be00000| PB 0x000000070be00000| Untracked |  0
|   76|0x000000070c000000, 0x000000070c200000, 0x000000070c200000|100%| O|  |TAMS 0x000000070c000000| PB 0x000000070c000000| Untracked |  0
|   77|0x000000070c200000, 0x000000070c400000, 0x000000070c400000|100%| O|  |TAMS 0x000000070c200000| PB 0x000000070c200000| Untracked |  0
|   78|0x000000070c400000, 0x000000070c600000, 0x000000070c600000|100%| O|  |TAMS 0x000000070c400000| PB 0x000000070c400000| Untracked |  0
|   79|0x000000070c600000, 0x000000070c774960, 0x000000070c800000| 72%| O|  |TAMS 0x000000070c600000| PB 0x000000070c600000| Untracked |  0
|   80|0x000000070c800000, 0x000000070c800000, 0x000000070ca00000|  0%| F|  |TAMS 0x000000070c800000| PB 0x000000070c800000| Untracked |  0
|   81|0x000000070ca00000, 0x000000070ca00000, 0x000000070cc00000|  0%| F|  |TAMS 0x000000070ca00000| PB 0x000000070ca00000| Untracked |  0
|   82|0x000000070cc00000, 0x000000070cc00000, 0x000000070ce00000|  0%| F|  |TAMS 0x000000070cc00000| PB 0x000000070cc00000| Untracked |  0
|   83|0x000000070ce00000, 0x000000070ce00000, 0x000000070d000000|  0%| F|  |TAMS 0x000000070ce00000| PB 0x000000070ce00000| Untracked |  0
|   84|0x000000070d000000, 0x000000070d000000, 0x000000070d200000|  0%| F|  |TAMS 0x000000070d000000| PB 0x000000070d000000| Untracked |  0
|   85|0x000000070d200000, 0x000000070d200000, 0x000000070d400000|  0%| F|  |TAMS 0x000000070d200000| PB 0x000000070d200000| Untracked |  0
|   86|0x000000070d400000, 0x000000070d400000, 0x000000070d600000|  0%| F|  |TAMS 0x000000070d400000| PB 0x000000070d400000| Untracked |  0
|   87|0x000000070d600000, 0x000000070d600000, 0x000000070d800000|  0%| F|  |TAMS 0x000000070d600000| PB 0x000000070d600000| Untracked |  0
|   88|0x000000070d800000, 0x000000070d800000, 0x000000070da00000|  0%| F|  |TAMS 0x000000070d800000| PB 0x000000070d800000| Untracked |  0
|   89|0x000000070da00000, 0x000000070da00000, 0x000000070dc00000|  0%| F|  |TAMS 0x000000070da00000| PB 0x000000070da00000| Untracked |  0
|   90|0x000000070dc00000, 0x000000070dc00000, 0x000000070de00000|  0%| F|  |TAMS 0x000000070dc00000| PB 0x000000070dc00000| Untracked |  0
|   91|0x000000070de00000, 0x000000070de00000, 0x000000070e000000|  0%| F|  |TAMS 0x000000070de00000| PB 0x000000070de00000| Untracked |  0
|   92|0x000000070e000000, 0x000000070e000000, 0x000000070e200000|  0%| F|  |TAMS 0x000000070e000000| PB 0x000000070e000000| Untracked |  0
|   93|0x000000070e200000, 0x000000070e200000, 0x000000070e400000|  0%| F|  |TAMS 0x000000070e200000| PB 0x000000070e200000| Untracked |  0
|   94|0x000000070e400000, 0x000000070e400000, 0x000000070e600000|  0%| F|  |TAMS 0x000000070e400000| PB 0x000000070e400000| Untracked |  0
|   95|0x000000070e600000, 0x000000070e600000, 0x000000070e800000|  0%| F|  |TAMS 0x000000070e600000| PB 0x000000070e600000| Untracked |  0
|   96|0x000000070e800000, 0x000000070e800000, 0x000000070ea00000|  0%| F|  |TAMS 0x000000070e800000| PB 0x000000070e800000| Untracked |  0
|   97|0x000000070ea00000, 0x000000070ea00000, 0x000000070ec00000|  0%| F|  |TAMS 0x000000070ea00000| PB 0x000000070ea00000| Untracked |  0
|   98|0x000000070ec00000, 0x000000070ec00000, 0x000000070ee00000|  0%| F|  |TAMS 0x000000070ec00000| PB 0x000000070ec00000| Untracked |  0
|   99|0x000000070ee00000, 0x000000070ee00000, 0x000000070f000000|  0%| F|  |TAMS 0x000000070ee00000| PB 0x000000070ee00000| Untracked |  0
|  100|0x000000070f000000, 0x000000070f000000, 0x000000070f200000|  0%| F|  |TAMS 0x000000070f000000| PB 0x000000070f000000| Untracked |  0
|  101|0x000000070f200000, 0x000000070f200000, 0x000000070f400000|  0%| F|  |TAMS 0x000000070f200000| PB 0x000000070f200000| Untracked |  0
|  102|0x000000070f400000, 0x000000070f400000, 0x000000070f600000|  0%| F|  |TAMS 0x000000070f400000| PB 0x000000070f400000| Untracked |  0
|  103|0x000000070f600000, 0x000000070f600000, 0x000000070f800000|  0%| F|  |TAMS 0x000000070f600000| PB 0x000000070f600000| Untracked |  0
|  104|0x000000070f800000, 0x000000070f800000, 0x000000070fa00000|  0%| F|  |TAMS 0x000000070f800000| PB 0x000000070f800000| Untracked |  0
|  105|0x000000070fa00000, 0x000000070fa00000, 0x000000070fc00000|  0%| F|  |TAMS 0x000000070fa00000| PB 0x000000070fa00000| Untracked |  0
|  106|0x000000070fc00000, 0x000000070fc00000, 0x000000070fe00000|  0%| F|  |TAMS 0x000000070fc00000| PB 0x000000070fc00000| Untracked |  0
|  107|0x000000070fe00000, 0x000000070fe00000, 0x0000000710000000|  0%| F|  |TAMS 0x000000070fe00000| PB 0x000000070fe00000| Untracked |  0
|  108|0x0000000710000000, 0x0000000710000000, 0x0000000710200000|  0%| F|  |TAMS 0x0000000710000000| PB 0x0000000710000000| Untracked |  0
|  109|0x0000000710200000, 0x0000000710262458, 0x0000000710400000| 19%| S|CS|TAMS 0x0000000710200000| PB 0x0000000710200000| Complete  |  0
|  110|0x0000000710400000, 0x0000000710600000, 0x0000000710600000|100%| S|CS|TAMS 0x0000000710400000| PB 0x0000000710400000| Complete  |  0
|  111|0x0000000710600000, 0x0000000710800000, 0x0000000710800000|100%| S|CS|TAMS 0x0000000710600000| PB 0x0000000710600000| Complete  |  0
|  112|0x0000000710800000, 0x0000000710800000, 0x0000000710a00000|  0%| F|  |TAMS 0x0000000710800000| PB 0x0000000710800000| Untracked |  0
|  113|0x0000000710a00000, 0x0000000710b00000, 0x0000000710c00000| 50%| E|CS|TAMS 0x0000000710a00000| PB 0x0000000710a00000| Complete  |  1
|  114|0x0000000710c00000, 0x0000000710e00000, 0x0000000710e00000|100%| E|CS|TAMS 0x0000000710c00000| PB 0x0000000710c00000| Complete  |  0
|  115|0x0000000710e00000, 0x0000000711000000, 0x0000000711000000|100%| E|CS|TAMS 0x0000000710e00000| PB 0x0000000710e00000| Complete  |  0
|  116|0x0000000711000000, 0x0000000711200000, 0x0000000711200000|100%| E|CS|TAMS 0x0000000711000000| PB 0x0000000711000000| Complete  |  0
|  117|0x0000000711200000, 0x0000000711400000, 0x0000000711400000|100%| E|CS|TAMS 0x0000000711200000| PB 0x0000000711200000| Complete  |  0
|  118|0x0000000711400000, 0x0000000711600000, 0x0000000711600000|100%| E|CS|TAMS 0x0000000711400000| PB 0x0000000711400000| Complete  |  0
|  119|0x0000000711600000, 0x0000000711800000, 0x0000000711800000|100%| E|CS|TAMS 0x0000000711600000| PB 0x0000000711600000| Complete  |  0
|  120|0x0000000711800000, 0x0000000711a00000, 0x0000000711a00000|100%| E|CS|TAMS 0x0000000711800000| PB 0x0000000711800000| Complete  |  0
|  121|0x0000000711a00000, 0x0000000711c00000, 0x0000000711c00000|100%| E|CS|TAMS 0x0000000711a00000| PB 0x0000000711a00000| Complete  |  0
|  122|0x0000000711c00000, 0x0000000711e00000, 0x0000000711e00000|100%| E|CS|TAMS 0x0000000711c00000| PB 0x0000000711c00000| Complete  |  0
|  123|0x0000000711e00000, 0x0000000712000000, 0x0000000712000000|100%| E|CS|TAMS 0x0000000711e00000| PB 0x0000000711e00000| Complete  |  0
|  124|0x0000000712000000, 0x0000000712200000, 0x0000000712200000|100%| E|CS|TAMS 0x0000000712000000| PB 0x0000000712000000| Complete  |  0
|  125|0x0000000712200000, 0x0000000712400000, 0x0000000712400000|100%| E|CS|TAMS 0x0000000712200000| PB 0x0000000712200000| Complete  |  0
|  126|0x0000000712400000, 0x0000000712600000, 0x0000000712600000|100%| E|CS|TAMS 0x0000000712400000| PB 0x0000000712400000| Complete  |  0
|  127|0x0000000712600000, 0x0000000712800000, 0x0000000712800000|100%| E|CS|TAMS 0x0000000712600000| PB 0x0000000712600000| Complete  |  0
|  128|0x0000000712800000, 0x0000000712a00000, 0x0000000712a00000|100%| E|CS|TAMS 0x0000000712800000| PB 0x0000000712800000| Complete  |  0
|  129|0x0000000712a00000, 0x0000000712c00000, 0x0000000712c00000|100%| E|CS|TAMS 0x0000000712a00000| PB 0x0000000712a00000| Complete  |  0
|  130|0x0000000712c00000, 0x0000000712e00000, 0x0000000712e00000|100%| E|CS|TAMS 0x0000000712c00000| PB 0x0000000712c00000| Complete  |  0
|  131|0x0000000712e00000, 0x0000000713000000, 0x0000000713000000|100%| E|CS|TAMS 0x0000000712e00000| PB 0x0000000712e00000| Complete  |  0
|  132|0x0000000713000000, 0x0000000713200000, 0x0000000713200000|100%| E|CS|TAMS 0x0000000713000000| PB 0x0000000713000000| Complete  |  0
|  133|0x0000000713200000, 0x0000000713400000, 0x0000000713400000|100%| E|CS|TAMS 0x0000000713200000| PB 0x0000000713200000| Complete  |  0
|  134|0x0000000713400000, 0x0000000713600000, 0x0000000713600000|100%| E|CS|TAMS 0x0000000713400000| PB 0x0000000713400000| Complete  |  0
|  135|0x0000000713600000, 0x0000000713800000, 0x0000000713800000|100%| E|CS|TAMS 0x0000000713600000| PB 0x0000000713600000| Complete  |  0
|  136|0x0000000713800000, 0x0000000713a00000, 0x0000000713a00000|100%| E|CS|TAMS 0x0000000713800000| PB 0x0000000713800000| Complete  |  0
|  137|0x0000000713a00000, 0x0000000713c00000, 0x0000000713c00000|100%| E|CS|TAMS 0x0000000713a00000| PB 0x0000000713a00000| Complete  |  0
|  138|0x0000000713c00000, 0x0000000713e00000, 0x0000000713e00000|100%| E|CS|TAMS 0x0000000713c00000| PB 0x0000000713c00000| Complete  |  0
|  139|0x0000000713e00000, 0x0000000714000000, 0x0000000714000000|100%| E|CS|TAMS 0x0000000713e00000| PB 0x0000000713e00000| Complete  |  0
|  140|0x0000000714000000, 0x0000000714200000, 0x0000000714200000|100%| E|CS|TAMS 0x0000000714000000| PB 0x0000000714000000| Complete  |  0
|  141|0x0000000714200000, 0x0000000714400000, 0x0000000714400000|100%| E|CS|TAMS 0x0000000714200000| PB 0x0000000714200000| Complete  |  0
|  142|0x0000000714400000, 0x0000000714600000, 0x0000000714600000|100%| E|CS|TAMS 0x0000000714400000| PB 0x0000000714400000| Complete  |  0
|  143|0x0000000714600000, 0x0000000714800000, 0x0000000714800000|100%| E|CS|TAMS 0x0000000714600000| PB 0x0000000714600000| Complete  |  0
|  144|0x0000000714800000, 0x0000000714a00000, 0x0000000714a00000|100%| E|CS|TAMS 0x0000000714800000| PB 0x0000000714800000| Complete  |  0
|  145|0x0000000714a00000, 0x0000000714c00000, 0x0000000714c00000|100%| E|CS|TAMS 0x0000000714a00000| PB 0x0000000714a00000| Complete  |  0
|  146|0x0000000714c00000, 0x0000000714e00000, 0x0000000714e00000|100%| E|CS|TAMS 0x0000000714c00000| PB 0x0000000714c00000| Complete  |  0
|  147|0x0000000714e00000, 0x0000000715000000, 0x0000000715000000|100%| E|CS|TAMS 0x0000000714e00000| PB 0x0000000714e00000| Complete  |  0
|  148|0x0000000715000000, 0x0000000715200000, 0x0000000715200000|100%| E|CS|TAMS 0x0000000715000000| PB 0x0000000715000000| Complete  |  0
|  149|0x0000000715200000, 0x0000000715400000, 0x0000000715400000|100%| E|CS|TAMS 0x0000000715200000| PB 0x0000000715200000| Complete  |  0
|  150|0x0000000715400000, 0x0000000715600000, 0x0000000715600000|100%| E|CS|TAMS 0x0000000715400000| PB 0x0000000715400000| Complete  |  0
|  151|0x0000000715600000, 0x0000000715800000, 0x0000000715800000|100%| E|CS|TAMS 0x0000000715600000| PB 0x0000000715600000| Complete  |  0
|  152|0x0000000715800000, 0x0000000715a00000, 0x0000000715a00000|100%| E|CS|TAMS 0x0000000715800000| PB 0x0000000715800000| Complete  |  0
|  153|0x0000000715a00000, 0x0000000715c00000, 0x0000000715c00000|100%| E|CS|TAMS 0x0000000715a00000| PB 0x0000000715a00000| Complete  |  0
|  154|0x0000000715c00000, 0x0000000715e00000, 0x0000000715e00000|100%| E|CS|TAMS 0x0000000715c00000| PB 0x0000000715c00000| Complete  |  0
|  155|0x0000000715e00000, 0x0000000716000000, 0x0000000716000000|100%| E|CS|TAMS 0x0000000715e00000| PB 0x0000000715e00000| Complete  |  0
|  156|0x0000000716000000, 0x0000000716200000, 0x0000000716200000|100%| E|CS|TAMS 0x0000000716000000| PB 0x0000000716000000| Complete  |  0
|  157|0x0000000716200000, 0x0000000716400000, 0x0000000716400000|100%| E|CS|TAMS 0x0000000716200000| PB 0x0000000716200000| Complete  |  0
|  158|0x0000000716400000, 0x0000000716600000, 0x0000000716600000|100%| E|CS|TAMS 0x0000000716400000| PB 0x0000000716400000| Complete  |  0
|  159|0x0000000716600000, 0x0000000716800000, 0x0000000716800000|100%| E|CS|TAMS 0x0000000716600000| PB 0x0000000716600000| Complete  |  0
| 2026|0x00000007ffc00000, 0x00000007ffe00000, 0x00000007ffe00000|100%| E|CS|TAMS 0x00000007ffc00000| PB 0x00000007ffc00000| Complete  |  0
| 2027|0x00000007ffe00000, 0x00000007fff27e90, 0x0000000800000000| 57%| O|  |TAMS 0x00000007ffe00000| PB 0x00000007ffe00000| Untracked |  0

Card table byte_map: [0x0000018cefd20000,0x0000018cf0510000] _byte_map_base: 0x0000018cec50c000
Refinement table byte_map: [0x0000018cef530000,0x0000018cefd20000] _byte_map_base: 0x0000018cebd1c000

Marking Bits: (CMBitMap*) 0x0000018cd6d9d380
 Bits: [0x0000018cf0510000, 0x0000018cf4470000)

Polling page: 0x0000018cd4ba0000

Metaspace:
Metaspace        used 36340K, committed 36864K, reserved 1114112K
 class space     used 4057K, committed 4288K, reserved 1048576K

Usage:
  Non-class:     31.53 MB used.
      Class:      3.96 MB used.
       Both:     35.49 MB used.

Virtual space:
  Non-class space:       64.00 MB reserved,      31.81 MB ( 50%) committed,  1 nodes.
      Class space:        1.00 GB reserved,       4.19 MB ( <1%) committed,  1 nodes.
             Both:        1.06 GB reserved,      36.00 MB (  3%) committed. 

Chunk freelists:
   Non-Class:  176.00 KB
       Class:  11.86 MB
        Both:  12.03 MB

MaxMetaspaceSize: unlimited
CompressedClassSpaceSize: 1.00 GB
Initial GC threshold: 21.00 MB
Current GC threshold: 59.94 MB
CDS: on
 - commit_granule_bytes: 65536.
 - commit_granule_words: 8192.
 - virtual_space_node_default_size: 8388608.
 - enlarge_chunks_in_place: 1.
UseCompressedClassPointers 1, UseCompactObjectHeaders 0
Narrow klass pointer bits 32, Max shift 3
Narrow klass base: 0x000000003e000000, Narrow klass shift: 0
Encoding Range: [0x000000003e000000 - 0x000000013e000000), (4294967296 bytes)
Klass Range:    [0x000000003e000000 - 0x000000007f000000), (1090519040 bytes)
Klass ID Range:  [8 - 1090519033) (1090519025)
Protection zone: [0x000000003e000000 - 0x000000003e010000), (65536 bytes)


Internal statistics:

num_allocs_failed_limit: 9.
num_arena_births: 350.
num_arena_deaths: 0.
num_vsnodes_births: 2.
num_vsnodes_deaths: 0.
num_space_committed: 576.
num_space_uncommitted: 0.
num_chunks_returned_to_freelist: 9.
num_chunks_taken_from_freelist: 1740.
num_chunk_merges: 9.
num_chunk_splits: 1199.
num_chunks_enlarged: 930.
num_inconsistent_stats: 0.

CodeHeap 'non-profiled nmethods': size=120064Kb used=7350Kb max_used=7626Kb free=112713Kb
 bounds [0x0000018ce74d0000, 0x0000018ce7c50000, 0x0000018ceea10000]
CodeHeap 'profiled nmethods': size=120064Kb used=24572Kb max_used=25887Kb free=95491Kb
 bounds [0x0000018cdf9f0000, 0x0000018ce1340000, 0x0000018ce6f30000]
CodeHeap 'non-nmethods': size=5760Kb used=1484Kb max_used=1579Kb free=4275Kb
 bounds [0x0000018ce6f30000, 0x0000018ce71a0000, 0x0000018ce74d0000]
CodeCache: size=245888Kb, used=33406Kb, max_used=35092Kb, free=212479Kb
 total_blobs=14242, nmethods=13646, adapters=499, full_count=0
Compilation: enabled, stopped_count=0, restarted_count=0

Compilation events (20 events):
Event: 32.795 Thread 0x0000018cf6e5cfd0 14433       2       java.util.stream.SpinedBuffer::get (123 bytes)
Event: 32.796 Thread 0x0000018cf6e5cfd0 nmethod 14433 0x0000018cdfe42408 code [0x0000018cdfe42500, 0x0000018cdfe42a28]
Event: 32.796 Thread 0x0000018cf6e5cfd0 14434       2       jdk.internal.jrtfs.JrtDirectoryStream$1::next (5 bytes)
Event: 32.796 Thread 0x0000018cf6e5cfd0 nmethod 14434 0x0000018cdfca8108 code [0x0000018cdfca8200, 0x0000018cdfca8318]
Event: 32.796 Thread 0x0000018cf6e5cfd0 14435   !   2       jdk.internal.jrtfs.JrtDirectoryStream$1::next (48 bytes)
Event: 32.796 Thread 0x0000018cf6e5cfd0 nmethod 14435 0x0000018cdfd26908 code [0x0000018cdfd26a00, 0x0000018cdfd26df0]
Event: 32.809 Thread 0x0000018cf6e5cfd0 14440       3       com.sun.tools.javac.code.ClassFinder$$Lambda/0x000000003f2ae1f0::complete (9 bytes)
Event: 32.810 Thread 0x0000018cf6e5cfd0 nmethod 14440 0x0000018cdfcaf888 code [0x0000018cdfcaf980, 0x0000018cdfcafac0]
Event: 32.812 Thread 0x0000018cf6e5cfd0 14441   !   3       com.sun.tools.javac.code.ClassFinder::complete (178 bytes)
Event: 32.814 Thread 0x0000018cf6e5cfd0 nmethod 14441 0x0000018cdfb2a508 code [0x0000018cdfb2a600, 0x0000018cdfb2b658]
Event: 32.818 Thread 0x0000018cf6e5cfd0 14442       3       jdk.internal.jrtfs.JrtPath::checkPath (49 bytes)
Event: 32.819 Thread 0x0000018cf6e5cfd0 nmethod 14442 0x0000018cdfbbff08 code [0x0000018cdfbc0000, 0x0000018cdfbc0d70]
Event: 32.819 Thread 0x0000018cf6e5cfd0 14443       3       jdk.internal.jrtfs.JrtPath::resolve (125 bytes)
Event: 32.820 Thread 0x0000018cf6e5cfd0 nmethod 14443 0x0000018cdfa21208 code [0x0000018cdfa21300, 0x0000018cdfa23498]
Event: 32.827 Thread 0x0000018cf6e5cfd0 14445   !   3       java.nio.file.spi.FileSystemProvider::exists (42 bytes)
Event: 32.827 Thread 0x0000018cf6e5cfd0 nmethod 14445 0x0000018cdfe60d88 code [0x0000018cdfe60e80, 0x0000018cdfe61470]
Event: 32.827 Thread 0x0000018cf6e5cfd0 14446       3       java.nio.file.spi.FileSystemProvider::followLinks (66 bytes)
Event: 32.827 Thread 0x0000018cf6e5cfd0 nmethod 14446 0x0000018cdfd94f08 code [0x0000018cdfd95000, 0x0000018cdfd953c8]
Event: 32.869 Thread 0x0000018cf6e5cfd0 14447   !   3       com.sun.tools.javac.comp.TypeEnter::complete (225 bytes)
Event: 33.769 Thread 0x0000018cf6e5cfd0 nmethod 14447 0x0000018cdfa92f88 code [0x0000018cdfa93080, 0x0000018cdfa95238]

GC Heap Usage History (20 events):
Event: 14.751 {heap Before GC invocations=16 (full 0):
 garbage-first heap   total reserved 4153344K, committed 331776K, used 247566K [0x0000000702800000, 0x0000000800000000)
  region size 2M, 79 eden (158M), 5 survivor (10M), 31 old (62M), 8 humongous (16M), 39 free (78M)
}
Event: 14.764 {heap After GC invocations=17 (full 0):
 garbage-first heap   total reserved 4153344K, committed 331776K, used 103437K [0x0000000702800000, 0x0000000800000000)
  region size 2M, 0 eden (0M), 11 survivor (22M), 34 old (68M), 6 humongous (12M), 111 free (222M)
}
Event: 16.822 {heap Before GC invocations=17 (full 0):
 garbage-first heap   total reserved 4153344K, committed 331776K, used 257037K [0x0000000702800000, 0x0000000800000000)
  region size 2M, 73 eden (146M), 11 survivor (22M), 34 old (68M), 8 humongous (16M), 36 free (72M)
}
Event: 16.836 {heap After GC invocations=18 (full 0):
 garbage-first heap   total reserved 4153344K, committed 331776K, used 113932K [0x0000000702800000, 0x0000000800000000)
  region size 2M, 0 eden (0M), 9 survivor (18M), 40 old (80M), 8 humongous (16M), 105 free (210M)
}
Event: 17.865 {heap Before GC invocations=18 (full 0):
 garbage-first heap   total reserved 4153344K, committed 331776K, used 259340K [0x0000000702800000, 0x0000000800000000)
  region size 2M, 71 eden (142M), 9 survivor (18M), 40 old (80M), 8 humongous (16M), 34 free (68M)
}
Event: 17.885 {heap After GC invocations=19 (full 0):
 garbage-first heap   total reserved 4153344K, committed 331776K, used 128880K [0x0000000702800000, 0x0000000800000000)
  region size 2M, 0 eden (0M), 10 survivor (20M), 47 old (94M), 7 humongous (14M), 98 free (196M)
}
Event: 19.378 {heap Before GC invocations=19 (full 0):
 garbage-first heap   total reserved 4153344K, committed 331776K, used 266096K [0x0000000702800000, 0x0000000800000000)
  region size 2M, 67 eden (134M), 10 survivor (20M), 47 old (94M), 8 humongous (16M), 30 free (60M)
}
Event: 19.389 {heap After GC invocations=20 (full 0):
 garbage-first heap   total reserved 4153344K, committed 331776K, used 133420K [0x0000000702800000, 0x0000000800000000)
  region size 2M, 0 eden (0M), 3 survivor (6M), 55 old (110M), 8 humongous (16M), 96 free (192M)
}
Event: 22.061 {heap Before GC invocations=20 (full 0):
 garbage-first heap   total reserved 4153344K, committed 331776K, used 276780K [0x0000000702800000, 0x0000000800000000)
  region size 2M, 69 eden (138M), 3 survivor (6M), 55 old (110M), 9 humongous (18M), 26 free (52M)
}
Event: 22.064 {heap After GC invocations=21 (full 0):
 garbage-first heap   total reserved 4153344K, committed 331776K, used 129393K [0x0000000702800000, 0x0000000800000000)
  region size 2M, 0 eden (0M), 3 survivor (6M), 54 old (108M), 8 humongous (16M), 97 free (194M)
}
Event: 24.048 {heap Before GC invocations=21 (full 0):
 garbage-first heap   total reserved 4153344K, committed 331776K, used 285041K [0x0000000702800000, 0x0000000800000000)
  region size 2M, 73 eden (146M), 3 survivor (6M), 54 old (108M), 11 humongous (22M), 21 free (42M)
}
Event: 24.059 {heap After GC invocations=22 (full 0):
 garbage-first heap   total reserved 4153344K, committed 331776K, used 148935K [0x0000000702800000, 0x0000000800000000)
  region size 2M, 0 eden (0M), 10 survivor (20M), 54 old (108M), 10 humongous (20M), 88 free (176M)
}
Event: 25.466 {heap Before GC invocations=22 (full 0):
 garbage-first heap   total reserved 4153344K, committed 331776K, used 282055K [0x0000000702800000, 0x0000000800000000)
  region size 2M, 64 eden (128M), 10 survivor (20M), 54 old (108M), 12 humongous (24M), 22 free (44M)
}
Event: 25.481 {heap After GC invocations=23 (full 0):
 garbage-first heap   total reserved 4153344K, committed 331776K, used 150375K [0x0000000702800000, 0x0000000800000000)
  region size 2M, 0 eden (0M), 10 survivor (20M), 55 old (110M), 10 humongous (20M), 87 free (174M)
}
Event: 27.670 {heap Before GC invocations=23 (full 0):
 garbage-first heap   total reserved 4153344K, committed 331776K, used 279399K [0x0000000702800000, 0x0000000800000000)
  region size 2M, 62 eden (124M), 10 survivor (20M), 55 old (110M), 11 humongous (22M), 24 free (48M)
}
Event: 27.683 {heap After GC invocations=24 (full 0):
 garbage-first heap   total reserved 4153344K, committed 331776K, used 153308K [0x0000000702800000, 0x0000000800000000)
  region size 2M, 0 eden (0M), 9 survivor (18M), 57 old (114M), 10 humongous (20M), 86 free (172M)
}
Event: 28.952 {heap Before GC invocations=24 (full 0):
 garbage-first heap   total reserved 4153344K, committed 331776K, used 274140K [0x0000000702800000, 0x0000000800000000)
  region size 2M, 59 eden (118M), 9 survivor (18M), 57 old (114M), 10 humongous (20M), 27 free (54M)
}
Event: 28.972 {heap After GC invocations=25 (full 0):
 garbage-first heap   total reserved 4153344K, committed 331776K, used 168727K [0x0000000702800000, 0x0000000800000000)
  region size 2M, 0 eden (0M), 8 survivor (16M), 65 old (130M), 10 humongous (20M), 79 free (158M)
}
Event: 32.187 {heap Before GC invocations=25 (full 0):
 garbage-first heap   total reserved 4153344K, committed 331776K, used 267031K [0x0000000702800000, 0x0000000800000000)
  region size 2M, 49 eden (98M), 8 survivor (16M), 65 old (130M), 10 humongous (20M), 30 free (60M)
}
Event: 32.200 {heap After GC invocations=26 (full 0):
 garbage-first heap   total reserved 4153344K, committed 331776K, used 168955K [0x0000000702800000, 0x0000000800000000)
  region size 2M, 0 eden (0M), 3 survivor (6M), 71 old (142M), 10 humongous (20M), 78 free (156M)
}

Metaspace Usage History (20 events):
Event: 14.751 {metaspace Before GC invocations=16 (full 0):
 Metaspace       used 34107K, committed 34560K, reserved 1114112K
  class space    used 3968K, committed 4160K, reserved 1048576K
}
Event: 14.764 {metaspace After GC invocations=17 (full 0):
 Metaspace       used 34107K, committed 34560K, reserved 1114112K
  class space    used 3968K, committed 4160K, reserved 1048576K
}
Event: 16.822 {metaspace Before GC invocations=17 (full 0):
 Metaspace       used 34641K, committed 35136K, reserved 1114112K
  class space    used 3977K, committed 4160K, reserved 1048576K
}
Event: 16.836 {metaspace After GC invocations=18 (full 0):
 Metaspace       used 34641K, committed 35136K, reserved 1114112K
  class space    used 3977K, committed 4160K, reserved 1048576K
}
Event: 17.865 {metaspace Before GC invocations=18 (full 0):
 Metaspace       used 34797K, committed 35264K, reserved 1114112K
  class space    used 3977K, committed 4160K, reserved 1048576K
}
Event: 17.885 {metaspace After GC invocations=19 (full 0):
 Metaspace       used 34797K, committed 35264K, reserved 1114112K
  class space    used 3977K, committed 4160K, reserved 1048576K
}
Event: 19.378 {metaspace Before GC invocations=19 (full 0):
 Metaspace       used 35009K, committed 35456K, reserved 1114112K
  class space    used 3978K, committed 4160K, reserved 1048576K
}
Event: 19.389 {metaspace After GC invocations=20 (full 0):
 Metaspace       used 35009K, committed 35456K, reserved 1114112K
  class space    used 3978K, committed 4160K, reserved 1048576K
}
Event: 22.061 {metaspace Before GC invocations=20 (full 0):
 Metaspace       used 35182K, committed 35648K, reserved 1114112K
  class space    used 3985K, committed 4160K, reserved 1048576K
}
Event: 22.064 {metaspace After GC invocations=21 (full 0):
 Metaspace       used 35182K, committed 35648K, reserved 1114112K
  class space    used 3985K, committed 4160K, reserved 1048576K
}
Event: 24.048 {metaspace Before GC invocations=21 (full 0):
 Metaspace       used 35256K, committed 35712K, reserved 1114112K
  class space    used 3985K, committed 4160K, reserved 1048576K
}
Event: 24.059 {metaspace After GC invocations=22 (full 0):
 Metaspace       used 35256K, committed 35712K, reserved 1114112K
  class space    used 3985K, committed 4160K, reserved 1048576K
}
Event: 25.466 {metaspace Before GC invocations=22 (full 0):
 Metaspace       used 35306K, committed 35712K, reserved 1114112K
  class space    used 3985K, committed 4160K, reserved 1048576K
}
Event: 25.481 {metaspace After GC invocations=23 (full 0):
 Metaspace       used 35306K, committed 35712K, reserved 1114112K
  class space    used 3985K, committed 4160K, reserved 1048576K
}
Event: 27.670 {metaspace Before GC invocations=23 (full 0):
 Metaspace       used 35371K, committed 35776K, reserved 1114112K
  class space    used 3985K, committed 4160K, reserved 1048576K
}
Event: 27.683 {metaspace After GC invocations=24 (full 0):
 Metaspace       used 35371K, committed 35776K, reserved 1114112K
  class space    used 3985K, committed 4160K, reserved 1048576K
}
Event: 28.952 {metaspace Before GC invocations=24 (full 0):
 Metaspace       used 35446K, committed 35904K, reserved 1114112K
  class space    used 3988K, committed 4224K, reserved 1048576K
}
Event: 28.972 {metaspace After GC invocations=25 (full 0):
 Metaspace       used 35446K, committed 35904K, reserved 1114112K
  class space    used 3988K, committed 4224K, reserved 1048576K
}
Event: 32.187 {metaspace Before GC invocations=25 (full 0):
 Metaspace       used 36221K, committed 36736K, reserved 1114112K
  class space    used 4043K, committed 4288K, reserved 1048576K
}
Event: 32.200 {metaspace After GC invocations=26 (full 0):
 Metaspace       used 36221K, committed 36736K, reserved 1114112K
  class space    used 4043K, committed 4288K, reserved 1048576K
}

Dll operation events (14 events):
Event: 0.021 Attempting to load shared library C:\Program Files\Java\jdk-26.0.1\bin\java.dll
Event: 0.026 Loaded shared library C:\Program Files\Java\jdk-26.0.1\bin\java.dll
Event: 0.101 Attempting to load shared library C:\Program Files\Java\jdk-26.0.1\bin\net.dll
Event: 0.102 Loaded shared library C:\Program Files\Java\jdk-26.0.1\bin\net.dll
Event: 0.104 Attempting to load shared library C:\Program Files\Java\jdk-26.0.1\bin\nio.dll
Event: 0.104 Loaded shared library C:\Program Files\Java\jdk-26.0.1\bin\nio.dll
Event: 0.110 Attempting to load shared library C:\Program Files\Java\jdk-26.0.1\bin\zip.dll
Event: 0.111 Loaded shared library C:\Program Files\Java\jdk-26.0.1\bin\zip.dll
Event: 0.241 Attempting to load shared library C:\Program Files\NetBeans-30\netbeans\java\maven\lib\jansi-native\Windows\x86_64\jansi.dll
Event: 0.242 Attempting to load shared library C:\Program Files\Java\jdk-26.0.1\bin\jimage.dll
Event: 0.242 Loaded shared library C:\Program Files\Java\jdk-26.0.1\bin\jimage.dll
Event: 0.242 Loaded shared library C:\Program Files\NetBeans-30\netbeans\java\maven\lib\jansi-native\Windows\x86_64\jansi.dll
Event: 0.255 Attempting to load shared library C:\Program Files\Java\jdk-26.0.1\bin\verify.dll
Event: 0.255 Loaded shared library C:\Program Files\Java\jdk-26.0.1\bin\verify.dll

Deoptimization events (20 events):
Event: 32.761 Thread 0x0000018cd48d3850 Uncommon trap: trap_request=0xffffffc6 fr.pc=0x0000018ce77b86bc relative=0x0000000000000fbc
Event: 32.761 Thread 0x0000018cd48d3850 Uncommon trap: reason=bimorphic_or_optimized_type_check action=maybe_recompile pc=0x0000018ce77b86bc method=com.sun.tools.javac.file.BaseFileManager.getKind(Ljava/nio/file/Path;)Ljavax/tools/JavaFileObject$Kind; @ 1 c2
Event: 32.761 Thread 0x0000018cd48d3850 DEOPT PACKING pc=0x0000018ce77b86bc sp=0x0000008beb7fd310
Event: 32.761 Thread 0x0000018cd48d3850 DEOPT UNPACKING pc=0x0000018ce7053d82 sp=0x0000008beb7fd288 mode 2
Event: 32.761 Thread 0x0000018cd48d3850 Uncommon trap: trap_request=0xffffffc6 fr.pc=0x0000018ce77b86bc relative=0x0000000000000fbc
Event: 32.761 Thread 0x0000018cd48d3850 Uncommon trap: reason=bimorphic_or_optimized_type_check action=maybe_recompile pc=0x0000018ce77b86bc method=com.sun.tools.javac.file.BaseFileManager.getKind(Ljava/nio/file/Path;)Ljavax/tools/JavaFileObject$Kind; @ 1 c2
Event: 32.761 Thread 0x0000018cd48d3850 DEOPT PACKING pc=0x0000018ce77b86bc sp=0x0000008beb7fd3e0
Event: 32.761 Thread 0x0000018cd48d3850 DEOPT UNPACKING pc=0x0000018ce7053d82 sp=0x0000008beb7fd358 mode 2
Event: 32.761 Thread 0x0000018cd48d3850 Uncommon trap: trap_request=0xffffffc6 fr.pc=0x0000018ce77b86bc relative=0x0000000000000fbc
Event: 32.761 Thread 0x0000018cd48d3850 Uncommon trap: reason=bimorphic_or_optimized_type_check action=maybe_recompile pc=0x0000018ce77b86bc method=com.sun.tools.javac.file.BaseFileManager.getKind(Ljava/nio/file/Path;)Ljavax/tools/JavaFileObject$Kind; @ 1 c2
Event: 32.761 Thread 0x0000018cd48d3850 DEOPT PACKING pc=0x0000018ce77b86bc sp=0x0000008beb7fd320
Event: 32.761 Thread 0x0000018cd48d3850 DEOPT UNPACKING pc=0x0000018ce7053d82 sp=0x0000008beb7fd2a0 mode 2
Event: 32.786 Thread 0x0000018cd48d3850 Uncommon trap: trap_request=0xffffffc6 fr.pc=0x0000018ce79d9f80 relative=0x0000000000002300
Event: 32.786 Thread 0x0000018cd48d3850 Uncommon trap: reason=bimorphic_or_optimized_type_check action=maybe_recompile pc=0x0000018ce79d9f80 method=com.sun.tools.javac.code.ClassFinder.fillIn(Lcom/sun/tools/javac/code/Symbol$ClassSymbol;)V @ 149 c2
Event: 32.786 Thread 0x0000018cd48d3850 DEOPT PACKING pc=0x0000018ce79d9f80 sp=0x0000008beb7fd250
Event: 32.786 Thread 0x0000018cd48d3850 DEOPT UNPACKING pc=0x0000018ce7053d82 sp=0x0000008beb7fd168 mode 2
Event: 32.787 Thread 0x0000018cd48d3850 Uncommon trap: trap_request=0xffffffc6 fr.pc=0x0000018ce7a2ae94 relative=0x0000000000002194
Event: 32.787 Thread 0x0000018cd48d3850 Uncommon trap: reason=bimorphic_or_optimized_type_check action=maybe_recompile pc=0x0000018ce7a2ae94 method=com.sun.tools.javac.code.ClassFinder.fillIn(Lcom/sun/tools/javac/code/Symbol$ClassSymbol;)V @ 149 c2
Event: 32.787 Thread 0x0000018cd48d3850 DEOPT PACKING pc=0x0000018ce7a2ae94 sp=0x0000008beb7fd1d0
Event: 32.787 Thread 0x0000018cd48d3850 DEOPT UNPACKING pc=0x0000018ce7053d82 sp=0x0000008beb7fd160 mode 2

Classes loaded (20 events):
Event: 16.454 Loading class sun/nio/ch/SocketOutputStream
Event: 16.454 Loading class sun/nio/ch/SocketOutputStream done
Event: 28.090 Loading class java/util/function/UnaryOperator
Event: 28.090 Loading class java/util/function/UnaryOperator done
Event: 32.585 Loading class jdk/internal/jrtfs/JrtDirectoryStream
Event: 32.586 Loading class jdk/internal/jrtfs/JrtDirectoryStream done
Event: 32.587 Loading class java/nio/ByteBufferAsIntBufferL
Event: 32.587 Loading class java/nio/ByteBufferAsIntBufferL done
Event: 32.596 Loading class java/util/stream/StreamSpliterators$WrappingSpliterator
Event: 32.596 Loading class java/util/stream/StreamSpliterators$AbstractWrappingSpliterator
Event: 32.596 Loading class java/util/stream/StreamSpliterators$AbstractWrappingSpliterator done
Event: 32.596 Loading class java/util/stream/StreamSpliterators$WrappingSpliterator done
Event: 32.596 Loading class jdk/internal/jrtfs/JrtDirectoryStream$1
Event: 32.597 Loading class jdk/internal/jrtfs/JrtDirectoryStream$1 done
Event: 32.597 Loading class java/util/stream/StreamSpliterators
Event: 32.597 Loading class java/util/stream/StreamSpliterators done
Event: 32.597 Loading class java/util/function/BooleanSupplier
Event: 32.598 Loading class java/util/function/BooleanSupplier done
Event: 32.599 Loading class jdk/internal/jrtfs/JrtFileAttributes
Event: 32.600 Loading class jdk/internal/jrtfs/JrtFileAttributes done

Classes unloaded (0 events):
No events

Classes redefined (0 events):
No events

Internal exceptions (20 events):
Event: 32.880 Thread 0x0000018cd48d3850 Exception <a 'sun/nio/fs/WindowsException'{0x0000000711819a68}> (0x0000000711819a68) 
thrown [s\open\src\hotspot\share\prims\jni.cpp, line 514]
Event: 32.880 Thread 0x0000018cd48d3850 Exception <a 'sun/nio/fs/WindowsException'{0x000000071181be98}> (0x000000071181be98) 
thrown [s\open\src\hotspot\share\prims\jni.cpp, line 514]
Event: 32.880 Thread 0x0000018cd48d3850 Exception <a 'sun/nio/fs/WindowsException'{0x000000071181fe38}> (0x000000071181fe38) 
thrown [s\open\src\hotspot\share\prims\jni.cpp, line 514]
Event: 32.880 Thread 0x0000018cd48d3850 Exception <a 'sun/nio/fs/WindowsException'{0x0000000711820890}> (0x0000000711820890) 
thrown [s\open\src\hotspot\share\prims\jni.cpp, line 514]
Event: 32.882 Thread 0x0000018cd48d3850 Exception <a 'sun/nio/fs/WindowsException'{0x00000007118bbc08}> (0x00000007118bbc08) 
thrown [s\open\src\hotspot\share\prims\jni.cpp, line 514]
Event: 32.882 Thread 0x0000018cd48d3850 Exception <a 'sun/nio/fs/WindowsException'{0x00000007118bdf40}> (0x00000007118bdf40) 
thrown [s\open\src\hotspot\share\prims\jni.cpp, line 514]
Event: 32.883 Thread 0x0000018cd48d3850 Exception <a 'sun/nio/fs/WindowsException'{0x00000007118beca0}> (0x00000007118beca0) 
thrown [s\open\src\hotspot\share\prims\jni.cpp, line 514]
Event: 32.883 Thread 0x0000018cd48d3850 Exception <a 'sun/nio/fs/WindowsException'{0x00000007118bf938}> (0x00000007118bf938) 
thrown [s\open\src\hotspot\share\prims\jni.cpp, line 514]
Event: 32.883 Thread 0x0000018cd48d3850 Exception <a 'sun/nio/fs/WindowsException'{0x00000007118c13a8}> (0x00000007118c13a8) 
thrown [s\open\src\hotspot\share\prims\jni.cpp, line 514]
Event: 32.883 Thread 0x0000018cd48d3850 Exception <a 'sun/nio/fs/WindowsException'{0x00000007118c4968}> (0x00000007118c4968) 
thrown [s\open\src\hotspot\share\prims\jni.cpp, line 514]
Event: 32.883 Thread 0x0000018cd48d3850 Exception <a 'sun/nio/fs/WindowsException'{0x00000007118c9740}> (0x00000007118c9740) 
thrown [s\open\src\hotspot\share\prims\jni.cpp, line 514]
Event: 32.883 Thread 0x0000018cd48d3850 Exception <a 'sun/nio/fs/WindowsException'{0x00000007118ca160}> (0x00000007118ca160) 
thrown [s\open\src\hotspot\share\prims\jni.cpp, line 514]
Event: 32.884 Thread 0x0000018cd48d3850 Exception <a 'sun/nio/fs/WindowsException'{0x0000000711928db0}> (0x0000000711928db0) 
thrown [s\open\src\hotspot\share\prims\jni.cpp, line 514]
Event: 32.884 Thread 0x0000018cd48d3850 Exception <a 'sun/nio/fs/WindowsException'{0x0000000711929e68}> (0x0000000711929e68) 
thrown [s\open\src\hotspot\share\prims\jni.cpp, line 514]
Event: 32.884 Thread 0x0000018cd48d3850 Exception <a 'sun/nio/fs/WindowsException'{0x000000071192ac48}> (0x000000071192ac48) 
thrown [s\open\src\hotspot\share\prims\jni.cpp, line 514]
Event: 32.884 Thread 0x0000018cd48d3850 Exception <a 'sun/nio/fs/WindowsException'{0x000000071192b928}> (0x000000071192b928) 
thrown [s\open\src\hotspot\share\prims\jni.cpp, line 514]
Event: 32.884 Thread 0x0000018cd48d3850 Exception <a 'sun/nio/fs/WindowsException'{0x000000071192d1f0}> (0x000000071192d1f0) 
thrown [s\open\src\hotspot\share\prims\jni.cpp, line 514]
Event: 32.884 Thread 0x0000018cd48d3850 Exception <a 'sun/nio/fs/WindowsException'{0x000000071192fd48}> (0x000000071192fd48) 
thrown [s\open\src\hotspot\share\prims\jni.cpp, line 514]
Event: 32.885 Thread 0x0000018cd48d3850 Exception <a 'sun/nio/fs/WindowsException'{0x0000000711934fb8}> (0x0000000711934fb8) 
thrown [s\open\src\hotspot\share\prims\jni.cpp, line 514]
Event: 32.885 Thread 0x0000018cd48d3850 Exception <a 'sun/nio/fs/WindowsException'{0x0000000711935a20}> (0x0000000711935a20) 
thrown [s\open\src\hotspot\share\prims\jni.cpp, line 514]

VM Operations (20 events):
Event: 24.048 Executing safepoint VM operation: G1CollectForAllocation (G1 Evacuation Pause)
Event: 24.059 Executing safepoint VM operation: G1CollectForAllocation (G1 Evacuation Pause) done
Event: 25.466 Executing safepoint VM operation: G1CollectForAllocation (G1 Evacuation Pause)
Event: 25.481 Executing safepoint VM operation: G1CollectForAllocation (G1 Evacuation Pause) done
Event: 27.670 Executing safepoint VM operation: G1CollectForAllocation (G1 Evacuation Pause)
Event: 27.683 Executing safepoint VM operation: G1CollectForAllocation (G1 Evacuation Pause) done
Event: 28.952 Executing safepoint VM operation: G1CollectForAllocation (G1 Evacuation Pause)
Event: 28.972 Executing safepoint VM operation: G1CollectForAllocation (G1 Evacuation Pause) done
Event: 32.187 Executing safepoint VM operation: CollectForMetadataAllocation (Metadata GC Threshold)
Event: 32.200 Executing safepoint VM operation: CollectForMetadataAllocation (Metadata GC Threshold) done
Event: 32.264 Executing safepoint VM operation: G1PauseRemark
Event: 32.274 Executing safepoint VM operation: G1PauseRemark done
Event: 32.295 Executing safepoint VM operation: G1PauseCleanup
Event: 32.295 Executing safepoint VM operation: G1PauseCleanup done
Event: 32.585 Executing non-safepoint VM operation: HandshakeAllThreads (Deoptimize)
Event: 32.585 Executing non-safepoint VM operation: HandshakeAllThreads (Deoptimize) done
Event: 32.590 Executing non-safepoint VM operation: HandshakeAllThreads (Deoptimize)
Event: 32.590 Executing non-safepoint VM operation: HandshakeAllThreads (Deoptimize) done
Event: 32.593 Executing non-safepoint VM operation: HandshakeAllThreads (Deoptimize)
Event: 32.593 Executing non-safepoint VM operation: HandshakeAllThreads (Deoptimize) done

Memory protections (0 events):
No events

Nmethod flushes (20 events):
Event: 32.272 Thread 0x0000018cf6e1a110 flushing  nmethod 0x0000018cdfd03988
Event: 32.272 Thread 0x0000018cf6e1a110 flushing  nmethod 0x0000018cdfd03e88
Event: 32.272 Thread 0x0000018cf6e1a110 flushing  nmethod 0x0000018cdfd2f088
Event: 32.272 Thread 0x0000018cf6e1a110 flushing  nmethod 0x0000018cdfd31288
Event: 32.272 Thread 0x0000018cf6e1a110 flushing  nmethod 0x0000018cdfd31688
Event: 32.272 Thread 0x0000018cf6e1a110 flushing  nmethod 0x0000018cdfd31f88
Event: 32.272 Thread 0x0000018cf6e1a110 flushing  nmethod 0x0000018cdfe60d88
Event: 32.272 Thread 0x0000018cf6e1a110 flushing  nmethod 0x0000018cdfe61108
Event: 32.272 Thread 0x0000018cf6e1a110 flushing  nmethod 0x0000018cdfe61f88
Event: 32.272 Thread 0x0000018cf6e1a110 flushing  nmethod 0x0000018cdfe64308
Event: 32.272 Thread 0x0000018cf6e1a110 flushing  nmethod 0x0000018cdfe6bd88
Event: 32.272 Thread 0x0000018cf6e1a110 flushing  nmethod 0x0000018cdfe6c088
Event: 32.272 Thread 0x0000018cf6e1a110 flushing  nmethod 0x0000018cdfe6c608
Event: 32.272 Thread 0x0000018cf6e1a110 flushing  nmethod 0x0000018cdfe6dd08
Event: 32.272 Thread 0x0000018cf6e1a110 flushing  nmethod 0x0000018cdff25688
Event: 32.272 Thread 0x0000018cf6e1a110 flushing  nmethod 0x0000018cdff2d608
Event: 32.272 Thread 0x0000018cf6e1a110 flushing  nmethod 0x0000018cdff2db08
Event: 32.272 Thread 0x0000018cf6e1a110 flushing  nmethod 0x0000018ce002bc88
Event: 32.272 Thread 0x0000018cf6e1a110 flushing  nmethod 0x0000018ce011a808
Event: 32.272 Thread 0x0000018cf6e1a110 flushing  nmethod 0x0000018ce01dd088

Events (20 events):
Event: 26.528 Thread 0x0000018cfb9b8630 Thread exited: 0x0000018cfb9b8630
Event: 28.307 Thread 0x0000018cf6e5cfd0 Thread added: 0x0000018cfb9b8630
Event: 29.752 Thread 0x0000018cd48d3850 Thread added: 0x0000018c80159080
Event: 29.752 Thread 0x0000018cd48d3850 Thread added: 0x0000018c8015cf00
Event: 29.753 Thread 0x0000018cd48d3850 Thread added: 0x0000018c80159850
Event: 29.753 Thread 0x0000018cd48d3850 Thread added: 0x0000018c8015d6d0
Event: 29.753 Thread 0x0000018cd48d3850 Thread added: 0x0000018c801605b0
Event: 29.753 Thread 0x0000018cd48d3850 Thread added: 0x0000018c8015e670
Event: 29.753 Thread 0x0000018cd48d3850 Thread added: 0x0000018c8015f610
Event: 29.753 Thread 0x0000018cd48d3850 Thread added: 0x0000018cfcf17110
Event: 29.811 Thread 0x0000018c801605b0 Thread exited: 0x0000018c801605b0
Event: 29.811 Thread 0x0000018c8015d6d0 Thread exited: 0x0000018c8015d6d0
Event: 29.811 Thread 0x0000018c80159850 Thread exited: 0x0000018c80159850
Event: 29.811 Thread 0x0000018c8015cf00 Thread exited: 0x0000018c8015cf00
Event: 29.811 Thread 0x0000018c8015f610 Thread exited: 0x0000018c8015f610
Event: 29.811 Thread 0x0000018c80159080 Thread exited: 0x0000018c80159080
Event: 29.811 Thread 0x0000018cfcf17110 Thread exited: 0x0000018cfcf17110
Event: 29.811 Thread 0x0000018c8015e670 Thread exited: 0x0000018c8015e670
Event: 31.943 Thread 0x0000018cfb9b8630 Thread exited: 0x0000018cfb9b8630
Event: 32.153 Thread 0x0000018cf6e5cfd0 Thread added: 0x0000018c801cd150


Dynamic libraries:
0x00007ff7008e0000 - 0x00007ff7008ee000 	C:\Program Files\Java\jdk-26.0.1\bin\java.exe
0x00007ffa12600000 - 0x00007ffa12866000 	C:\WINDOWS\SYSTEM32\ntdll.dll
0x00007ffa11790000 - 0x00007ffa11859000 	C:\WINDOWS\System32\KERNEL32.DLL
0x00007ffa0fb00000 - 0x00007ffa0fefe000 	C:\WINDOWS\System32\KERNELBASE.dll
0x00007ffa0f9a0000 - 0x00007ffa0faec000 	C:\WINDOWS\System32\ucrtbase.dll
0x00007ff9deec0000 - 0x00007ff9deed7000 	C:\Program Files\Java\jdk-26.0.1\bin\jli.dll
0x00007ff9deee0000 - 0x00007ff9deefe000 	C:\Program Files\Java\jdk-26.0.1\bin\VCRUNTIME140.dll
0x00007ffa11580000 - 0x00007ffa11747000 	C:\WINDOWS\System32\USER32.dll
0x00007ff9f4790000 - 0x00007ff9f4a22000 	C:\WINDOWS\WinSxS\amd64_microsoft.windows.common-controls_6595b64144ccf1df_6.0.26100.8875_none_3e0d5d42e32fe9dd\COMCTL32.dll
0x00007ffa0f820000 - 0x00007ffa0f847000 	C:\WINDOWS\System32\win32u.dll
0x00007ffa11a40000 - 0x00007ffa11ae9000 	C:\WINDOWS\System32\msvcrt.dll
0x00007ffa10d10000 - 0x00007ffa10d3b000 	C:\WINDOWS\System32\GDI32.dll
0x00007ffa0ff10000 - 0x00007ffa1003a000 	C:\WINDOWS\System32\gdi32full.dll
0x00007ffa10100000 - 0x00007ffa101a3000 	C:\WINDOWS\System32\msvcp_win.dll
0x00007ffa11750000 - 0x00007ffa11782000 	C:\WINDOWS\System32\IMM32.DLL
0x00007ff9e0970000 - 0x00007ff9e097c000 	C:\Program Files\Java\jdk-26.0.1\bin\vcruntime140_1.dll
0x00007ff9deaa0000 - 0x00007ff9deb2d000 	C:\Program Files\Java\jdk-26.0.1\bin\msvcp140.dll
0x00007ff9ddbd0000 - 0x00007ff9dea9e000 	C:\Program Files\Java\jdk-26.0.1\bin\server\jvm.dll
0x00007ffa11010000 - 0x00007ffa110c7000 	C:\WINDOWS\System32\ADVAPI32.dll
0x00007ffa110d0000 - 0x00007ffa1117a000 	C:\WINDOWS\System32\sechost.dll
0x00007ffa12390000 - 0x00007ffa124a8000 	C:\WINDOWS\System32\RPCRT4.dll
0x00007ffa122f0000 - 0x00007ffa12370000 	C:\WINDOWS\System32\WS2_32.dll
0x00007ffa0f680000 - 0x00007ffa0f6de000 	C:\WINDOWS\SYSTEM32\POWRPROF.dll
0x00007ff9fa830000 - 0x00007ff9fa866000 	C:\WINDOWS\SYSTEM32\WINMM.dll
0x00007ffa03a60000 - 0x00007ffa03a6b000 	C:\WINDOWS\SYSTEM32\VERSION.dll
0x00007ffa0f660000 - 0x00007ffa0f674000 	C:\WINDOWS\SYSTEM32\UMPDC.dll
0x00007ffa0e4c0000 - 0x00007ffa0e4db000 	C:\WINDOWS\SYSTEM32\kernel.appcore.dll
0x00007ff9dd060000 - 0x00007ff9dd06a000 	C:\Program Files\Java\jdk-26.0.1\bin\jimage.dll
0x00007ffa09d80000 - 0x00007ffa09fc2000 	C:\WINDOWS\SYSTEM32\DBGHELP.DLL
0x00007ffa11180000 - 0x00007ffa11503000 	C:\WINDOWS\System32\combase.dll
0x00007ffa10430000 - 0x00007ffa10509000 	C:\WINDOWS\System32\OLEAUT32.dll
0x00007ff9e9980000 - 0x00007ff9e99bb000 	C:\WINDOWS\SYSTEM32\dbgcore.DLL
0x00007ffa0f8e0000 - 0x00007ffa0f98c000 	C:\WINDOWS\System32\bcryptPrimitives.dll
0x00007ff9dcf70000 - 0x00007ff9dcf8f000 	C:\Program Files\Java\jdk-26.0.1\bin\java.dll
0x00007ffa11fb0000 - 0x00007ffa12149000 	C:\WINDOWS\System32\ole32.dll
0x00007ffa10570000 - 0x00007ffa10d02000 	C:\WINDOWS\System32\SHELL32.dll
0x00007ffa0d2a0000 - 0x00007ffa0db32000 	C:\WINDOWS\SYSTEM32\windows.storage.dll
0x00007ffa10f00000 - 0x00007ffa10ff7000 	C:\WINDOWS\System32\SHCORE.dll
0x00007ffa11510000 - 0x00007ffa11577000 	C:\WINDOWS\System32\shlwapi.dll
0x00007ffa0f740000 - 0x00007ffa0f769000 	C:\WINDOWS\SYSTEM32\profapi.dll
0x00007ff9db510000 - 0x00007ff9db522000 	C:\Program Files\Java\jdk-26.0.1\bin\net.dll
0x00007ffa0ea50000 - 0x00007ffa0eabc000 	C:\WINDOWS\system32\mswsock.dll
0x00007ff9db4f0000 - 0x00007ff9db506000 	C:\Program Files\Java\jdk-26.0.1\bin\nio.dll
0x00007ff9db490000 - 0x00007ff9db4a7000 	C:\Program Files\Java\jdk-26.0.1\bin\zip.dll
0x00007ff9f5af0000 - 0x00007ff9f5b14000 	C:\Program Files\NetBeans-30\netbeans\java\maven\lib\jansi-native\Windows\x86_64\jansi.dll
0x00007ff9d6d90000 - 0x00007ff9d6da0000 	C:\Program Files\Java\jdk-26.0.1\bin\verify.dll

JVMTI agents: none

dbghelp: loaded successfully - version: 4.0.5 - missing functions: none
symbol engine: initialized successfully - sym options: 0x614 - pdb path: .;C:\Program Files\Java\jdk-26.0.1\bin;C:\WINDOWS\SYSTEM32;C:\WINDOWS\WinSxS\amd64_microsoft.windows.common-controls_6595b64144ccf1df_6.0.26100.8875_none_3e0d5d42e32fe9dd;C:\Program Files\Java\jdk-26.0.1\bin\server;C:\Program Files\NetBeans-30\netbeans\java\maven\lib\jansi-native\Windows\x86_64

VM Arguments:
jvm_args: --enable-native-access=ALL-UNNAMED -Dclassworlds.conf=C:\Program Files\NetBeans-30\netbeans\java\maven\bin\m2.conf -Dmaven.home=C:\Program Files\NetBeans-30\netbeans\java\maven -Dlibrary.jansi.path=C:\Program Files\NetBeans-30\netbeans\java\maven\lib\jansi-native -Dmaven.multiModuleProjectDirectory=D:\NEOTEMP\CODE\SHIPSHUK\BULBULLER\bb-rest-api\v2_maven\bb-rest-api 
java_command: org.codehaus.plexus.classworlds.launcher.Launcher -Dmaven.ext.class.path=C:\Program Files\NetBeans-30\netbeans\java\maven-nblib\netbeans-eventspy.jar --no-transfer-progress clean install -f pom-all.xml
java_class_path (initial): C:\Program Files\NetBeans-30\netbeans\java\maven\boot\plexus-classworlds-2.9.0.jar
Launcher Type: SUN_STANDARD

[Global flags]
     bool AOTAdapterCaching                        = false                                  {diagnostic} {ergonomic}
     bool AOTInvokeDynamicLinking                  = false                                  {diagnostic} {ergonomic}
     bool AOTRecordTraining                        = false                                  {diagnostic} {ergonomic}
     bool AOTReplayTraining                        = false                                  {diagnostic} {ergonomic}
     bool AOTStubCaching                           = false                                  {diagnostic} {ergonomic}
     intx CICompilerCount                          = 4                                         {product} {ergonomic}
     uint ConcGCThreads                            = 2                                         {product} {ergonomic}
     uint G1ConcRefinementThreads                  = 8                                         {product} {ergonomic}
     uint G1EagerReclaimRemSetThreshold            = 16                                   {experimental} {ergonomic}
   size_t G1HeapRegionSize                         = 2097152                                   {product} {ergonomic}
     uint G1RemSetArrayOfCardsEntries              = 16                                   {experimental} {ergonomic}
     uint G1RemSetHowlMaxNumBuckets                = 8                                    {experimental} {ergonomic}
     uint G1RemSetHowlNumBuckets                   = 8                                    {experimental} {ergonomic}
   size_t InitialHeapSize                          = 8388608                                   {product} {ergonomic}
     bool IntelJccErratumMitigation                = true                              {ARCH diagnostic} {ergonomic}
   size_t MarkStackSize                            = 4194304                                   {product} {ergonomic}
   size_t MarkStackSizeMax                         = 536870912                                 {product} {ergonomic}
   size_t MaxHeapSize                              = 4253024256                                {product} {ergonomic}
   size_t MaxNewSize                               = 2550136832                                {product} {ergonomic}
 uint64_t MaxRAM                                   = 17007267840                               {product} {ergonomic}
   size_t MinHeapDeltaBytes                        = 2097152                                   {product} {ergonomic}
   size_t MinHeapSize                              = 8388608                                   {product} {ergonomic}
   size_t NonNMethodCodeHeapSize                   = 5898240                                {pd product} {ergonomic}
   size_t NonProfiledCodeHeapSize                  = 122945536                              {pd product} {ergonomic}
   size_t ProfiledCodeHeapSize                     = 122945536                              {pd product} {ergonomic}
   size_t ReservedCodeCacheSize                    = 251789312                              {pd product} {ergonomic}
     bool SegmentedCodeCache                       = true                                      {product} {ergonomic}
   size_t SoftMaxHeapSize                          = 4253024256                             {manageable} {ergonomic}
     bool UseCompressedOops                        = true                           {product lp64_product} {ergonomic}
     bool UseCondCardMark                          = true                                      {product} {ergonomic}
     bool UseFastUnorderedTimeStamps               = true                                 {experimental} {ergonomic}
     bool UseG1GC                                  = true                                      {product} {ergonomic}
     bool UseLargePagesIndividualAllocation        = false                                  {pd product} {ergonomic}
      int X86ICacheSync                            = 2                                 {ARCH diagnostic} {ergonomic}

Logging:
Log output configuration:
 #0: stdout all=warning uptime,level,tags foldmultilines=false
 #1: stderr all=off uptime,level,tags foldmultilines=false

Release file:
IMPLEMENTOR="Oracle Corporation" 
JAVA_RUNTIME_VERSION="26.0.1+8-34" 
JAVA_VERSION="26.0.1" 
JAVA_VERSION_DATE="2026-04-21" 
LIBC="default" 
MODULES="java.base java.compiler java.datatransfer java.xml java.prefs java.desktop java.instrument java.logging java.management java.security.sasl java.naming java.rmi java.management.rmi java.net.http java.scripting java.security.jgss java.transaction.xa java.sql java.sql.rowset java.xml.crypto java.se java.smartcardio jdk.accessibility jdk.internal.jvmstat jdk.attach jdk.charsets jdk.internal.opt jdk.zipfs jdk.compiler jdk.crypto.cryptoki jdk.crypto.ec jdk.crypto.mscapi jdk.dynalink jdk.internal.ed jdk.editpad jdk.internal.vm.ci jdk.graal.compiler jdk.graal.compiler.management jdk.hotspot.agent jdk.httpserver jdk.incubator.vector jdk.internal.le jdk.internal.md jdk.jartool jdk.javadoc jdk.jcmd jdk.management jdk.management.agent jdk.jconsole jdk.jdeps jdk.jdwp.agent jdk.jdi jdk.jfr jdk.jlink jdk.jpackage jdk.jshell jdk.jstatd jdk.localedata jdk.management.jfr jdk.naming.dns jdk.naming.rmi jdk.net jdk.nio.mapmode jdk.sctp jdk.security.auth jdk.security.jgss jdk.unsupported jdk.unsupported.desktop jdk.xml.dom" 
OS_ARCH="x86_64" 
OS_NAME="Windows" 
SOURCE=".:git:fcc00fc4aee7" 

Environment Variables:
JAVA_HOME=C:\Program Files\Java\jdk-26.0.1
PATH=%JAVA_HOME%\bin;C:\Windows\system32;C:\Windows;C:\Windows\System32\Wbem;C:\Windows\System32\WindowsPowerShell\v1.0\;C:\Windows\System32\OpenSSH\;C:\Program Files (x86)\NVIDIA Corporation\PhysX\Common;C:\Program Files\NVIDIA Corporation\NVIDIA NvDLISR;C:\Program Files\Java\jdk-26.0.1\bin;C:\Program Files\NetBeans-25\netbeans\extide\ant\bin;C:\Program Files\Common Files\Oracle\Java\javapath;C:\Program Files\OpenSSL-Win64\bin;C:\WINDOWS\system32;C:\WINDOWS;C:\WINDOWS\System32\Wbem;C:\WINDOWS\System32\WindowsPowerShell\v1.0\;C:\WINDOWS\System32\OpenSSH\;C:\Program Files\PuTTY\;C:\WINDOWS\system32\config\systemprofile\AppData\Local\Muse Hub\lib;C:\src\flutter\bin;C:\Program Files\Git\cmd;C:\Program Files\nodejs\;C:\Users\Administrator\AppData\Local\Programs\Python\Python313\Scripts\;C:\Users\Administrator\AppData\Local\Programs\Python\Python313\;C:\Program Files\MySQL\MySQL Shell 8.0\bin\;C:\Users\Administrator\AppData\Local\Microsoft\WindowsApps;C:\Users\Administrator\AppData\Local\Programs\Microsoft VS Code\bin;C:\Users\Administrator\AppData\Local\Muse Hub\lib;C:\Users\Administrator\AppData\Roaming\npm;C:\maven-3.9.16\bin;;C:\Program Files\NetBeans-30\netbeans\bin\
USERNAME=Administrator
OS=Windows_NT
PROCESSOR_IDENTIFIER=Intel64 Family 6 Model 142 Stepping 12, GenuineIntel
TMP=C:\Users\ADMINI~1\AppData\Local\Temp
TEMP=C:\Users\ADMINI~1\AppData\Local\Temp




Compilation memory statistics disabled.

Periodic native trim disabled

---------------  S Y S T E M  ---------------

OS:
 Windows 11 , 64 bit Build 26100 (10.0.26100.8875)
OS uptime: 5 days 1:30 hours
Hyper-V role detected

CPU: total 8 (initial active 8) (4 cores per cpu, 2 threads per core) family 6 model 142 stepping 12 microcode 0xde, cx8, cmov, fxsr, ht, mmx, 3dnowpref, sse, sse2, sse3, ssse3, sse4.1, sse4.2, popcnt, lzcnt, tsc, tscinvbit, avx, avx2, aes, erms, clmul, bmi1, bmi2, adx, fma, vzeroupper, clflush, clflushopt, hv, rdtscp, f16c
Processor Information for the first 8 processors :
  Max Mhz: 2304, Current Mhz: 1803, Mhz Limit: 1797

Memory: 4k page, system-wide physical 16219M (434M free)
TotalPageFile size 32219M (AvailPageFile size 7M)
current process WorkingSet (physical memory assigned to process): 534M, peak: 538M
current process commit charge ("private bytes"): 565M, peak: 589M

vm_info: OpenJDK 64-Bit Server VM (26.0.1+8-34) for windows-amd64 JRE (26.0.1+8-34), built on 2026-03-10T17:24:10Z with MS VC++ 17.13 (VS2022)

END.
